2026-10-04T14:27:14.0447443Z Current runner version: '2.337.0'
2026-10-04T14:27:14.0466702Z ##[group]Runner Image Provisioner
2026-10-04T14:27:14.0467318Z Hosted Compute Agent
2026-10-04T14:27:14.0467663Z Version: 20260901.588
2026-10-04T14:27:14.0468082Z Commit: f88ec8081b781fac6c440065ac7ff9e710ce3d0b
2026-10-04T14:27:14.0468555Z Build Date: 2026-09-01T19:56:44Z
2026-10-04T14:27:14.0468977Z Worker ID: {0185ee49-8905-4604-b609-4c2d8a361abc}
2026-10-04T14:27:14.0469393Z Azure Region: centralus
2026-10-04T14:27:14.0469741Z ##[endgroup]
2026-10-04T14:27:14.0470908Z ##[group]Operating System
2026-10-04T14:27:14.0471299Z Ubuntu
2026-10-04T14:27:14.0471600Z 24.04.5
2026-10-04T14:27:14.0471943Z LTS
2026-10-04T14:27:14.0472246Z ##[endgroup]
2026-10-04T14:27:14.0472589Z ##[group]Runner Image
2026-10-04T14:27:14.0472994Z Image: ubuntu-24.04
2026-10-04T14:27:14.0473312Z Version: 20260927.320.1
2026-10-04T14:27:14.0474239Z Included Software: https://github.com/actions/runner-images/blob/ubuntu24/20260927.320/images/ubuntu/Ubuntu2404-Readme.md
2026-10-04T14:27:14.0475105Z Image Release: https://github.com/actions/runner-images/releases/tag/ubuntu24%2F20260927.320
2026-10-04T14:27:14.0475657Z ##[endgroup]
2026-10-04T14:27:14.0476353Z ##[group]GITHUB_TOKEN Permissions
2026-10-04T14:27:14.0477776Z Contents: read
2026-10-04T14:27:14.0478097Z Metadata: read
2026-10-04T14:27:14.0478506Z Packages: read
2026-10-04T14:27:14.0478831Z ##[endgroup]
2026-10-04T14:27:14.0480270Z Secret source: Actions
2026-10-04T14:27:14.0480817Z Cache mode: write
2026-10-04T14:27:14.0481259Z Prepare workflow directory
2026-10-04T14:27:14.0707759Z Prepare all required actions
2026-10-04T14:27:14.0739300Z Getting action download info
2026-10-04T14:27:14.3352294Z Download action repository 'actions/setup-python@v5' (SHA:a26af69be951a213d495a4c3e4e4022e16d87065)
2026-10-04T14:27:14.4629653Z Download action repository 'actions/checkout@v5' (SHA:fbc6f3992d24b796d5a048ff273f7fcc4a7b6c09)
2026-10-04T14:27:14.4931603Z Download action repository 'actions/setup-java@v5' (SHA:b6effb05e454b25005698d916606bdc6ffcbf961)
2026-10-04T14:27:15.1268505Z Download action repository 'actions/upload-artifact@v4' (SHA:ea165f8d65b6e75b540449e92b4886f43607fa02)
2026-10-04T14:27:15.3457186Z Complete job name: build-17 (17)
2026-10-04T14:27:15.3937928Z ##[group]Run actions/setup-python@v5
2026-10-04T14:27:15.3938432Z with:
2026-10-04T14:27:15.3938682Z   python-version: 3.10
2026-10-04T14:27:15.3938958Z   check-latest: false
2026-10-04T14:27:15.3941102Z   token: ***
2026-10-04T14:27:15.3941364Z   update-environment: true
2026-10-04T14:27:15.3941654Z   allow-prereleases: false
2026-10-04T14:27:15.3941932Z   freethreaded: false
2026-10-04T14:27:15.3942256Z ##[endgroup]
2026-10-04T14:27:15.4895287Z ##[group]Installed versions
2026-10-04T14:27:15.4982168Z (node:1986) [DEP0040] DeprecationWarning: The `punycode` module is deprecated. Please use a userland alternative instead.
2026-10-04T14:27:15.4983443Z (Use `node --trace-deprecation ...` to show where the warning was created)
2026-10-04T14:27:15.4984332Z Successfully set up CPython (3.10.21)
2026-10-04T14:27:15.4985568Z ##[endgroup]
2026-10-04T14:27:15.5180042Z ##[group]Run python -m pip install --upgrade pip
2026-10-04T14:27:15.5180554Z [36;1mpython -m pip install --upgrade pip[0m
2026-10-04T14:27:15.5180916Z [36;1mpip install inotify[0m
2026-10-04T14:27:15.5424604Z shell: /usr/bin/bash -e {0}
2026-10-04T14:27:15.5425018Z env:
2026-10-04T14:27:15.5425370Z   pythonLocation: /opt/hostedtoolcache/Python/3.10.21/x64
2026-10-04T14:27:15.5425889Z   PKG_CONFIG_PATH: /opt/hostedtoolcache/Python/3.10.21/x64/lib/pkgconfig
2026-10-04T14:27:15.5426409Z   Python_ROOT_DIR: /opt/hostedtoolcache/Python/3.10.21/x64
2026-10-04T14:27:15.5426872Z   Python2_ROOT_DIR: /opt/hostedtoolcache/Python/3.10.21/x64
2026-10-04T14:27:15.5486190Z   Python3_ROOT_DIR: /opt/hostedtoolcache/Python/3.10.21/x64
2026-10-04T14:27:15.5486938Z   LD_LIBRARY_PATH: /opt/hostedtoolcache/Python/3.10.21/x64/lib
2026-10-04T14:27:15.5487401Z ##[endgroup]
2026-10-04T14:27:16.0876753Z Requirement already satisfied: pip in /opt/hostedtoolcache/Python/3.10.21/x64/lib/python3.10/site-packages (26.2.1)
2026-10-04T14:27:16.5638293Z Collecting inotify
2026-10-04T14:27:16.6442495Z   Downloading inotify-0.2.12-py2.py3-none-any.whl.metadata (7.2 kB)
2026-10-04T14:27:16.6662691Z Collecting build (from inotify)
2026-10-04T14:27:16.6767517Z   Downloading build-1.6.1-py3-none-any.whl.metadata (5.6 kB)
2026-10-04T14:27:16.6979492Z Collecting packaging>=24.0 (from build->inotify)
2026-10-04T14:27:16.7084559Z   Downloading packaging-26.3-py3-none-any.whl.metadata (3.5 kB)
2026-10-04T14:27:16.7246966Z Collecting pyproject_hooks (from build->inotify)
2026-10-04T14:27:16.7352098Z   Downloading pyproject_hooks-1.3.3-py3-none-any.whl.metadata (1.3 kB)
2026-10-04T14:27:16.7796563Z Collecting tomli>=1.1.0 (from build->inotify)
2026-10-04T14:27:16.7903418Z   Downloading tomli-2.4.1-py3-none-any.whl.metadata (10 kB)
2026-10-04T14:27:16.8056598Z Downloading inotify-0.2.12-py2.py3-none-any.whl (20 kB)
2026-10-04T14:27:16.8201754Z Downloading build-1.6.1-py3-none-any.whl (31 kB)
2026-10-04T14:27:16.8348829Z Downloading packaging-26.3-py3-none-any.whl (129 kB)
2026-10-04T14:27:16.8575051Z Downloading tomli-2.4.1-py3-none-any.whl (14 kB)
2026-10-04T14:27:16.8699919Z Downloading pyproject_hooks-1.3.3-py3-none-any.whl (10 kB)
2026-10-04T14:27:16.8966671Z Installing collected packages: tomli, pyproject_hooks, packaging, build, inotify
2026-10-04T14:27:17.0175200Z 
2026-10-04T14:27:17.0199346Z Successfully installed build-1.6.1 inotify-0.2.12 packaging-26.3 pyproject_hooks-1.3.3 tomli-2.4.1
2026-10-04T14:27:17.1261045Z ##[group]Run python3 -c "
2026-10-04T14:27:17.1261274Z [36;1mpython3 -c "[0m
2026-10-04T14:27:17.1261437Z [36;1mimport inotify.adapters[0m
2026-10-04T14:27:17.1261614Z [36;1mimport inotify.constants[0m
2026-10-04T14:27:17.1261783Z [36;1mimport os[0m
2026-10-04T14:27:17.1261961Z [36;1mfrom datetime import datetime, timezone[0m
2026-10-04T14:27:17.1262248Z [36;1mwith open('/home/runner/inotifywait-log-build-17 (17).csv', 'w') as log_file:[0m
2026-10-04T14:27:17.1262702Z [36;1m  i = inotify.adapters.InotifyTree('/home/runner/work/JSON-java/JSON-java', inotify.constants.IN_CREATE | inotify.constants.IN_ACCESS)[0m
2026-10-04T14:27:17.1263078Z [36;1m  for event in i.event_gen(yield_nones=False):[0m
2026-10-04T14:27:17.1263296Z [36;1m    (_, type_names, path, filename) = event[0m
2026-10-04T14:27:17.1263547Z [36;1m    now = datetime.now(timezone.utc).strftime('%Y-%m-%dT%H:%M:%S.%f') + 'Z'[0m
2026-10-04T14:27:17.1263961Z [36;1m    events = ','.join(type_names)[0m
2026-10-04T14:27:17.1264242Z [36;1m    log_file.write(f'{now};{path};{filename};{events}\n')[0m
2026-10-04T14:27:17.1264481Z [36;1m    log_file.flush()[0m
2026-10-04T14:27:17.1264650Z [36;1m    os.fsync(log_file.fileno())[0m
2026-10-04T14:27:17.1264820Z [36;1m" &[0m
2026-10-04T14:27:17.1319829Z shell: /usr/bin/bash -e {0}
2026-10-04T14:27:17.1320026Z env:
2026-10-04T14:27:17.1320221Z   pythonLocation: /opt/hostedtoolcache/Python/3.10.21/x64
2026-10-04T14:27:17.1320508Z   PKG_CONFIG_PATH: /opt/hostedtoolcache/Python/3.10.21/x64/lib/pkgconfig
2026-10-04T14:27:17.1320777Z   Python_ROOT_DIR: /opt/hostedtoolcache/Python/3.10.21/x64
2026-10-04T14:27:17.1321012Z   Python2_ROOT_DIR: /opt/hostedtoolcache/Python/3.10.21/x64
2026-10-04T14:27:17.1321248Z   Python3_ROOT_DIR: /opt/hostedtoolcache/Python/3.10.21/x64
2026-10-04T14:27:17.1321497Z   LD_LIBRARY_PATH: /opt/hostedtoolcache/Python/3.10.21/x64/lib
2026-10-04T14:27:17.1321702Z ##[endgroup]
2026-10-04T14:27:22.1477116Z ##[group]Run actions/checkout@v5
2026-10-04T14:27:22.1477312Z with:
2026-10-04T14:27:22.1477446Z   repository: atanuroy911/JSON-java
2026-10-04T14:27:22.1478988Z   token: ***
2026-10-04T14:27:22.1479109Z   ssh-strict: true
2026-10-04T14:27:22.1479236Z   ssh-user: git
2026-10-04T14:27:22.1479359Z   persist-credentials: true
2026-10-04T14:27:22.1479490Z   clean: true
2026-10-04T14:27:22.1479619Z   sparse-checkout-cone-mode: true
2026-10-04T14:27:22.1479778Z   fetch-depth: 1
2026-10-04T14:27:22.1479902Z   fetch-tags: false
2026-10-04T14:27:22.1480160Z   show-progress: true
2026-10-04T14:27:22.1480281Z   lfs: false
2026-10-04T14:27:22.1480391Z   submodules: false
2026-10-04T14:27:22.1480508Z   set-safe-directory: true
2026-10-04T14:27:22.1480655Z   allow-unsafe-pr-checkout: false
2026-10-04T14:27:22.1480807Z env:
2026-10-04T14:27:22.1480957Z   pythonLocation: /opt/hostedtoolcache/Python/3.10.21/x64
2026-10-04T14:27:22.1481219Z   PKG_CONFIG_PATH: /opt/hostedtoolcache/Python/3.10.21/x64/lib/pkgconfig
2026-10-04T14:27:22.1481456Z   Python_ROOT_DIR: /opt/hostedtoolcache/Python/3.10.21/x64
2026-10-04T14:27:22.1481675Z   Python2_ROOT_DIR: /opt/hostedtoolcache/Python/3.10.21/x64
2026-10-04T14:27:22.1481891Z   Python3_ROOT_DIR: /opt/hostedtoolcache/Python/3.10.21/x64
2026-10-04T14:27:22.1482097Z   LD_LIBRARY_PATH: /opt/hostedtoolcache/Python/3.10.21/x64/lib
2026-10-04T14:27:22.1482279Z ##[endgroup]
2026-10-04T14:27:22.2069134Z Syncing repository: atanuroy911/JSON-java
2026-10-04T14:27:22.2070163Z ##[group]Getting Git version info
2026-10-04T14:27:22.2070841Z Working directory is '/home/runner/work/JSON-java/JSON-java'
2026-10-04T14:27:22.2108645Z [command]/usr/bin/git version
2026-10-04T14:27:22.2220677Z git version 2.55.0
2026-10-04T14:27:22.2236240Z ##[endgroup]
2026-10-04T14:27:22.2248853Z Temporarily overriding HOME='/home/runner/work/_temp/1f4a09d8-5a9e-4231-8437-56006d0e922c' before making global git config changes
2026-10-04T14:27:22.2249707Z Adding repository directory to the temporary git global config as a safe directory
2026-10-04T14:27:22.2254561Z [command]/usr/bin/git config --global --add safe.directory /home/runner/work/JSON-java/JSON-java
2026-10-04T14:27:22.2305623Z Deleting the contents of '/home/runner/work/JSON-java/JSON-java'
2026-10-04T14:27:22.2308744Z ##[group]Initializing the repository
2026-10-04T14:27:22.2313388Z [command]/usr/bin/git init /home/runner/work/JSON-java/JSON-java
2026-10-04T14:27:22.2439760Z hint: Using 'master' as the name for the initial branch. This default branch name
2026-10-04T14:27:22.2440240Z hint: will change to "main" in Git 3.0. To configure the initial branch name
2026-10-04T14:27:22.2440693Z hint: to use in all of your new repositories, which will suppress this warning,
2026-10-04T14:27:22.2441030Z hint: call:
2026-10-04T14:27:22.2441199Z hint:
2026-10-04T14:27:22.2441476Z hint: 	git config --global init.defaultBranch <name>
2026-10-04T14:27:22.2441759Z hint:
2026-10-04T14:27:22.2442040Z hint: Names commonly chosen instead of 'master' are 'main', 'trunk' and
2026-10-04T14:27:22.2442476Z hint: 'development'. The just-created branch can be renamed via this command:
2026-10-04T14:27:22.2442846Z hint:
2026-10-04T14:27:22.2443038Z hint: 	git branch -m <name>
2026-10-04T14:27:22.2443239Z hint:
2026-10-04T14:27:22.2443575Z hint: Disable this message with "git config set advice.defaultBranchName false"
2026-10-04T14:27:22.2447969Z Initialized empty Git repository in /home/runner/work/JSON-java/JSON-java/.git/
2026-10-04T14:27:22.2459942Z [command]/usr/bin/git remote add origin https://github.com/atanuroy911/JSON-java
2026-10-04T14:27:22.2522965Z ##[endgroup]
2026-10-04T14:27:22.2523367Z ##[group]Disabling automatic garbage collection
2026-10-04T14:27:22.2528084Z [command]/usr/bin/git config --local gc.auto 0
2026-10-04T14:27:22.2568680Z ##[endgroup]
2026-10-04T14:27:22.2569235Z ##[group]Setting up auth
2026-10-04T14:27:22.2578162Z [command]/usr/bin/git config --local --name-only --get-regexp core\.sshCommand
2026-10-04T14:27:22.2618561Z [command]/usr/bin/git submodule foreach --recursive sh -c "git config --local --name-only --get-regexp 'core\.sshCommand' && git config --local --unset-all 'core.sshCommand' || :"
2026-10-04T14:27:22.2930936Z [command]/usr/bin/git config --local --name-only --get-regexp http\.https\:\/\/github\.com\/\.extraheader
2026-10-04T14:27:22.2966893Z [command]/usr/bin/git submodule foreach --recursive sh -c "git config --local --name-only --get-regexp 'http\.https\:\/\/github\.com\/\.extraheader' && git config --local --unset-all 'http.https://github.com/.extraheader' || :"
2026-10-04T14:27:22.3165554Z [command]/usr/bin/git config --local --name-only --get-regexp ^includeIf\.gitdir:
2026-10-04T14:27:22.3199989Z [command]/usr/bin/git submodule foreach --recursive git config --local --show-origin --name-only --get-regexp remote.origin.url
2026-10-04T14:27:22.3394979Z [command]/usr/bin/git config --local http.https://github.com/.extraheader AUTHORIZATION: basic ***
2026-10-04T14:27:22.3444144Z ##[endgroup]
2026-10-04T14:27:22.3444639Z ##[group]Fetching the repository
2026-10-04T14:27:22.3451778Z [command]/usr/bin/git -c protocol.version=2 fetch --no-tags --prune --no-recurse-submodules --depth=1 origin +6ed923aa8a06c0fc1f9e566ab7a88a04f1785f20:refs/remotes/origin/optcd-run
2026-10-04T14:27:22.8251815Z From https://github.com/atanuroy911/JSON-java
2026-10-04T14:27:22.8252372Z  * [new ref]         6ed923aa8a06c0fc1f9e566ab7a88a04f1785f20 -> origin/optcd-run
2026-10-04T14:27:22.8257575Z ##[endgroup]
2026-10-04T14:27:22.8257986Z ##[group]Determining the checkout info
2026-10-04T14:27:22.8258470Z ##[endgroup]
2026-10-04T14:27:22.8265017Z [command]/usr/bin/git sparse-checkout disable
2026-10-04T14:27:22.8324225Z [command]/usr/bin/git config --local --unset-all extensions.worktreeConfig
2026-10-04T14:27:22.8363515Z ##[group]Checking out the ref
2026-10-04T14:27:22.8369640Z [command]/usr/bin/git checkout --progress --force -B optcd-run refs/remotes/origin/optcd-run
2026-10-04T14:27:22.8536400Z Switched to a new branch 'optcd-run'
2026-10-04T14:27:22.8543326Z branch 'optcd-run' set up to track 'origin/optcd-run'.
2026-10-04T14:27:22.8554572Z ##[endgroup]
2026-10-04T14:27:22.8596136Z [command]/usr/bin/git log -1 --format=%H
2026-10-04T14:27:22.8623453Z 6ed923aa8a06c0fc1f9e566ab7a88a04f1785f20
2026-10-04T14:27:22.8745925Z ##[group]Run touch optcd-3.txt
2026-10-04T14:27:22.8746189Z [36;1mtouch optcd-3.txt[0m
2026-10-04T14:27:22.8799381Z shell: /usr/bin/bash -e {0}
2026-10-04T14:27:22.8799538Z env:
2026-10-04T14:27:22.8799703Z   pythonLocation: /opt/hostedtoolcache/Python/3.10.21/x64
2026-10-04T14:27:22.8799966Z   PKG_CONFIG_PATH: /opt/hostedtoolcache/Python/3.10.21/x64/lib/pkgconfig
2026-10-04T14:27:22.8800203Z   Python_ROOT_DIR: /opt/hostedtoolcache/Python/3.10.21/x64
2026-10-04T14:27:22.8800416Z   Python2_ROOT_DIR: /opt/hostedtoolcache/Python/3.10.21/x64
2026-10-04T14:27:22.8800626Z   Python3_ROOT_DIR: /opt/hostedtoolcache/Python/3.10.21/x64
2026-10-04T14:27:22.8800840Z   LD_LIBRARY_PATH: /opt/hostedtoolcache/Python/3.10.21/x64/lib
2026-10-04T14:27:22.8801026Z ##[endgroup]
2026-10-04T14:27:22.8961816Z ##[group]Run actions/setup-java@v5
2026-10-04T14:27:22.8961985Z with:
2026-10-04T14:27:22.8962109Z   distribution: temurin
2026-10-04T14:27:22.8962240Z   java-version: 17
2026-10-04T14:27:22.8962360Z   cache: maven
2026-10-04T14:27:22.8962477Z   java-package: jdk
2026-10-04T14:27:22.8962605Z   check-latest: false
2026-10-04T14:27:22.8962731Z   set-default: true
2026-10-04T14:27:22.9010591Z   verify-signature: false
2026-10-04T14:27:22.9010776Z   server-id: github
2026-10-04T14:27:22.9010913Z   server-username: GITHUB_ACTOR
2026-10-04T14:27:22.9011107Z   server-password: GITHUB_TOKEN
2026-10-04T14:27:22.9011254Z   overwrite-settings: true
2026-10-04T14:27:22.9011389Z   job-status: success
2026-10-04T14:27:22.9013061Z   token: ***
2026-10-04T14:27:22.9013203Z   show-download-progress: false
2026-10-04T14:27:22.9013358Z env:
2026-10-04T14:27:22.9013544Z   pythonLocation: /opt/hostedtoolcache/Python/3.10.21/x64
2026-10-04T14:27:22.9014003Z   PKG_CONFIG_PATH: /opt/hostedtoolcache/Python/3.10.21/x64/lib/pkgconfig
2026-10-04T14:27:22.9014244Z   Python_ROOT_DIR: /opt/hostedtoolcache/Python/3.10.21/x64
2026-10-04T14:27:22.9014479Z   Python2_ROOT_DIR: /opt/hostedtoolcache/Python/3.10.21/x64
2026-10-04T14:27:22.9014700Z   Python3_ROOT_DIR: /opt/hostedtoolcache/Python/3.10.21/x64
2026-10-04T14:27:22.9014920Z   LD_LIBRARY_PATH: /opt/hostedtoolcache/Python/3.10.21/x64/lib
2026-10-04T14:27:22.9015112Z ##[endgroup]
2026-10-04T14:27:23.0100974Z ##[group]Installed distributions
2026-10-04T14:27:23.0150804Z Resolved Java 17.0.20+1 from tool-cache
2026-10-04T14:27:23.0151566Z Setting Java 17.0.20+1 as the default
2026-10-04T14:27:23.0158285Z Creating toolchains.xml for JDK version 17 from temurin
2026-10-04T14:27:23.0207258Z Writing to /home/runner/.m2/toolchains.xml
2026-10-04T14:27:23.0207615Z 
2026-10-04T14:27:23.0207719Z Java configuration:
2026-10-04T14:27:23.0207928Z   Distribution: temurin
2026-10-04T14:27:23.0208126Z   Version: 17.0.20+1
2026-10-04T14:27:23.0208462Z   Path: /opt/hostedtoolcache/Java_Temurin-Hotspot_jdk/17.0.20-1/x64
2026-10-04T14:27:23.0208709Z 
2026-10-04T14:27:23.0209086Z ##[endgroup]
2026-10-04T14:27:23.0229554Z Creating settings.xml with server-id: github
2026-10-04T14:27:23.0229913Z Writing to /home/runner/.m2/settings.xml
2026-10-04T14:27:23.0244909Z Configured MAVEN_ARGS to include -ntp to suppress Maven transfer progress logs. Set 'show-download-progress: true' to keep the download progress output.
2026-10-04T14:27:23.2030225Z Cache hit for: setup-java-Linux-x64-maven-40ec934311391a1ed94a0338139b7f537e4a16010256806a0a9af7d3f3fc2790
2026-10-04T14:27:24.1215811Z Received 71197141 of 71197141 (100.0%), 88.9 MBs/sec
2026-10-04T14:27:24.1216281Z Cache Size: ~68 MB (71197141 B)
2026-10-04T14:27:24.1243983Z [command]/usr/bin/tar -xf /home/runner/work/_temp/72c9fd58-0893-4bda-89f2-bf8d4fbaa2e9/cache.tzst -P -C /home/runner/work/JSON-java/JSON-java --use-compress-program unzstd
2026-10-04T14:27:24.2873559Z Cache restored successfully
2026-10-04T14:27:24.2919532Z Cache restored from key: setup-java-Linux-x64-maven-40ec934311391a1ed94a0338139b7f537e4a16010256806a0a9af7d3f3fc2790
2026-10-04T14:27:24.3173682Z ##[group]Run touch optcd-4.txt
2026-10-04T14:27:24.3174091Z [36;1mtouch optcd-4.txt[0m
2026-10-04T14:27:24.3233160Z shell: /usr/bin/bash -e {0}
2026-10-04T14:27:24.3233320Z env:
2026-10-04T14:27:24.3233484Z   pythonLocation: /opt/hostedtoolcache/Python/3.10.21/x64
2026-10-04T14:27:24.3233735Z   PKG_CONFIG_PATH: /opt/hostedtoolcache/Python/3.10.21/x64/lib/pkgconfig
2026-10-04T14:27:24.3234217Z   Python_ROOT_DIR: /opt/hostedtoolcache/Python/3.10.21/x64
2026-10-04T14:27:24.3234532Z   Python2_ROOT_DIR: /opt/hostedtoolcache/Python/3.10.21/x64
2026-10-04T14:27:24.3234751Z   Python3_ROOT_DIR: /opt/hostedtoolcache/Python/3.10.21/x64
2026-10-04T14:27:24.3234975Z   LD_LIBRARY_PATH: /opt/hostedtoolcache/Python/3.10.21/x64/lib
2026-10-04T14:27:24.3235296Z   JAVA_HOME: /opt/hostedtoolcache/Java_Temurin-Hotspot_jdk/17.0.20-1/x64
2026-10-04T14:27:24.3235568Z   JAVA_HOME_17_X64: /opt/hostedtoolcache/Java_Temurin-Hotspot_jdk/17.0.20-1/x64
2026-10-04T14:27:24.3235806Z   MAVEN_ARGS: -ntp
2026-10-04T14:27:24.3235987Z ##[endgroup]
2026-10-04T14:27:24.3357459Z ##[group]Run mvn clean compile -D maven.compiler.source=17 -D maven.compiler.target=17 -D maven.test.skip=true -D maven.site.skip=true -D maven.javadoc.skip=true
2026-10-04T14:27:24.3358201Z [36;1mmvn clean compile -D maven.compiler.source=17 -D maven.compiler.target=17 -D maven.test.skip=true -D maven.site.skip=true -D maven.javadoc.skip=true[0m
2026-10-04T14:27:24.3414754Z shell: /usr/bin/bash -e {0}
2026-10-04T14:27:24.3414913Z env:
2026-10-04T14:27:24.3415146Z   pythonLocation: /opt/hostedtoolcache/Python/3.10.21/x64
2026-10-04T14:27:24.3415417Z   PKG_CONFIG_PATH: /opt/hostedtoolcache/Python/3.10.21/x64/lib/pkgconfig
2026-10-04T14:27:24.3415662Z   Python_ROOT_DIR: /opt/hostedtoolcache/Python/3.10.21/x64
2026-10-04T14:27:24.3415880Z   Python2_ROOT_DIR: /opt/hostedtoolcache/Python/3.10.21/x64
2026-10-04T14:27:24.3416125Z   Python3_ROOT_DIR: /opt/hostedtoolcache/Python/3.10.21/x64
2026-10-04T14:27:24.3416426Z   LD_LIBRARY_PATH: /opt/hostedtoolcache/Python/3.10.21/x64/lib
2026-10-04T14:27:24.3416703Z   JAVA_HOME: /opt/hostedtoolcache/Java_Temurin-Hotspot_jdk/17.0.20-1/x64
2026-10-04T14:27:24.3416968Z   JAVA_HOME_17_X64: /opt/hostedtoolcache/Java_Temurin-Hotspot_jdk/17.0.20-1/x64
2026-10-04T14:27:24.3417285Z   MAVEN_ARGS: -ntp
2026-10-04T14:27:24.3417414Z ##[endgroup]
2026-10-04T14:27:27.2290493Z [INFO] Scanning for projects...
2026-10-04T14:27:27.8401451Z [INFO] Inspecting build with total of 1 modules
2026-10-04T14:27:27.8409812Z [INFO] Installing Central Publishing features
2026-10-04T14:27:27.8501353Z [INFO] 
2026-10-04T14:27:27.8501917Z [INFO] ---------------------------< org.json:json >----------------------------
2026-10-04T14:27:27.8502520Z [INFO] Building JSON in Java 20260814
2026-10-04T14:27:27.8503067Z [INFO]   from pom.xml
2026-10-04T14:27:27.8503919Z [INFO] -------------------------------[ bundle ]-------------------------------
2026-10-04T14:27:27.8645843Z [WARNING] Ignoring incompatible plugin version 4.0.0-beta-1: 
2026-10-04T14:27:27.8646674Z The plugin org.apache.maven.plugins:maven-resources-plugin:4.0.0-beta-1 has unmet prerequisites: 
2026-10-04T14:27:27.8665072Z 	Required Maven version 4.0.0-beta-3 is not met by current version 3.9.16
2026-10-04T14:27:27.8667152Z [INFO] Latest version of plugin org.apache.maven.plugins:maven-resources-plugin failed compatibility check
2026-10-04T14:27:27.8668105Z [INFO] Looking for compatible RELEASE version of plugin org.apache.maven.plugins:maven-resources-plugin
2026-10-04T14:27:27.8735640Z [INFO] Selected plugin org.apache.maven.plugins:maven-resources-plugin:3.5.0
2026-10-04T14:27:27.8906026Z [WARNING] Ignoring incompatible plugin version 4.0.0-beta-3: 
2026-10-04T14:27:27.8906660Z The plugin org.apache.maven.plugins:maven-install-plugin:4.0.0-beta-3 has unmet prerequisites: 
2026-10-04T14:27:27.8924969Z 	Required Maven version 4.0.0-rc-6 is not met by current version 3.9.16
2026-10-04T14:27:27.8939728Z [INFO] Latest version of plugin org.apache.maven.plugins:maven-install-plugin failed compatibility check
2026-10-04T14:27:27.8940514Z [INFO] Looking for compatible RELEASE version of plugin org.apache.maven.plugins:maven-install-plugin
2026-10-04T14:27:27.8977535Z [WARNING] Ignoring incompatible plugin version 4.0.0-beta-2: 
2026-10-04T14:27:27.8978278Z The plugin org.apache.maven.plugins:maven-install-plugin:4.0.0-beta-2 has unmet prerequisites: 
2026-10-04T14:27:27.8979255Z 	Required Maven version 4.0.0-rc-2 is not met by current version 3.9.16
2026-10-04T14:27:27.9006111Z [WARNING] Ignoring incompatible plugin version 4.0.0-beta-1: 
2026-10-04T14:27:27.9006868Z The plugin org.apache.maven.plugins:maven-install-plugin:4.0.0-beta-1 has unmet prerequisites: 
2026-10-04T14:27:27.9007645Z 	Required Maven version 4.0.0-beta-3 is not met by current version 3.9.16
2026-10-04T14:27:27.9040135Z [INFO] Selected plugin org.apache.maven.plugins:maven-install-plugin:3.2.0
2026-10-04T14:27:27.9087224Z [WARNING] Ignoring incompatible plugin version 4.0.0-beta-3: 
2026-10-04T14:27:27.9100507Z The plugin org.apache.maven.plugins:maven-deploy-plugin:4.0.0-beta-3 has unmet prerequisites: 
2026-10-04T14:27:27.9101688Z 	Required Maven version 4.0.0-rc-6 is not met by current version 3.9.16
2026-10-04T14:27:27.9102571Z [INFO] Latest version of plugin org.apache.maven.plugins:maven-deploy-plugin failed compatibility check
2026-10-04T14:27:27.9103369Z [INFO] Looking for compatible RELEASE version of plugin org.apache.maven.plugins:maven-deploy-plugin
2026-10-04T14:27:27.9129610Z [WARNING] Ignoring incompatible plugin version 4.0.0-beta-2: 
2026-10-04T14:27:27.9130296Z The plugin org.apache.maven.plugins:maven-deploy-plugin:4.0.0-beta-2 has unmet prerequisites: 
2026-10-04T14:27:27.9131067Z 	Required Maven version 4.0.0-rc-2 is not met by current version 3.9.16
2026-10-04T14:27:27.9155722Z [WARNING] Ignoring incompatible plugin version 4.0.0-beta-1: 
2026-10-04T14:27:27.9156422Z The plugin org.apache.maven.plugins:maven-deploy-plugin:4.0.0-beta-1 has unmet prerequisites: 
2026-10-04T14:27:27.9161160Z 	Required Maven version 4.0.0-beta-3 is not met by current version 3.9.16
2026-10-04T14:27:27.9191280Z [INFO] Selected plugin org.apache.maven.plugins:maven-deploy-plugin:3.2.0
2026-10-04T14:27:27.9693315Z [INFO] 
2026-10-04T14:27:27.9694114Z [INFO] --- clean:3.2.0:clean (default-clean) @ json ---
2026-10-04T14:27:28.0120476Z [INFO] 
2026-10-04T14:27:28.0136335Z [INFO] --- resources:3.5.0:resources (default-resources) @ json ---
2026-10-04T14:27:28.0535283Z [INFO] skip non existing resourceDirectory /home/runner/work/JSON-java/JSON-java/src/main/resources
2026-10-04T14:27:28.0536658Z [INFO] 
2026-10-04T14:27:28.0565201Z [INFO] --- compiler:3.11.0:compile (default-compile) @ json ---
2026-10-04T14:27:28.1368555Z [INFO] Changes detected - recompiling the module! :source
2026-10-04T14:27:28.1394446Z [INFO] Compiling 26 source files with javac [debug target 1.8] to target/classes
2026-10-04T14:27:29.0753989Z [WARNING] bootstrap class path not set in conjunction with -source 8
2026-10-04T14:27:29.0754829Z [INFO] /home/runner/work/JSON-java/JSON-java/src/main/java/org/json/JSONMLParserConfiguration.java: Some input files use or override a deprecated API.
2026-10-04T14:27:29.0755749Z [INFO] /home/runner/work/JSON-java/JSON-java/src/main/java/org/json/JSONMLParserConfiguration.java: Recompile with -Xlint:deprecation for details.
2026-10-04T14:27:29.0756413Z [INFO] ------------------------------------------------------------------------
2026-10-04T14:27:29.0756739Z [INFO] BUILD SUCCESS
2026-10-04T14:27:29.0757034Z [INFO] ------------------------------------------------------------------------
2026-10-04T14:27:29.0758642Z [INFO] Total time:  1.868 s
2026-10-04T14:27:29.0759377Z [INFO] Finished at: 2026-10-04T14:27:29Z
2026-10-04T14:27:29.0759839Z [INFO] ------------------------------------------------------------------------
2026-10-04T14:27:29.1030743Z ##[group]Run touch optcd-5.txt
2026-10-04T14:27:29.1030950Z [36;1mtouch optcd-5.txt[0m
2026-10-04T14:27:29.1082119Z shell: /usr/bin/bash -e {0}
2026-10-04T14:27:29.1082274Z env:
2026-10-04T14:27:29.1082436Z   pythonLocation: /opt/hostedtoolcache/Python/3.10.21/x64
2026-10-04T14:27:29.1082679Z   PKG_CONFIG_PATH: /opt/hostedtoolcache/Python/3.10.21/x64/lib/pkgconfig
2026-10-04T14:27:29.1082913Z   Python_ROOT_DIR: /opt/hostedtoolcache/Python/3.10.21/x64
2026-10-04T14:27:29.1083124Z   Python2_ROOT_DIR: /opt/hostedtoolcache/Python/3.10.21/x64
2026-10-04T14:27:29.1083330Z   Python3_ROOT_DIR: /opt/hostedtoolcache/Python/3.10.21/x64
2026-10-04T14:27:29.1083559Z   LD_LIBRARY_PATH: /opt/hostedtoolcache/Python/3.10.21/x64/lib
2026-10-04T14:27:29.1084080Z   JAVA_HOME: /opt/hostedtoolcache/Java_Temurin-Hotspot_jdk/17.0.20-1/x64
2026-10-04T14:27:29.1084339Z   JAVA_HOME_17_X64: /opt/hostedtoolcache/Java_Temurin-Hotspot_jdk/17.0.20-1/x64
2026-10-04T14:27:29.1084542Z   MAVEN_ARGS: -ntp
2026-10-04T14:27:29.1084699Z ##[endgroup]
2026-10-04T14:27:29.1188485Z ##[group]Run mvn test -D maven.compiler.source=17 -D maven.compiler.target=17
2026-10-04T14:27:29.1188794Z [36;1mmvn test -D maven.compiler.source=17 -D maven.compiler.target=17[0m
2026-10-04T14:27:29.1239551Z shell: /usr/bin/bash -e {0}
2026-10-04T14:27:29.1239707Z env:
2026-10-04T14:27:29.1239863Z   pythonLocation: /opt/hostedtoolcache/Python/3.10.21/x64
2026-10-04T14:27:29.1240100Z   PKG_CONFIG_PATH: /opt/hostedtoolcache/Python/3.10.21/x64/lib/pkgconfig
2026-10-04T14:27:29.1240330Z   Python_ROOT_DIR: /opt/hostedtoolcache/Python/3.10.21/x64
2026-10-04T14:27:29.1240536Z   Python2_ROOT_DIR: /opt/hostedtoolcache/Python/3.10.21/x64
2026-10-04T14:27:29.1240760Z   Python3_ROOT_DIR: /opt/hostedtoolcache/Python/3.10.21/x64
2026-10-04T14:27:29.1240967Z   LD_LIBRARY_PATH: /opt/hostedtoolcache/Python/3.10.21/x64/lib
2026-10-04T14:27:29.1241200Z   JAVA_HOME: /opt/hostedtoolcache/Java_Temurin-Hotspot_jdk/17.0.20-1/x64
2026-10-04T14:27:29.1241486Z   JAVA_HOME_17_X64: /opt/hostedtoolcache/Java_Temurin-Hotspot_jdk/17.0.20-1/x64
2026-10-04T14:27:29.1241690Z   MAVEN_ARGS: -ntp
2026-10-04T14:27:29.1241808Z ##[endgroup]
2026-10-04T14:27:29.9695139Z [INFO] Scanning for projects...
2026-10-04T14:27:30.5042416Z [INFO] Inspecting build with total of 1 modules
2026-10-04T14:27:30.5057920Z [INFO] Installing Central Publishing features
2026-10-04T14:27:30.5143048Z [INFO] 
2026-10-04T14:27:30.5143623Z [INFO] ---------------------------< org.json:json >----------------------------
2026-10-04T14:27:30.5145085Z [INFO] Building JSON in Java 20260814
2026-10-04T14:27:30.5145352Z [INFO]   from pom.xml
2026-10-04T14:27:30.5145673Z [INFO] -------------------------------[ bundle ]-------------------------------
2026-10-04T14:27:30.5275768Z [WARNING] Ignoring incompatible plugin version 4.0.0-beta-1: 
2026-10-04T14:27:30.5276392Z The plugin org.apache.maven.plugins:maven-resources-plugin:4.0.0-beta-1 has unmet prerequisites: 
2026-10-04T14:27:30.5277004Z 	Required Maven version 4.0.0-beta-3 is not met by current version 3.9.16
2026-10-04T14:27:30.5277639Z [INFO] Latest version of plugin org.apache.maven.plugins:maven-resources-plugin failed compatibility check
2026-10-04T14:27:30.5284038Z [INFO] Looking for compatible RELEASE version of plugin org.apache.maven.plugins:maven-resources-plugin
2026-10-04T14:27:30.5367348Z [INFO] Selected plugin org.apache.maven.plugins:maven-resources-plugin:3.5.0
2026-10-04T14:27:30.5530177Z [WARNING] Ignoring incompatible plugin version 4.0.0-beta-3: 
2026-10-04T14:27:30.5535040Z The plugin org.apache.maven.plugins:maven-install-plugin:4.0.0-beta-3 has unmet prerequisites: 
2026-10-04T14:27:30.5561717Z 	Required Maven version 4.0.0-rc-6 is not met by current version 3.9.16
2026-10-04T14:27:30.5564710Z [INFO] Latest version of plugin org.apache.maven.plugins:maven-install-plugin failed compatibility check
2026-10-04T14:27:30.5566291Z [INFO] Looking for compatible RELEASE version of plugin org.apache.maven.plugins:maven-install-plugin
2026-10-04T14:27:30.5597716Z [WARNING] Ignoring incompatible plugin version 4.0.0-beta-2: 
2026-10-04T14:27:30.5598473Z The plugin org.apache.maven.plugins:maven-install-plugin:4.0.0-beta-2 has unmet prerequisites: 
2026-10-04T14:27:30.5599442Z 	Required Maven version 4.0.0-rc-2 is not met by current version 3.9.16
2026-10-04T14:27:30.5628106Z [WARNING] Ignoring incompatible plugin version 4.0.0-beta-1: 
2026-10-04T14:27:30.5628885Z The plugin org.apache.maven.plugins:maven-install-plugin:4.0.0-beta-1 has unmet prerequisites: 
2026-10-04T14:27:30.5629590Z 	Required Maven version 4.0.0-beta-3 is not met by current version 3.9.16
2026-10-04T14:27:30.5663232Z [INFO] Selected plugin org.apache.maven.plugins:maven-install-plugin:3.2.0
2026-10-04T14:27:30.5704860Z [WARNING] Ignoring incompatible plugin version 4.0.0-beta-3: 
2026-10-04T14:27:30.5721500Z The plugin org.apache.maven.plugins:maven-deploy-plugin:4.0.0-beta-3 has unmet prerequisites: 
2026-10-04T14:27:30.5726567Z 	Required Maven version 4.0.0-rc-6 is not met by current version 3.9.16
2026-10-04T14:27:30.5728139Z [INFO] Latest version of plugin org.apache.maven.plugins:maven-deploy-plugin failed compatibility check
2026-10-04T14:27:30.5729046Z [INFO] Looking for compatible RELEASE version of plugin org.apache.maven.plugins:maven-deploy-plugin
2026-10-04T14:27:30.5750494Z [WARNING] Ignoring incompatible plugin version 4.0.0-beta-2: 
2026-10-04T14:27:30.5751171Z The plugin org.apache.maven.plugins:maven-deploy-plugin:4.0.0-beta-2 has unmet prerequisites: 
2026-10-04T14:27:30.5751892Z 	Required Maven version 4.0.0-rc-2 is not met by current version 3.9.16
2026-10-04T14:27:30.5775561Z [WARNING] Ignoring incompatible plugin version 4.0.0-beta-1: 
2026-10-04T14:27:30.5776269Z The plugin org.apache.maven.plugins:maven-deploy-plugin:4.0.0-beta-1 has unmet prerequisites: 
2026-10-04T14:27:30.5780648Z 	Required Maven version 4.0.0-beta-3 is not met by current version 3.9.16
2026-10-04T14:27:30.5822626Z [INFO] Selected plugin org.apache.maven.plugins:maven-deploy-plugin:3.2.0
2026-10-04T14:27:30.6375884Z [INFO] 
2026-10-04T14:27:30.6376698Z [INFO] --- resources:3.5.0:resources (default-resources) @ json ---
2026-10-04T14:27:30.7071168Z [INFO] skip non existing resourceDirectory /home/runner/work/JSON-java/JSON-java/src/main/resources
2026-10-04T14:27:30.7075390Z [INFO] 
2026-10-04T14:27:30.7076039Z [INFO] --- compiler:3.11.0:compile (default-compile) @ json ---
2026-10-04T14:27:30.7747130Z [INFO] Nothing to compile - all classes are up to date
2026-10-04T14:27:30.7747986Z [INFO] 
2026-10-04T14:27:30.7748576Z [INFO] --- resources:3.5.0:testResources (default-testResources) @ json ---
2026-10-04T14:27:30.7802600Z [INFO] Copying 9 resources from src/test/resources to target/test-classes
2026-10-04T14:27:30.7860653Z [INFO] 
2026-10-04T14:27:30.7863001Z [INFO] --- compiler:3.11.0:testCompile (default-testCompile) @ json ---
2026-10-04T14:27:30.7945591Z [INFO] Changes detected - recompiling the module! :source
2026-10-04T14:27:30.7995817Z [INFO] Compiling 59 source files with javac [debug target 1.8] to target/test-classes
2026-10-04T14:27:32.3742224Z [WARNING] bootstrap class path not set in conjunction with -source 8
2026-10-04T14:27:32.3812589Z [INFO] /home/runner/work/JSON-java/JSON-java/src/test/java/org/json/junit/JSONObjectTest.java: /home/runner/work/JSON-java/JSON-java/src/test/java/org/json/junit/JSONObjectTest.java uses or overrides a deprecated API.
2026-10-04T14:27:32.3814410Z [INFO] /home/runner/work/JSON-java/JSON-java/src/test/java/org/json/junit/JSONObjectTest.java: Recompile with -Xlint:deprecation for details.
2026-10-04T14:27:32.3815000Z [INFO] 
2026-10-04T14:27:32.3815260Z [INFO] --- surefire:3.6.0:test (default-test) @ json ---
2026-10-04T14:27:32.4851702Z [INFO] Using auto detected provider org.apache.maven.surefire.junitplatform.JUnitPlatformProvider
2026-10-04T14:27:32.5159916Z [INFO] 
2026-10-04T14:27:32.5160612Z [INFO] -------------------------------------------------------
2026-10-04T14:27:32.5161150Z [INFO]  T E S T S
2026-10-04T14:27:32.5161806Z [INFO] -------------------------------------------------------
2026-10-04T14:27:32.9848373Z [INFO] Running org.json.junit.JSONTokenerTest
2026-10-04T14:27:33.0705783Z [INFO] Tests run: 10, Failures: 0, Errors: 0, Skipped: 0, Time elapsed: 0.051 s -- in org.json.junit.JSONTokenerTest
2026-10-04T14:27:33.0764638Z [INFO] Running org.json.junit.CDLTest
2026-10-04T14:27:33.0795595Z [INFO] Tests run: 21, Failures: 0, Errors: 0, Skipped: 0, Time elapsed: 0.029 s -- in org.json.junit.CDLTest
2026-10-04T14:27:33.0825251Z [INFO] Running org.json.junit.JSONObjectRecordTest
2026-10-04T14:27:33.0983092Z [WARNING] Tests run: 8, Failures: 0, Errors: 0, Skipped: 4, Time elapsed: 0.025 s -- in org.json.junit.JSONObjectRecordTest
2026-10-04T14:27:33.1009142Z [INFO] Running org.json.junit.JSONParserConfigurationTest
2026-10-04T14:27:33.1664977Z [INFO] Tests run: 51, Failures: 0, Errors: 0, Skipped: 0, Time elapsed: 0.069 s -- in org.json.junit.JSONParserConfigurationTest
2026-10-04T14:27:33.1665641Z [INFO] Running org.json.junit.CookieListTest
2026-10-04T14:27:33.1930531Z SLF4J(W): No SLF4J providers were found.
2026-10-04T14:27:33.1931425Z SLF4J(W): Defaulting to no-operation (NOP) logger implementation
2026-10-04T14:27:33.1944938Z SLF4J(W): See https://www.slf4j.org/codes.html#noProviders for further details.
2026-10-04T14:27:33.2007620Z [INFO] Tests run: 9, Failures: 0, Errors: 0, Skipped: 0, Time elapsed: 0.037 s -- in org.json.junit.CookieListTest
2026-10-04T14:27:33.2014829Z [INFO] Running org.json.junit.XMLTokenerTest
2026-10-04T14:27:33.2195581Z [INFO] Tests run: 6, Failures: 0, Errors: 0, Skipped: 0, Time elapsed: 0.008 s -- in org.json.junit.XMLTokenerTest
2026-10-04T14:27:33.2225063Z [INFO] Running org.json.junit.JSONObjectNumberTest
2026-10-04T14:27:33.3497630Z [INFO] Tests run: 216, Failures: 0, Errors: 0, Skipped: 0, Time elapsed: 0.124 s -- in org.json.junit.JSONObjectNumberTest
2026-10-04T14:27:33.3498444Z [INFO] Running org.json.junit.JSONPointerTest
2026-10-04T14:27:33.3707604Z [INFO] Tests run: 38, Failures: 0, Errors: 0, Skipped: 0, Time elapsed: 0.033 s -- in org.json.junit.JSONPointerTest
2026-10-04T14:27:33.3748171Z [INFO] Running org.json.junit.XMLConfigurationTest
2026-10-04T14:27:33.4682863Z [INFO] Tests run: 53, Failures: 0, Errors: 0, Skipped: 0, Time elapsed: 0.094 s -- in org.json.junit.XMLConfigurationTest
2026-10-04T14:27:33.4704894Z [INFO] Running org.json.junit.HTTPTest
2026-10-04T14:27:33.4745066Z [INFO] Tests run: 9, Failures: 0, Errors: 0, Skipped: 0, Time elapsed: 0.007 s -- in org.json.junit.HTTPTest
2026-10-04T14:27:33.4804790Z [INFO] Running org.json.junit.PropertyTest
2026-10-04T14:27:33.4845399Z [INFO] Tests run: 5, Failures: 0, Errors: 0, Skipped: 0, Time elapsed: 0.002 s -- in org.json.junit.PropertyTest
2026-10-04T14:27:33.4913268Z [INFO] Running org.json.junit.JSONStringTest
2026-10-04T14:27:33.4951189Z [INFO] Tests run: 8, Failures: 0, Errors: 0, Skipped: 0, Time elapsed: 0.006 s -- in org.json.junit.JSONStringTest
2026-10-04T14:27:33.4984862Z [INFO] Running org.json.junit.JSONObjectTest
2026-10-04T14:27:33.9382263Z new BigDecimal(testData[]) : 36 ms
2026-10-04T14:27:33.9405072Z NUMBER_PATTERN.matcher(testData[]).matches() : 21 ms
2026-10-04T14:27:33.9558552Z [WARNING] Tests run: 167, Failures: 0, Errors: 0, Skipped: 1, Time elapsed: 0.464 s -- in org.json.junit.JSONObjectTest
2026-10-04T14:27:33.9594988Z [INFO] Running org.json.junit.JSONObjectLocaleTest
2026-10-04T14:27:33.9605763Z [INFO] Tests run: 1, Failures: 0, Errors: 0, Skipped: 0, Time elapsed: 0.002 s -- in org.json.junit.JSONObjectLocaleTest
2026-10-04T14:27:33.9625763Z [INFO] Running org.json.junit.JSONArrayTest
2026-10-04T14:27:33.9864243Z [WARNING] Tests run: 55, Failures: 0, Errors: 0, Skipped: 1, Time elapsed: 0.040 s -- in org.json.junit.JSONArrayTest
2026-10-04T14:27:33.9935154Z [INFO] Running org.json.junit.JSONMLTest
2026-10-04T14:27:34.0145500Z [INFO] Tests run: 36, Failures: 0, Errors: 0, Skipped: 0, Time elapsed: 0.026 s -- in org.json.junit.JSONMLTest
2026-10-04T14:27:34.0185062Z [INFO] Running org.json.junit.StringBuilderWriterTest
2026-10-04T14:27:34.0215049Z [INFO] Tests run: 7, Failures: 0, Errors: 0, Skipped: 0, Time elapsed: 0.001 s -- in org.json.junit.StringBuilderWriterTest
2026-10-04T14:27:34.0265017Z [INFO] Running org.json.junit.XMLTest
2026-10-04T14:27:34.1229330Z [INFO] Tests run: 71, Failures: 0, Errors: 0, Skipped: 0, Time elapsed: 0.080 s -- in org.json.junit.XMLTest
2026-10-04T14:27:34.1274714Z [INFO] Running org.json.junit.JSONStringerTest
2026-10-04T14:27:34.1315044Z [INFO] Tests run: 10, Failures: 0, Errors: 0, Skipped: 0, Time elapsed: 0.010 s -- in org.json.junit.JSONStringerTest
2026-10-04T14:27:34.1374706Z [INFO] Running org.json.junit.EnumTest
2026-10-04T14:27:34.1426533Z [INFO] Tests run: 8, Failures: 0, Errors: 0, Skipped: 0, Time elapsed: 0.009 s -- in org.json.junit.EnumTest
2026-10-04T14:27:34.1474822Z [INFO] Running org.json.junit.HTTPTokenerTest
2026-10-04T14:27:34.1484770Z [INFO] Tests run: 9, Failures: 0, Errors: 0, Skipped: 0, Time elapsed: 0.002 s -- in org.json.junit.HTTPTokenerTest
2026-10-04T14:27:34.1515037Z [INFO] Running org.json.junit.CookieTest
2026-10-04T14:27:34.1544482Z [INFO] Tests run: 11, Failures: 0, Errors: 0, Skipped: 0, Time elapsed: 0.004 s -- in org.json.junit.CookieTest
2026-10-04T14:27:34.2030315Z [INFO] 
2026-10-04T14:27:34.2030593Z [INFO] Results:
2026-10-04T14:27:34.2030810Z [INFO] 
2026-10-04T14:27:34.2031081Z [INFO] Tests run: 809, Failures: 0, Errors: 0, Skipped: 6
2026-10-04T14:27:34.2031377Z [INFO] 
2026-10-04T14:27:34.2065560Z [INFO] ------------------------------------------------------------------------
2026-10-04T14:27:34.2070899Z [INFO] BUILD SUCCESS
2026-10-04T14:27:34.2071981Z [INFO] ------------------------------------------------------------------------
2026-10-04T14:27:34.2072779Z [INFO] Total time:  4.256 s
2026-10-04T14:27:34.2074379Z [INFO] Finished at: 2026-10-04T14:27:34Z
2026-10-04T14:27:34.2074885Z [INFO] ------------------------------------------------------------------------
2026-10-04T14:27:34.2400406Z ##[group]Run touch optcd-6.txt
2026-10-04T14:27:34.2400593Z [36;1mtouch optcd-6.txt[0m
2026-10-04T14:27:34.2453022Z shell: /usr/bin/bash -e {0}
2026-10-04T14:27:34.2453186Z env:
2026-10-04T14:27:34.2453344Z   pythonLocation: /opt/hostedtoolcache/Python/3.10.21/x64
2026-10-04T14:27:34.2453582Z   PKG_CONFIG_PATH: /opt/hostedtoolcache/Python/3.10.21/x64/lib/pkgconfig
2026-10-04T14:27:34.2454068Z   Python_ROOT_DIR: /opt/hostedtoolcache/Python/3.10.21/x64
2026-10-04T14:27:34.2454276Z   Python2_ROOT_DIR: /opt/hostedtoolcache/Python/3.10.21/x64
2026-10-04T14:27:34.2454480Z   Python3_ROOT_DIR: /opt/hostedtoolcache/Python/3.10.21/x64
2026-10-04T14:27:34.2454689Z   LD_LIBRARY_PATH: /opt/hostedtoolcache/Python/3.10.21/x64/lib
2026-10-04T14:27:34.2455133Z   JAVA_HOME: /opt/hostedtoolcache/Java_Temurin-Hotspot_jdk/17.0.20-1/x64
2026-10-04T14:27:34.2455391Z   JAVA_HOME_17_X64: /opt/hostedtoolcache/Java_Temurin-Hotspot_jdk/17.0.20-1/x64
2026-10-04T14:27:34.2455592Z   MAVEN_ARGS: -ntp
2026-10-04T14:27:34.2455750Z ##[endgroup]
2026-10-04T14:27:34.2561670Z ##[group]Run mvn surefire-report:report-only -D maven.compiler.source=17 -D maven.compiler.target=17
2026-10-04T14:27:34.2562064Z [36;1mmvn surefire-report:report-only -D maven.compiler.source=17 -D maven.compiler.target=17[0m
2026-10-04T14:27:34.2562416Z [36;1mmvn site -D generateReports=false -D maven.compiler.source=17 -D maven.compiler.target=17[0m
2026-10-04T14:27:34.2612421Z shell: /usr/bin/bash -e {0}
2026-10-04T14:27:34.2612566Z env:
2026-10-04T14:27:34.2612722Z   pythonLocation: /opt/hostedtoolcache/Python/3.10.21/x64
2026-10-04T14:27:34.2612959Z   PKG_CONFIG_PATH: /opt/hostedtoolcache/Python/3.10.21/x64/lib/pkgconfig
2026-10-04T14:27:34.2613187Z   Python_ROOT_DIR: /opt/hostedtoolcache/Python/3.10.21/x64
2026-10-04T14:27:34.2613415Z   Python2_ROOT_DIR: /opt/hostedtoolcache/Python/3.10.21/x64
2026-10-04T14:27:34.2613622Z   Python3_ROOT_DIR: /opt/hostedtoolcache/Python/3.10.21/x64
2026-10-04T14:27:34.2613988Z   LD_LIBRARY_PATH: /opt/hostedtoolcache/Python/3.10.21/x64/lib
2026-10-04T14:27:34.2614219Z   JAVA_HOME: /opt/hostedtoolcache/Java_Temurin-Hotspot_jdk/17.0.20-1/x64
2026-10-04T14:27:34.2614471Z   JAVA_HOME_17_X64: /opt/hostedtoolcache/Java_Temurin-Hotspot_jdk/17.0.20-1/x64
2026-10-04T14:27:34.2614676Z   MAVEN_ARGS: -ntp
2026-10-04T14:27:34.2614794Z ##[endgroup]
2026-10-04T14:27:35.0857239Z [INFO] Scanning for projects...
2026-10-04T14:27:35.6410940Z [INFO] Inspecting build with total of 1 modules
2026-10-04T14:27:35.6415214Z [INFO] Installing Central Publishing features
2026-10-04T14:27:35.6600817Z [WARNING] Ignoring incompatible plugin version 4.0.0-beta-1: 
2026-10-04T14:27:35.6601770Z The plugin org.apache.maven.plugins:maven-resources-plugin:4.0.0-beta-1 has unmet prerequisites: 
2026-10-04T14:27:35.6609599Z 	Required Maven version 4.0.0-beta-3 is not met by current version 3.9.16
2026-10-04T14:27:35.6610504Z [INFO] Latest version of plugin org.apache.maven.plugins:maven-resources-plugin failed compatibility check
2026-10-04T14:27:35.6611580Z [INFO] Looking for compatible RELEASE version of plugin org.apache.maven.plugins:maven-resources-plugin
2026-10-04T14:27:35.6637548Z [INFO] Selected plugin org.apache.maven.plugins:maven-resources-plugin:3.5.0
2026-10-04T14:27:35.6808506Z [WARNING] Ignoring incompatible plugin version 4.0.0-beta-3: 
2026-10-04T14:27:35.6812892Z The plugin org.apache.maven.plugins:maven-install-plugin:4.0.0-beta-3 has unmet prerequisites: 
2026-10-04T14:27:35.6835711Z 	Required Maven version 4.0.0-rc-6 is not met by current version 3.9.16
2026-10-04T14:27:35.6865648Z [INFO] Latest version of plugin org.apache.maven.plugins:maven-install-plugin failed compatibility check
2026-10-04T14:27:35.6874608Z [INFO] Looking for compatible RELEASE version of plugin org.apache.maven.plugins:maven-install-plugin
2026-10-04T14:27:35.6876627Z [WARNING] Ignoring incompatible plugin version 4.0.0-beta-2: 
2026-10-04T14:27:35.6877355Z The plugin org.apache.maven.plugins:maven-install-plugin:4.0.0-beta-2 has unmet prerequisites: 
2026-10-04T14:27:35.6878292Z 	Required Maven version 4.0.0-rc-2 is not met by current version 3.9.16
2026-10-04T14:27:35.6905460Z [WARNING] Ignoring incompatible plugin version 4.0.0-beta-1: 
2026-10-04T14:27:35.6906230Z The plugin org.apache.maven.plugins:maven-install-plugin:4.0.0-beta-1 has unmet prerequisites: 
2026-10-04T14:27:35.6907184Z 	Required Maven version 4.0.0-beta-3 is not met by current version 3.9.16
2026-10-04T14:27:35.6941047Z [INFO] Selected plugin org.apache.maven.plugins:maven-install-plugin:3.2.0
2026-10-04T14:27:35.6980412Z [WARNING] Ignoring incompatible plugin version 4.0.0-beta-3: 
2026-10-04T14:27:35.6981322Z The plugin org.apache.maven.plugins:maven-deploy-plugin:4.0.0-beta-3 has unmet prerequisites: 
2026-10-04T14:27:35.6982324Z 	Required Maven version 4.0.0-rc-6 is not met by current version 3.9.16
2026-10-04T14:27:35.6984123Z [INFO] Latest version of plugin org.apache.maven.plugins:maven-deploy-plugin failed compatibility check
2026-10-04T14:27:35.6985432Z [INFO] Looking for compatible RELEASE version of plugin org.apache.maven.plugins:maven-deploy-plugin
2026-10-04T14:27:35.7013426Z [WARNING] Ignoring incompatible plugin version 4.0.0-beta-2: 
2026-10-04T14:27:35.7014456Z The plugin org.apache.maven.plugins:maven-deploy-plugin:4.0.0-beta-2 has unmet prerequisites: 
2026-10-04T14:27:35.7015450Z 	Required Maven version 4.0.0-rc-2 is not met by current version 3.9.16
2026-10-04T14:27:35.7033634Z [WARNING] Ignoring incompatible plugin version 4.0.0-beta-1: 
2026-10-04T14:27:35.7034427Z The plugin org.apache.maven.plugins:maven-deploy-plugin:4.0.0-beta-1 has unmet prerequisites: 
2026-10-04T14:27:35.7038013Z 	Required Maven version 4.0.0-beta-3 is not met by current version 3.9.16
2026-10-04T14:27:35.7065155Z [INFO] Selected plugin org.apache.maven.plugins:maven-deploy-plugin:3.2.0
2026-10-04T14:27:35.8001194Z [INFO] 
2026-10-04T14:27:35.8004777Z [INFO] ---------------------------< org.json:json >----------------------------
2026-10-04T14:27:35.8005784Z [INFO] Building JSON in Java 20260814
2026-10-04T14:27:35.8006317Z [INFO]   from pom.xml
2026-10-04T14:27:35.8006990Z [INFO] -------------------------------[ bundle ]-------------------------------
2026-10-04T14:27:35.8013323Z [INFO] 
2026-10-04T14:27:35.8015572Z [INFO] --- surefire-report:3.6.0:report-only (default-cli) @ json ---
2026-10-04T14:27:36.1560112Z [INFO] Rendering content with org.apache.maven.skins:maven-fluido-skin:jar:2.0.0-M9 skin
2026-10-04T14:27:36.1954094Z [WARNING] Unable to locate Test Source XRef to link to -- DISABLED
2026-10-04T14:27:36.5469571Z [INFO] ------------------------------------------------------------------------
2026-10-04T14:27:36.5489816Z [INFO] BUILD SUCCESS
2026-10-04T14:27:36.5490886Z [INFO] ------------------------------------------------------------------------
2026-10-04T14:27:36.5491439Z [INFO] Total time:  1.479 s
2026-10-04T14:27:36.5492021Z [INFO] Finished at: 2026-10-04T14:27:36Z
2026-10-04T14:27:36.5492532Z [INFO] ------------------------------------------------------------------------
2026-10-04T14:27:37.3491806Z [INFO] Scanning for projects...
2026-10-04T14:27:37.8569598Z [INFO] Inspecting build with total of 1 modules
2026-10-04T14:27:37.8615167Z [INFO] Installing Central Publishing features
2026-10-04T14:27:37.8673409Z [INFO] 
2026-10-04T14:27:37.8674171Z [INFO] ---------------------------< org.json:json >----------------------------
2026-10-04T14:27:37.8674664Z [INFO] Building JSON in Java 20260814
2026-10-04T14:27:37.8675085Z [INFO]   from pom.xml
2026-10-04T14:27:37.8675640Z [INFO] -------------------------------[ bundle ]-------------------------------
2026-10-04T14:27:37.8876168Z [WARNING] Ignoring incompatible plugin version 4.0.0-beta-1: 
2026-10-04T14:27:37.8876872Z The plugin org.apache.maven.plugins:maven-resources-plugin:4.0.0-beta-1 has unmet prerequisites: 
2026-10-04T14:27:37.8877515Z 	Required Maven version 4.0.0-beta-3 is not met by current version 3.9.16
2026-10-04T14:27:37.8878143Z [INFO] Latest version of plugin org.apache.maven.plugins:maven-resources-plugin failed compatibility check
2026-10-04T14:27:37.8878855Z [INFO] Looking for compatible RELEASE version of plugin org.apache.maven.plugins:maven-resources-plugin
2026-10-04T14:27:37.9015126Z [INFO] Selected plugin org.apache.maven.plugins:maven-resources-plugin:3.5.0
2026-10-04T14:27:37.9242712Z [WARNING] Ignoring incompatible plugin version 4.0.0-beta-3: 
2026-10-04T14:27:37.9305826Z The plugin org.apache.maven.plugins:maven-install-plugin:4.0.0-beta-3 has unmet prerequisites: 
2026-10-04T14:27:37.9306988Z 	Required Maven version 4.0.0-rc-6 is not met by current version 3.9.16
2026-10-04T14:27:37.9326852Z [INFO] Latest version of plugin org.apache.maven.plugins:maven-install-plugin failed compatibility check
2026-10-04T14:27:37.9327539Z [INFO] Looking for compatible RELEASE version of plugin org.apache.maven.plugins:maven-install-plugin
2026-10-04T14:27:37.9328576Z [WARNING] Ignoring incompatible plugin version 4.0.0-beta-2: 
2026-10-04T14:27:37.9329055Z The plugin org.apache.maven.plugins:maven-install-plugin:4.0.0-beta-2 has unmet prerequisites: 
2026-10-04T14:27:37.9329804Z 	Required Maven version 4.0.0-rc-2 is not met by current version 3.9.16
2026-10-04T14:27:37.9330219Z [WARNING] Ignoring incompatible plugin version 4.0.0-beta-1: 
2026-10-04T14:27:37.9330689Z The plugin org.apache.maven.plugins:maven-install-plugin:4.0.0-beta-1 has unmet prerequisites: 
2026-10-04T14:27:37.9331196Z 	Required Maven version 4.0.0-beta-3 is not met by current version 3.9.16
2026-10-04T14:27:37.9331639Z [INFO] Selected plugin org.apache.maven.plugins:maven-install-plugin:3.2.0
2026-10-04T14:27:37.9332065Z [WARNING] Ignoring incompatible plugin version 4.0.0-beta-3: 
2026-10-04T14:27:37.9332523Z The plugin org.apache.maven.plugins:maven-deploy-plugin:4.0.0-beta-3 has unmet prerequisites: 
2026-10-04T14:27:37.9333026Z 	Required Maven version 4.0.0-rc-6 is not met by current version 3.9.16
2026-10-04T14:27:37.9333543Z [INFO] Latest version of plugin org.apache.maven.plugins:maven-deploy-plugin failed compatibility check
2026-10-04T14:27:37.9334275Z [INFO] Looking for compatible RELEASE version of plugin org.apache.maven.plugins:maven-deploy-plugin
2026-10-04T14:27:37.9334774Z [WARNING] Ignoring incompatible plugin version 4.0.0-beta-2: 
2026-10-04T14:27:37.9335240Z The plugin org.apache.maven.plugins:maven-deploy-plugin:4.0.0-beta-2 has unmet prerequisites: 
2026-10-04T14:27:37.9335735Z 	Required Maven version 4.0.0-rc-2 is not met by current version 3.9.16
2026-10-04T14:27:37.9336135Z [WARNING] Ignoring incompatible plugin version 4.0.0-beta-1: 
2026-10-04T14:27:37.9336594Z The plugin org.apache.maven.plugins:maven-deploy-plugin:4.0.0-beta-1 has unmet prerequisites: 
2026-10-04T14:27:37.9337080Z 	Required Maven version 4.0.0-beta-3 is not met by current version 3.9.16
2026-10-04T14:27:37.9337665Z [INFO] Selected plugin org.apache.maven.plugins:maven-deploy-plugin:3.2.0
2026-10-04T14:27:37.9950448Z [INFO] 
2026-10-04T14:27:37.9951215Z [INFO] --- site:3.12.1:site (default-site) @ json ---
2026-10-04T14:27:38.4299052Z [INFO] Rendering site with default locale English (en)
2026-10-04T14:27:38.4437865Z [INFO] Relativizing decoration links with respect to localized project URL: https://github.com/douglascrockford/JSON-java
2026-10-04T14:27:38.4454532Z [INFO] Rendering content with org.apache.maven.skins:maven-default-skin:jar:1.3 skin.
2026-10-04T14:27:38.4656033Z [INFO] ------------------------------------------------------------------------
2026-10-04T14:27:38.4656769Z [INFO] BUILD SUCCESS
2026-10-04T14:27:38.4657232Z [INFO] ------------------------------------------------------------------------
2026-10-04T14:27:38.4662946Z [INFO] Total time:  1.131 s
2026-10-04T14:27:38.4665033Z [INFO] Finished at: 2026-10-04T14:27:38Z
2026-10-04T14:27:38.4665551Z [INFO] ------------------------------------------------------------------------
2026-10-04T14:27:38.4976364Z ##[group]Run touch optcd-7.txt
2026-10-04T14:27:38.4976547Z [36;1mtouch optcd-7.txt[0m
2026-10-04T14:27:38.5025974Z shell: /usr/bin/bash -e {0}
2026-10-04T14:27:38.5026115Z env:
2026-10-04T14:27:38.5026267Z   pythonLocation: /opt/hostedtoolcache/Python/3.10.21/x64
2026-10-04T14:27:38.5026501Z   PKG_CONFIG_PATH: /opt/hostedtoolcache/Python/3.10.21/x64/lib/pkgconfig
2026-10-04T14:27:38.5026727Z   Python_ROOT_DIR: /opt/hostedtoolcache/Python/3.10.21/x64
2026-10-04T14:27:38.5026940Z   Python2_ROOT_DIR: /opt/hostedtoolcache/Python/3.10.21/x64
2026-10-04T14:27:38.5027150Z   Python3_ROOT_DIR: /opt/hostedtoolcache/Python/3.10.21/x64
2026-10-04T14:27:38.5027359Z   LD_LIBRARY_PATH: /opt/hostedtoolcache/Python/3.10.21/x64/lib
2026-10-04T14:27:38.5027586Z   JAVA_HOME: /opt/hostedtoolcache/Java_Temurin-Hotspot_jdk/17.0.20-1/x64
2026-10-04T14:27:38.5027844Z   JAVA_HOME_17_X64: /opt/hostedtoolcache/Java_Temurin-Hotspot_jdk/17.0.20-1/x64
2026-10-04T14:27:38.5028046Z   MAVEN_ARGS: -ntp
2026-10-04T14:27:38.5028337Z ##[endgroup]
2026-10-04T14:27:38.5124515Z ##[group]Run mvn clean package -D maven.compiler.source=17 -D maven.compiler.target=17 -D maven.test.skip=true -D maven.site.skip=true
2026-10-04T14:27:38.5125282Z [36;1mmvn clean package -D maven.compiler.source=17 -D maven.compiler.target=17 -D maven.test.skip=true -D maven.site.skip=true[0m
2026-10-04T14:27:38.5174634Z shell: /usr/bin/bash -e {0}
2026-10-04T14:27:38.5174778Z env:
2026-10-04T14:27:38.5174929Z   pythonLocation: /opt/hostedtoolcache/Python/3.10.21/x64
2026-10-04T14:27:38.5175161Z   PKG_CONFIG_PATH: /opt/hostedtoolcache/Python/3.10.21/x64/lib/pkgconfig
2026-10-04T14:27:38.5175388Z   Python_ROOT_DIR: /opt/hostedtoolcache/Python/3.10.21/x64
2026-10-04T14:27:38.5175593Z   Python2_ROOT_DIR: /opt/hostedtoolcache/Python/3.10.21/x64
2026-10-04T14:27:38.5175796Z   Python3_ROOT_DIR: /opt/hostedtoolcache/Python/3.10.21/x64
2026-10-04T14:27:38.5176000Z   LD_LIBRARY_PATH: /opt/hostedtoolcache/Python/3.10.21/x64/lib
2026-10-04T14:27:38.5176268Z   JAVA_HOME: /opt/hostedtoolcache/Java_Temurin-Hotspot_jdk/17.0.20-1/x64
2026-10-04T14:27:38.5176520Z   JAVA_HOME_17_X64: /opt/hostedtoolcache/Java_Temurin-Hotspot_jdk/17.0.20-1/x64
2026-10-04T14:27:38.5176723Z   MAVEN_ARGS: -ntp
2026-10-04T14:27:38.5176842Z ##[endgroup]
2026-10-04T14:27:39.2855526Z [INFO] Scanning for projects...
2026-10-04T14:27:39.7748500Z [INFO] Inspecting build with total of 1 modules
2026-10-04T14:27:39.7771803Z [INFO] Installing Central Publishing features
2026-10-04T14:27:39.7830106Z [INFO] 
2026-10-04T14:27:39.7847425Z [INFO] ---------------------------< org.json:json >----------------------------
2026-10-04T14:27:39.7848074Z [INFO] Building JSON in Java 20260814
2026-10-04T14:27:39.7848459Z [INFO]   from pom.xml
2026-10-04T14:27:39.7848865Z [INFO] -------------------------------[ bundle ]-------------------------------
2026-10-04T14:27:39.7956528Z [WARNING] Ignoring incompatible plugin version 4.0.0-beta-1: 
2026-10-04T14:27:39.7957423Z The plugin org.apache.maven.plugins:maven-resources-plugin:4.0.0-beta-1 has unmet prerequisites: 
2026-10-04T14:27:39.7994984Z 	Required Maven version 4.0.0-beta-3 is not met by current version 3.9.16
2026-10-04T14:27:39.8006436Z [INFO] Latest version of plugin org.apache.maven.plugins:maven-resources-plugin failed compatibility check
2026-10-04T14:27:39.8024908Z [INFO] Looking for compatible RELEASE version of plugin org.apache.maven.plugins:maven-resources-plugin
2026-10-04T14:27:39.8025835Z [INFO] Selected plugin org.apache.maven.plugins:maven-resources-plugin:3.5.0
2026-10-04T14:27:39.8182747Z [WARNING] Ignoring incompatible plugin version 4.0.0-beta-3: 
2026-10-04T14:27:39.8183543Z The plugin org.apache.maven.plugins:maven-install-plugin:4.0.0-beta-3 has unmet prerequisites: 
2026-10-04T14:27:39.8211585Z 	Required Maven version 4.0.0-rc-6 is not met by current version 3.9.16
2026-10-04T14:27:39.8214400Z [INFO] Latest version of plugin org.apache.maven.plugins:maven-install-plugin failed compatibility check
2026-10-04T14:27:39.8216134Z [INFO] Looking for compatible RELEASE version of plugin org.apache.maven.plugins:maven-install-plugin
2026-10-04T14:27:39.8246172Z [WARNING] Ignoring incompatible plugin version 4.0.0-beta-2: 
2026-10-04T14:27:39.8246852Z The plugin org.apache.maven.plugins:maven-install-plugin:4.0.0-beta-2 has unmet prerequisites: 
2026-10-04T14:27:39.8247612Z 	Required Maven version 4.0.0-rc-2 is not met by current version 3.9.16
2026-10-04T14:27:39.8271144Z [WARNING] Ignoring incompatible plugin version 4.0.0-beta-1: 
2026-10-04T14:27:39.8271813Z The plugin org.apache.maven.plugins:maven-install-plugin:4.0.0-beta-1 has unmet prerequisites: 
2026-10-04T14:27:39.8272504Z 	Required Maven version 4.0.0-beta-3 is not met by current version 3.9.16
2026-10-04T14:27:39.8306142Z [INFO] Selected plugin org.apache.maven.plugins:maven-install-plugin:3.2.0
2026-10-04T14:27:39.8354190Z [WARNING] Ignoring incompatible plugin version 4.0.0-beta-3: 
2026-10-04T14:27:39.8356289Z The plugin org.apache.maven.plugins:maven-deploy-plugin:4.0.0-beta-3 has unmet prerequisites: 
2026-10-04T14:27:39.8358786Z 	Required Maven version 4.0.0-rc-6 is not met by current version 3.9.16
2026-10-04T14:27:39.8359609Z [INFO] Latest version of plugin org.apache.maven.plugins:maven-deploy-plugin failed compatibility check
2026-10-04T14:27:39.8360310Z [INFO] Looking for compatible RELEASE version of plugin org.apache.maven.plugins:maven-deploy-plugin
2026-10-04T14:27:39.8394835Z [WARNING] Ignoring incompatible plugin version 4.0.0-beta-2: 
2026-10-04T14:27:39.8395327Z The plugin org.apache.maven.plugins:maven-deploy-plugin:4.0.0-beta-2 has unmet prerequisites: 
2026-10-04T14:27:39.8395823Z 	Required Maven version 4.0.0-rc-2 is not met by current version 3.9.16
2026-10-04T14:27:39.8424744Z [WARNING] Ignoring incompatible plugin version 4.0.0-beta-1: 
2026-10-04T14:27:39.8425242Z The plugin org.apache.maven.plugins:maven-deploy-plugin:4.0.0-beta-1 has unmet prerequisites: 
2026-10-04T14:27:39.8425736Z 	Required Maven version 4.0.0-beta-3 is not met by current version 3.9.16
2026-10-04T14:27:39.8445876Z [INFO] Selected plugin org.apache.maven.plugins:maven-deploy-plugin:3.2.0
2026-10-04T14:27:39.8892213Z [WARNING] Parameter 'additionalparam' is unknown for plugin 'maven-javadoc-plugin:3.5.0:jar (attach-javadocs)'
2026-10-04T14:27:39.9167716Z [INFO] 
2026-10-04T14:27:39.9180525Z [INFO] --- clean:3.2.0:clean (default-clean) @ json ---
2026-10-04T14:27:39.9527056Z [INFO] Deleting /home/runner/work/JSON-java/JSON-java/target
2026-10-04T14:27:39.9642527Z [INFO] 
2026-10-04T14:27:39.9643712Z [INFO] --- resources:3.5.0:resources (default-resources) @ json ---
2026-10-04T14:27:40.0056591Z [INFO] skip non existing resourceDirectory /home/runner/work/JSON-java/JSON-java/src/main/resources
2026-10-04T14:27:40.0061988Z [INFO] 
2026-10-04T14:27:40.0062515Z [INFO] --- compiler:3.11.0:compile (default-compile) @ json ---
2026-10-04T14:27:40.0685151Z [INFO] Changes detected - recompiling the module! :source
2026-10-04T14:27:40.0694490Z [INFO] Compiling 26 source files with javac [debug target 1.8] to target/classes
2026-10-04T14:27:41.0465487Z [WARNING] bootstrap class path not set in conjunction with -source 8
2026-10-04T14:27:41.0475015Z [INFO] /home/runner/work/JSON-java/JSON-java/src/main/java/org/json/JSONMLParserConfiguration.java: Some input files use or override a deprecated API.
2026-10-04T14:27:41.0485274Z [INFO] /home/runner/work/JSON-java/JSON-java/src/main/java/org/json/JSONMLParserConfiguration.java: Recompile with -Xlint:deprecation for details.
2026-10-04T14:27:41.0505880Z [INFO] 
2026-10-04T14:27:41.0535313Z [INFO] --- resources:3.5.0:testResources (default-testResources) @ json ---
2026-10-04T14:27:41.0544725Z [INFO] Not copying test resources
2026-10-04T14:27:41.0545124Z [INFO] 
2026-10-04T14:27:41.0545607Z [INFO] --- compiler:3.11.0:testCompile (default-testCompile) @ json ---
2026-10-04T14:27:41.0546170Z [INFO] Not compiling test sources
2026-10-04T14:27:41.0546516Z [INFO] 
2026-10-04T14:27:41.0546883Z [INFO] --- surefire:3.6.0:test (default-test) @ json ---
2026-10-04T14:27:41.1462435Z [INFO] Tests are skipped.
2026-10-04T14:27:41.1488327Z [INFO] 
2026-10-04T14:27:41.1489229Z [INFO] --- bundle:5.1.9:bundle (default-bundle) @ json ---
2026-10-04T14:27:41.8370395Z [INFO] Building bundle: /home/runner/work/JSON-java/JSON-java/target/json-20260814.jar
2026-10-04T14:27:41.8524206Z [INFO] Writing manifest: /home/runner/work/JSON-java/JSON-java/target/classes/META-INF/MANIFEST.MF
2026-10-04T14:27:41.8536613Z [INFO] 
2026-10-04T14:27:41.8537157Z [INFO] --- source:3.3.0:jar-no-fork (attach-sources) @ json ---
2026-10-04T14:27:41.9595544Z [INFO] Building jar: /home/runner/work/JSON-java/JSON-java/target/json-20260814-sources.jar
2026-10-04T14:27:41.9959571Z [INFO] 
2026-10-04T14:27:41.9984867Z [INFO] --- javadoc:3.5.0:jar (attach-javadocs) @ json ---
2026-10-04T14:27:42.3603583Z [INFO] No previous run data found, generating javadoc.
2026-10-04T14:27:44.1421999Z [WARNING] Javadoc Warnings
2026-10-04T14:27:44.1442989Z ##[warning][WARNING] /home/runner/work/JSON-java/JSON-java/src/main/java/org/json/JSONObject.java:491: warning: no comment
2026-10-04T14:27:44.1450805Z [WARNING] public JSONObject(Object bean, JSONParserConfiguration jsonParserConfiguration) {
2026-10-04T14:27:44.1451211Z [WARNING] ^
2026-10-04T14:27:44.1451384Z [WARNING] 1 warning
2026-10-04T14:27:44.1593920Z [INFO] Building jar: /home/runner/work/JSON-java/JSON-java/target/json-20260814-javadoc.jar
2026-10-04T14:27:44.1989111Z [INFO] 
2026-10-04T14:27:44.1989811Z [INFO] --- moditect:1.0.0.Final:add-module-info (add-module-infos) @ json ---
2026-10-04T14:27:44.3346117Z [INFO] ------------------------------------------------------------------------
2026-10-04T14:27:44.3346871Z [INFO] BUILD SUCCESS
2026-10-04T14:27:44.3351391Z [INFO] ------------------------------------------------------------------------
2026-10-04T14:27:44.3360215Z [INFO] Total time:  5.067 s
2026-10-04T14:27:44.3383475Z [INFO] Finished at: 2026-10-04T14:27:44Z
2026-10-04T14:27:44.3384789Z [INFO] ------------------------------------------------------------------------
2026-10-04T14:27:44.3822372Z ##[group]Run touch optcd-8.txt
2026-10-04T14:27:44.3822567Z [36;1mtouch optcd-8.txt[0m
2026-10-04T14:27:44.3877099Z shell: /usr/bin/bash -e {0}
2026-10-04T14:27:44.3877266Z env:
2026-10-04T14:27:44.3877439Z   pythonLocation: /opt/hostedtoolcache/Python/3.10.21/x64
2026-10-04T14:27:44.3877706Z   PKG_CONFIG_PATH: /opt/hostedtoolcache/Python/3.10.21/x64/lib/pkgconfig
2026-10-04T14:27:44.3877978Z   Python_ROOT_DIR: /opt/hostedtoolcache/Python/3.10.21/x64
2026-10-04T14:27:44.3878207Z   Python2_ROOT_DIR: /opt/hostedtoolcache/Python/3.10.21/x64
2026-10-04T14:27:44.3878427Z   Python3_ROOT_DIR: /opt/hostedtoolcache/Python/3.10.21/x64
2026-10-04T14:27:44.3878659Z   LD_LIBRARY_PATH: /opt/hostedtoolcache/Python/3.10.21/x64/lib
2026-10-04T14:27:44.3878943Z   JAVA_HOME: /opt/hostedtoolcache/Java_Temurin-Hotspot_jdk/17.0.20-1/x64
2026-10-04T14:27:44.3879221Z   JAVA_HOME_17_X64: /opt/hostedtoolcache/Java_Temurin-Hotspot_jdk/17.0.20-1/x64
2026-10-04T14:27:44.3879436Z   MAVEN_ARGS: -ntp
2026-10-04T14:27:44.3879614Z ##[endgroup]
2026-10-04T14:27:44.4003375Z ##[group]Run actions/upload-artifact@v4
2026-10-04T14:27:44.4003542Z with:
2026-10-04T14:27:44.4003665Z   name: inotifywait-build-17 (17)
2026-10-04T14:27:44.4004076Z   path: /home/runner/inotifywait-log-build-17 (17).csv
2026-10-04T14:27:44.4004264Z   if-no-files-found: warn
2026-10-04T14:27:44.4004397Z   compression-level: 6
2026-10-04T14:27:44.4004535Z   overwrite: false
2026-10-04T14:27:44.4004660Z   include-hidden-files: false
2026-10-04T14:27:44.4004796Z env:
2026-10-04T14:27:44.4004944Z   pythonLocation: /opt/hostedtoolcache/Python/3.10.21/x64
2026-10-04T14:27:44.4005183Z   PKG_CONFIG_PATH: /opt/hostedtoolcache/Python/3.10.21/x64/lib/pkgconfig
2026-10-04T14:27:44.4005418Z   Python_ROOT_DIR: /opt/hostedtoolcache/Python/3.10.21/x64
2026-10-04T14:27:44.4005634Z   Python2_ROOT_DIR: /opt/hostedtoolcache/Python/3.10.21/x64
2026-10-04T14:27:44.4005873Z   Python3_ROOT_DIR: /opt/hostedtoolcache/Python/3.10.21/x64
2026-10-04T14:27:44.4006131Z   LD_LIBRARY_PATH: /opt/hostedtoolcache/Python/3.10.21/x64/lib
2026-10-04T14:27:44.4006368Z   JAVA_HOME: /opt/hostedtoolcache/Java_Temurin-Hotspot_jdk/17.0.20-1/x64
2026-10-04T14:27:44.4006629Z   JAVA_HOME_17_X64: /opt/hostedtoolcache/Java_Temurin-Hotspot_jdk/17.0.20-1/x64
2026-10-04T14:27:44.4006844Z   MAVEN_ARGS: -ntp
2026-10-04T14:27:44.4006972Z ##[endgroup]
2026-10-04T14:27:44.5215686Z (node:2619) [DEP0040] DeprecationWarning: The `punycode` module is deprecated. Please use a userland alternative instead.
2026-10-04T14:27:44.5216123Z (Use `node --trace-deprecation ...` to show where the warning was created)
2026-10-04T14:27:44.5261051Z With the provided path, there will be 1 file uploaded
2026-10-04T14:27:44.5261834Z Artifact name is valid!
2026-10-04T14:27:44.5262311Z Root directory input is valid!
2026-10-04T14:27:44.8042647Z Beginning upload of artifact content to blob storage
2026-10-04T14:27:44.8187026Z (node:2619) [DEP0169] DeprecationWarning: `url.parse()` behavior is not standardized and prone to errors that have security implications. Use the WHATWG URL API instead. CVEs are not issued for `url.parse()` vulnerabilities.
2026-10-04T14:27:44.9930295Z Uploaded bytes 23786
2026-10-04T14:27:45.0353126Z Finished uploading artifact content to blob storage!
2026-10-04T14:27:45.0353644Z SHA256 digest of uploaded artifact zip is 6619fd0cefbb958a4a1a4985385a3452cb559d66542209402935fe8c64fced87
2026-10-04T14:27:45.0354277Z Finalizing artifact upload
2026-10-04T14:27:45.2507332Z Artifact inotifywait-build-17 (17).zip successfully finalized. Artifact ID 11305519898
2026-10-04T14:27:45.2508078Z Artifact inotifywait-build-17 (17) has been successfully uploaded! Final size is 23786 bytes. Artifact ID is 11305519898
2026-10-04T14:27:45.2510886Z Artifact download URL: https://github.com/atanuroy911/JSON-java/actions/runs/37209308766/artifacts/11305519898
2026-10-04T14:27:45.2662943Z Post job cleanup.
2026-10-04T14:27:45.3568738Z Cache hit occurred on the primary key setup-java-Linux-x64-maven-40ec934311391a1ed94a0338139b7f537e4a16010256806a0a9af7d3f3fc2790, not saving cache.
2026-10-04T14:27:45.3700007Z Post job cleanup.
2026-10-04T14:27:45.4315369Z [command]/usr/bin/git version
2026-10-04T14:27:45.4354476Z git version 2.55.0
2026-10-04T14:27:45.4382163Z Temporarily overriding HOME='/home/runner/work/_temp/8f3b0183-8eab-415a-9399-0fcab6c41d31' before making global git config changes
2026-10-04T14:27:45.4383127Z Adding repository directory to the temporary git global config as a safe directory
2026-10-04T14:27:45.4386850Z [command]/usr/bin/git config --global --add safe.directory /home/runner/work/JSON-java/JSON-java
2026-10-04T14:27:45.4441342Z [command]/usr/bin/git config --local --name-only --get-regexp core\.sshCommand
2026-10-04T14:27:45.4481704Z [command]/usr/bin/git submodule foreach --recursive sh -c "git config --local --name-only --get-regexp 'core\.sshCommand' && git config --local --unset-all 'core.sshCommand' || :"
2026-10-04T14:27:45.4732456Z [command]/usr/bin/git config --local --name-only --get-regexp http\.https\:\/\/github\.com\/\.extraheader
2026-10-04T14:27:45.4773541Z http.https://github.com/.extraheader
2026-10-04T14:27:45.4788210Z [command]/usr/bin/git config --local --unset-all http.https://github.com/.extraheader
2026-10-04T14:27:45.4837087Z [command]/usr/bin/git submodule foreach --recursive sh -c "git config --local --name-only --get-regexp 'http\.https\:\/\/github\.com\/\.extraheader' && git config --local --unset-all 'http.https://github.com/.extraheader' || :"
2026-10-04T14:27:45.5100828Z [command]/usr/bin/git config --local --name-only --get-regexp ^includeIf\.gitdir:
2026-10-04T14:27:45.5138153Z [command]/usr/bin/git submodule foreach --recursive git config --local --show-origin --name-only --get-regexp remote.origin.url
2026-10-04T14:27:45.5469468Z Post job cleanup.
2026-10-04T14:27:45.6360508Z (node:2735) [DEP0040] DeprecationWarning: The `punycode` module is deprecated. Please use a userland alternative instead.
2026-10-04T14:27:45.6361438Z (Use `node --trace-deprecation ...` to show where the warning was created)
2026-10-04T14:27:45.6506876Z Cleaning up orphan processes
2026-10-04T14:27:45.6768777Z Terminate orphan process: pid (2043) (python3)
2026-10-04T14:27:45.6777061Z ##[warning]Node.js 20 is deprecated. The following actions target Node.js 20 but are being forced to run on Node.js 24: actions/setup-python@v5, actions/upload-artifact@v4. For more information see: https://github.blog/changelog/2025-09-19-deprecation-of-node-20-on-github-actions-runners/
