[1/110] TheAlgorithms/Java
[2/110] alibaba/arthas
[3/110] netty/netty
[4/110] zxing/zxing
[5/110] alibaba/easyexcel
[6/110] alibaba/nacos
[7/110] apolloconfig/apollo
[8/110] alibaba/druid
[9/110] xuxueli/xxl-job
[10/110] apache/incubator-seata
[11/110] apache/skywalking
[12/110] google/gson
[13/110] redisson/redisson
[14/110] OpenAPITools/openapi-generator
[15/110] apache/rocketmq
[16/110] apache/shardingsphere
[17/110] mybatis/mybatis-3
[18/110] linlinjava/litemall
[19/110] dianping/cat
[20/110] thingsboard/thingsboard
[21/110] antlr/antlr4
[22/110] openzipkin/zipkin
[23/110] infinilabs/analysis-ik
[24/110] YunaiV/yudao-cloud
[25/110] prestodb/presto
[26/110] Konloch/bytecode-viewer
[27/110] questdb/questdb
[28/110] eclipse-vertx/vert.x
[29/110] apache/pulsar
[30/110] quarkusio/quarkus
[31/110] apache/druid
[32/110] pinpoint-apm/pinpoint
[33/110] apache/dolphinscheduler
[34/110] codecentric/spring-boot-admin
[35/110] pagehelper/Mybatis-PageHelper
[36/110] apache/zookeeper
[37/110] alibaba/COLA
[38/110] redis/jedis
[39/110] cryptomator/cryptomator
[40/110] metersphere/metersphere
[41/110] jhy/jsoup
[42/110] OpenRefine/OpenRefine
[43/110] kekingcn/kkFileView
[44/110] debezium/debezium
[45/110] TooTallNate/Java-WebSocket
[46/110] clojure/clojure
[47/110] trinodb/trino
[48/110] signalapp/Signal-Server
[49/110] apache/shenyu
[50/110] checkstyle/checkstyle
[51/110] flyway/flyway
[52/110] apache/shardingsphere-elasticjob
[53/110] karatelabs/karate
[54/110] flowable/flowable-engine
[55/110] alibaba/transmittable-thread-local
[56/110] swagger-api/swagger-core
[57/110] abel533/Mapper
[58/110] rest-assured/rest-assured
[59/110] apache/zeppelin
[60/110] jeremylong/DependencyCheck
[61/110] AsyncHttpClient/async-http-client
[62/110] joelittlejohn/jsonschema2pojo
[63/110] gunnarmorling/1brc
[64/110] apache/incubator-kie-drools
[65/110] changmingxie/tcc-transaction
[66/110] jetlinks/jetlinks-community
[67/110] Nepxion/Discovery
[68/110] apache/camel
[69/110] javaparser/javaparser
[70/110] socketio/socket.io-client-java
[71/110] JanusGraph/janusgraph
[72/110] graphhopper/graphhopper
[73/110] citerus/dddsample-core
[74/110] spring-cloud/spring-cloud-netflix
[75/110] apache/nifi
[76/110] strimzi/strimzi-kafka-operator
[77/110] killbill/killbill
[78/110] stleary/JSON-java
[79/110] spring-cloud/spring-cloud-gateway
[80/110] killme2008/aviatorscript
[81/110] apache/maven
[82/110] jacoco/jacoco
[83/110] jitsi/jitsi
[84/110] mybatis/spring-boot-starter
[85/110] dromara/hmily
[86/110] jboss-javassist/javassist
[87/110] crate/crate
[88/110] DTStack/chunjun
[89/110] apache/incubator-streampark
[90/110] knowm/XChange
[91/110] jetty/jetty.project
[92/110] sofastack/sofa-rpc
[93/110] awaitility/awaitility
[94/110] dromara/dynamic-tp
[95/110] Atmosphere/atmosphere
[96/110] lukas-krecan/ShedLock
[97/110] sofastack/sofa-jraft
[98/110] kubernetes-client/java
[99/110] vert-x3/vertx-examples
[100/110] LibrePDF/OpenPDF
[101/110] jtablesaw/tablesaw
[102/110] spring-io/initializr
[103/110] immutables/immutables
[104/110] fabric8io/kubernetes-client
[105/110] torakiki/pdfsam
[106/110] aragozin/jvm-tools
[107/110] apache/linkis
[108/110] camunda/camunda
[109/110] Tencent/spring-cloud-tencent
[110/110] bastillion-io/Bastillion
done: 110 repos, 110 with paper-era workflows
