2026-09-04T07:38:17.9005608Z Current runner version: '2.337.0'
2026-09-04T07:38:17.9031551Z ##[group]Runner Image Provisioner
2026-09-04T07:38:17.9032481Z Hosted Compute Agent
2026-09-04T07:38:17.9033056Z Version: 20260828.587
2026-09-04T07:38:17.9034086Z Commit: abac92662cab4cc7352de4f9f9d2e2419aad9c29
2026-09-04T07:38:17.9034838Z Build Date: 2026-08-28T16:44:25Z
2026-09-04T07:38:17.9035575Z Worker ID: {7bc0c2de-4547-464f-b835-3771ae2949b5}
2026-09-04T07:38:17.9036324Z Azure Region: westus3
2026-09-04T07:38:17.9036908Z ##[endgroup]
2026-09-04T07:38:17.9038812Z ##[group]Operating System
2026-09-04T07:38:17.9039530Z Ubuntu
2026-09-04T07:38:17.9040127Z 24.04.4
2026-09-04T07:38:17.9040658Z LTS
2026-09-04T07:38:17.9041215Z ##[endgroup]
2026-09-04T07:38:17.9042263Z ##[group]Runner Image
2026-09-04T07:38:17.9042900Z Image: ubuntu-24.04
2026-09-04T07:38:17.9043743Z Version: 20260831.293.1
2026-09-04T07:38:17.9045145Z Included Software: https://github.com/actions/runner-images/blob/ubuntu24/20260831.293/images/ubuntu/Ubuntu2404-Readme.md
2026-09-04T07:38:17.9046777Z Image Release: https://github.com/actions/runner-images/releases/tag/ubuntu24%2F20260831.293
2026-09-04T07:38:17.9047739Z ##[endgroup]
2026-09-04T07:38:17.9048893Z ##[group]GITHUB_TOKEN Permissions
2026-09-04T07:38:17.9051231Z Contents: read
2026-09-04T07:38:17.9051843Z Metadata: read
2026-09-04T07:38:17.9052557Z ##[endgroup]
2026-09-04T07:38:17.9055486Z Secret source: Actions
2026-09-04T07:38:17.9056690Z Prepare workflow directory
2026-09-04T07:38:17.9535615Z Prepare all required actions
2026-09-04T07:38:17.9583797Z Getting action download info
2026-09-04T07:38:18.2944709Z Download action repository 'actions/setup-python@v5' (SHA:a26af69be951a213d495a4c3e4e4022e16d87065)
2026-09-04T07:38:18.4820566Z Download action repository 'actions/checkout@3d3c42e5aac5ba805825da76410c181273ba90b1' (SHA:3d3c42e5aac5ba805825da76410c181273ba90b1)
2026-09-04T07:38:18.5208545Z Download action repository 'actions/setup-java@03ad4de0992f5dab5e18fcb136590ce7c4a0ac95' (SHA:03ad4de0992f5dab5e18fcb136590ce7c4a0ac95)
2026-09-04T07:38:19.4162240Z Download action repository 'actions/upload-artifact@v4' (SHA:ea165f8d65b6e75b540449e92b4886f43607fa02)
2026-09-04T07:38:19.6479210Z Complete job name: build (11)
2026-09-04T07:38:19.7236892Z Node 20 is being deprecated. This workflow is running with Node 24 by default. If you need to temporarily use Node 20, you can set the ACTIONS_ALLOW_USE_UNSECURE_NODE_VERSION=true environment variable. For more information see: https://github.blog/changelog/2025-09-19-deprecation-of-node-20-on-github-actions-runners/
2026-09-04T07:38:19.7246341Z ##[group]Run actions/setup-python@v5
2026-09-04T07:38:19.7247210Z with:
2026-09-04T07:38:19.7247691Z   python-version: 3.10
2026-09-04T07:38:19.7248214Z   check-latest: false
2026-09-04T07:38:19.7252660Z   token: ***
2026-09-04T07:38:19.7253211Z   update-environment: true
2026-09-04T07:38:19.7254258Z   allow-prereleases: false
2026-09-04T07:38:19.7254813Z   freethreaded: false
2026-09-04T07:38:19.7255635Z env:
2026-09-04T07:38:19.7256274Z   MAVEN_ARGS: --show-version --batch-mode --no-transfer-progress
2026-09-04T07:38:19.7257049Z ##[endgroup]
2026-09-04T07:38:19.8679326Z ##[group]Installed versions
2026-09-04T07:38:19.8760830Z (node:2147) [DEP0040] DeprecationWarning: The `punycode` module is deprecated. Please use a userland alternative instead.
2026-09-04T07:38:19.8763728Z (Use `node --trace-deprecation ...` to show where the warning was created)
2026-09-04T07:38:19.8765247Z Successfully set up CPython (3.10.21)
2026-09-04T07:38:19.8768256Z ##[endgroup]
2026-09-04T07:38:19.9054316Z ##[group]Run python -m pip install --upgrade pip
2026-09-04T07:38:19.9055394Z [36;1mpython -m pip install --upgrade pip[0m
2026-09-04T07:38:19.9056116Z [36;1mpip install inotify[0m
2026-09-04T07:38:19.9468690Z shell: /usr/bin/bash -e {0}
2026-09-04T07:38:19.9469800Z env:
2026-09-04T07:38:19.9470946Z   MAVEN_ARGS: --show-version --batch-mode --no-transfer-progress
2026-09-04T07:38:19.9472676Z   pythonLocation: /opt/hostedtoolcache/Python/3.10.21/x64
2026-09-04T07:38:19.9475189Z   PKG_CONFIG_PATH: /opt/hostedtoolcache/Python/3.10.21/x64/lib/pkgconfig
2026-09-04T07:38:19.9476958Z   Python_ROOT_DIR: /opt/hostedtoolcache/Python/3.10.21/x64
2026-09-04T07:38:19.9478732Z   Python2_ROOT_DIR: /opt/hostedtoolcache/Python/3.10.21/x64
2026-09-04T07:38:19.9480381Z   Python3_ROOT_DIR: /opt/hostedtoolcache/Python/3.10.21/x64
2026-09-04T07:38:19.9482496Z   LD_LIBRARY_PATH: /opt/hostedtoolcache/Python/3.10.21/x64/lib
2026-09-04T07:38:19.9484224Z ##[endgroup]
2026-09-04T07:38:23.1938499Z Requirement already satisfied: pip in /opt/hostedtoolcache/Python/3.10.21/x64/lib/python3.10/site-packages (26.2.1)
2026-09-04T07:38:29.3534868Z Collecting inotify
2026-09-04T07:38:29.4032146Z   Downloading inotify-0.2.12-py2.py3-none-any.whl.metadata (7.2 kB)
2026-09-04T07:38:29.4319114Z Collecting build (from inotify)
2026-09-04T07:38:29.4357537Z   Downloading build-1.6.0-py3-none-any.whl.metadata (5.6 kB)
2026-09-04T07:38:29.4650681Z Collecting packaging>=24.0 (from build->inotify)
2026-09-04T07:38:29.4696575Z   Downloading packaging-26.3-py3-none-any.whl.metadata (3.5 kB)
2026-09-04T07:38:29.4883865Z Collecting pyproject_hooks (from build->inotify)
2026-09-04T07:38:29.4920569Z   Downloading pyproject_hooks-1.2.0-py3-none-any.whl.metadata (1.3 kB)
2026-09-04T07:38:29.5394090Z Collecting tomli>=1.1.0 (from build->inotify)
2026-09-04T07:38:29.5440992Z   Downloading tomli-2.4.1-py3-none-any.whl.metadata (10 kB)
2026-09-04T07:38:29.5542963Z Downloading inotify-0.2.12-py2.py3-none-any.whl (20 kB)
2026-09-04T07:38:29.5609327Z Downloading build-1.6.0-py3-none-any.whl (31 kB)
2026-09-04T07:38:29.5699197Z Downloading packaging-26.3-py3-none-any.whl (129 kB)
2026-09-04T07:38:29.5798208Z Downloading tomli-2.4.1-py3-none-any.whl (14 kB)
2026-09-04T07:38:29.5871345Z Downloading pyproject_hooks-1.2.0-py3-none-any.whl (10 kB)
2026-09-04T07:38:29.6257778Z Installing collected packages: tomli, pyproject_hooks, packaging, build, inotify
2026-09-04T07:38:29.7497326Z 
2026-09-04T07:38:29.7512936Z Successfully installed build-1.6.0 inotify-0.2.12 packaging-26.3 pyproject_hooks-1.2.0 tomli-2.4.1
2026-09-04T07:38:29.8030896Z ##[group]Run python3 -c "
2026-09-04T07:38:29.8031239Z [36;1mpython3 -c "[0m
2026-09-04T07:38:29.8031486Z [36;1mimport inotify.adapters[0m
2026-09-04T07:38:29.8031760Z [36;1mimport inotify.constants[0m
2026-09-04T07:38:29.8032027Z [36;1mimport os[0m
2026-09-04T07:38:29.8032293Z [36;1mfrom datetime import datetime, timezone[0m
2026-09-04T07:38:29.8032751Z [36;1mwith open('/home/runner/inotifywait-log-build (11).csv', 'w') as log_file:[0m
2026-09-04T07:38:29.8033850Z [36;1m  i = inotify.adapters.InotifyTree('/home/runner/work/gson/gson', inotify.constants.IN_CREATE | inotify.constants.IN_ACCESS)[0m
2026-09-04T07:38:29.8034548Z [36;1m  for event in i.event_gen(yield_nones=False):[0m
2026-09-04T07:38:29.8034903Z [36;1m    (_, type_names, path, filename) = event[0m
2026-09-04T07:38:29.8035338Z [36;1m    now = datetime.now(timezone.utc).strftime('%Y-%m-%dT%H:%M:%S.%f') + 'Z'[0m
2026-09-04T07:38:29.8035785Z [36;1m    events = ','.join(type_names)[0m
2026-09-04T07:38:29.8036196Z [36;1m    log_file.write(f'{now};{path};{filename};{events}\n')[0m
2026-09-04T07:38:29.8036547Z [36;1m    log_file.flush()[0m
2026-09-04T07:38:29.8036799Z [36;1m    os.fsync(log_file.fileno())[0m
2026-09-04T07:38:29.8037063Z [36;1m" &[0m
2026-09-04T07:38:29.8076322Z shell: /usr/bin/bash -e {0}
2026-09-04T07:38:29.8076587Z env:
2026-09-04T07:38:29.8076911Z   MAVEN_ARGS: --show-version --batch-mode --no-transfer-progress
2026-09-04T07:38:29.8077381Z   pythonLocation: /opt/hostedtoolcache/Python/3.10.21/x64
2026-09-04T07:38:29.8077818Z   PKG_CONFIG_PATH: /opt/hostedtoolcache/Python/3.10.21/x64/lib/pkgconfig
2026-09-04T07:38:29.8078243Z   Python_ROOT_DIR: /opt/hostedtoolcache/Python/3.10.21/x64
2026-09-04T07:38:29.8078631Z   Python2_ROOT_DIR: /opt/hostedtoolcache/Python/3.10.21/x64
2026-09-04T07:38:29.8079014Z   Python3_ROOT_DIR: /opt/hostedtoolcache/Python/3.10.21/x64
2026-09-04T07:38:29.8079399Z   LD_LIBRARY_PATH: /opt/hostedtoolcache/Python/3.10.21/x64/lib
2026-09-04T07:38:29.8079965Z ##[endgroup]
2026-09-04T07:38:34.8258687Z ##[group]Run actions/checkout@3d3c42e5aac5ba805825da76410c181273ba90b1
2026-09-04T07:38:34.8259097Z with:
2026-09-04T07:38:34.8259312Z   persist-credentials: false
2026-09-04T07:38:34.8259574Z   repository: atanuroy911/gson
2026-09-04T07:38:34.8261967Z   token: ***
2026-09-04T07:38:34.8262169Z   ssh-strict: true
2026-09-04T07:38:34.8262367Z   ssh-user: git
2026-09-04T07:38:34.8262554Z   clean: true
2026-09-04T07:38:34.8262762Z   sparse-checkout-cone-mode: true
2026-09-04T07:38:34.8263013Z   fetch-depth: 1
2026-09-04T07:38:34.8263207Z   fetch-tags: false
2026-09-04T07:38:34.8263607Z   show-progress: true
2026-09-04T07:38:34.8263807Z   lfs: false
2026-09-04T07:38:34.8263989Z   submodules: false
2026-09-04T07:38:34.8264191Z   set-safe-directory: true
2026-09-04T07:38:34.8264437Z   allow-unsafe-pr-checkout: false
2026-09-04T07:38:34.8264681Z env:
2026-09-04T07:38:34.8264950Z   MAVEN_ARGS: --show-version --batch-mode --no-transfer-progress
2026-09-04T07:38:34.8265407Z   pythonLocation: /opt/hostedtoolcache/Python/3.10.21/x64
2026-09-04T07:38:34.8265829Z   PKG_CONFIG_PATH: /opt/hostedtoolcache/Python/3.10.21/x64/lib/pkgconfig
2026-09-04T07:38:34.8266239Z   Python_ROOT_DIR: /opt/hostedtoolcache/Python/3.10.21/x64
2026-09-04T07:38:34.8266604Z   Python2_ROOT_DIR: /opt/hostedtoolcache/Python/3.10.21/x64
2026-09-04T07:38:34.8266967Z   Python3_ROOT_DIR: /opt/hostedtoolcache/Python/3.10.21/x64
2026-09-04T07:38:34.8267340Z   LD_LIBRARY_PATH: /opt/hostedtoolcache/Python/3.10.21/x64/lib
2026-09-04T07:38:34.8267658Z ##[endgroup]
2026-09-04T07:38:34.9122002Z Syncing repository: atanuroy911/gson
2026-09-04T07:38:34.9123024Z ##[group]Getting Git version info
2026-09-04T07:38:34.9123954Z Working directory is '/home/runner/work/gson/gson'
2026-09-04T07:38:34.9166978Z [command]/usr/bin/git version
2026-09-04T07:38:34.9277286Z git version 2.55.0
2026-09-04T07:38:34.9300802Z ##[endgroup]
2026-09-04T07:38:34.9311884Z Temporarily overriding HOME='/home/runner/work/_temp/cb9a88cf-626d-422d-acf2-b7789aed12de' before making global git config changes
2026-09-04T07:38:34.9313764Z Adding repository directory to the temporary git global config as a safe directory
2026-09-04T07:38:34.9318874Z [command]/usr/bin/git config --global --add safe.directory /home/runner/work/gson/gson
2026-09-04T07:38:34.9380104Z Deleting the contents of '/home/runner/work/gson/gson'
2026-09-04T07:38:34.9387802Z ##[group]Determining repository object format
2026-09-04T07:38:34.9389970Z ##[endgroup]
2026-09-04T07:38:34.9390779Z ##[group]Initializing the repository
2026-09-04T07:38:34.9395108Z [command]/usr/bin/git init /home/runner/work/gson/gson
2026-09-04T07:38:34.9532652Z hint: Using 'master' as the name for the initial branch. This default branch name
2026-09-04T07:38:34.9539302Z hint: will change to "main" in Git 3.0. To configure the initial branch name
2026-09-04T07:38:34.9539906Z hint: to use in all of your new repositories, which will suppress this warning,
2026-09-04T07:38:34.9540344Z hint: call:
2026-09-04T07:38:34.9540538Z hint:
2026-09-04T07:38:34.9540907Z hint: 	git config --global init.defaultBranch <name>
2026-09-04T07:38:34.9541297Z hint:
2026-09-04T07:38:34.9541602Z hint: Names commonly chosen instead of 'master' are 'main', 'trunk' and
2026-09-04T07:38:34.9542465Z hint: 'development'. The just-created branch can be renamed via this command:
2026-09-04T07:38:34.9543185Z hint:
2026-09-04T07:38:34.9543716Z hint: 	git branch -m <name>
2026-09-04T07:38:34.9544149Z hint:
2026-09-04T07:38:34.9544479Z hint: Disable this message with "git config set advice.defaultBranchName false"
2026-09-04T07:38:34.9545136Z Initialized empty Git repository in /home/runner/work/gson/gson/.git/
2026-09-04T07:38:34.9552269Z [command]/usr/bin/git remote add origin https://github.com/atanuroy911/gson
2026-09-04T07:38:34.9617655Z ##[endgroup]
2026-09-04T07:38:34.9618529Z ##[group]Disabling automatic garbage collection
2026-09-04T07:38:34.9619366Z [command]/usr/bin/git config --local gc.auto 0
2026-09-04T07:38:34.9659786Z ##[endgroup]
2026-09-04T07:38:34.9661051Z ##[group]Setting up auth
2026-09-04T07:38:34.9663699Z Removing SSH command configuration
2026-09-04T07:38:34.9674212Z [command]/usr/bin/git config --local --name-only --get-regexp core\.sshCommand
2026-09-04T07:38:34.9707734Z [command]/usr/bin/git submodule foreach --recursive sh -c "git config --local --name-only --get-regexp 'core\.sshCommand' && git config --local --unset-all 'core.sshCommand' || :"
2026-09-04T07:38:35.0114554Z Removing HTTP extra header
2026-09-04T07:38:35.0120158Z [command]/usr/bin/git config --local --name-only --get-regexp http\.https\:\/\/github\.com\/\.extraheader
2026-09-04T07:38:35.0164707Z [command]/usr/bin/git submodule foreach --recursive sh -c "git config --local --name-only --get-regexp 'http\.https\:\/\/github\.com\/\.extraheader' && git config --local --unset-all 'http.https://github.com/.extraheader' || :"
2026-09-04T07:38:35.0409116Z Removing includeIf entries pointing to credentials config files
2026-09-04T07:38:35.0414187Z [command]/usr/bin/git config --local --name-only --get-regexp ^includeIf\.gitdir:
2026-09-04T07:38:35.0452661Z [command]/usr/bin/git submodule foreach --recursive git config --local --show-origin --name-only --get-regexp remote.origin.url
2026-09-04T07:38:35.0710146Z [command]/usr/bin/git config --file /home/runner/work/_temp/git-credentials-dc30f67b-ee6b-468f-b40a-c1c96bbdb50b.config http.https://github.com/.extraheader AUTHORIZATION: basic ***
2026-09-04T07:38:35.0761721Z [command]/usr/bin/git config --local includeIf.gitdir:/home/runner/work/gson/gson/.git.path /home/runner/work/_temp/git-credentials-dc30f67b-ee6b-468f-b40a-c1c96bbdb50b.config
2026-09-04T07:38:35.0801222Z [command]/usr/bin/git config --local includeIf.gitdir:/home/runner/work/gson/gson/.git/worktrees/*.path /home/runner/work/_temp/git-credentials-dc30f67b-ee6b-468f-b40a-c1c96bbdb50b.config
2026-09-04T07:38:35.0843841Z [command]/usr/bin/git config --local includeIf.gitdir:/github/workspace/.git.path /github/runner_temp/git-credentials-dc30f67b-ee6b-468f-b40a-c1c96bbdb50b.config
2026-09-04T07:38:35.0882037Z [command]/usr/bin/git config --local includeIf.gitdir:/github/workspace/.git/worktrees/*.path /github/runner_temp/git-credentials-dc30f67b-ee6b-468f-b40a-c1c96bbdb50b.config
2026-09-04T07:38:35.0920119Z ##[endgroup]
2026-09-04T07:38:35.0920919Z ##[group]Fetching the repository
2026-09-04T07:38:35.0928551Z [command]/usr/bin/git -c protocol.version=2 fetch --no-tags --prune --no-recurse-submodules --depth=1 origin +4dd947df69aa3ea7d3a11b253ef1ecb587454312:refs/remotes/origin/optcd-run
2026-09-04T07:38:36.1295238Z From https://github.com/atanuroy911/gson
2026-09-04T07:38:36.1296395Z  * [new ref]         4dd947df69aa3ea7d3a11b253ef1ecb587454312 -> origin/optcd-run
2026-09-04T07:38:36.1307080Z [command]/usr/bin/git branch --list --remote origin/optcd-run
2026-09-04T07:38:36.1344190Z   origin/optcd-run
2026-09-04T07:38:36.1354503Z [command]/usr/bin/git rev-parse refs/remotes/origin/optcd-run
2026-09-04T07:38:36.1386483Z 4dd947df69aa3ea7d3a11b253ef1ecb587454312
2026-09-04T07:38:36.1391621Z ##[endgroup]
2026-09-04T07:38:36.1392272Z ##[group]Determining the checkout info
2026-09-04T07:38:36.1392968Z ##[endgroup]
2026-09-04T07:38:36.1397901Z [command]/usr/bin/git sparse-checkout disable
2026-09-04T07:38:36.1464464Z [command]/usr/bin/git config --local --unset-all extensions.worktreeConfig
2026-09-04T07:38:36.1507669Z ##[group]Checking out the ref
2026-09-04T07:38:36.1513447Z [command]/usr/bin/git checkout --progress --force -B optcd-run refs/remotes/origin/optcd-run
2026-09-04T07:38:36.2076473Z Switched to a new branch 'optcd-run'
2026-09-04T07:38:36.2082168Z branch 'optcd-run' set up to track 'origin/optcd-run'.
2026-09-04T07:38:36.2092223Z ##[endgroup]
2026-09-04T07:38:36.2153914Z [command]/usr/bin/git log -1 --format=%H
2026-09-04T07:38:36.2191174Z 4dd947df69aa3ea7d3a11b253ef1ecb587454312
2026-09-04T07:38:36.2204645Z ##[group]Removing auth
2026-09-04T07:38:36.2205161Z Removing SSH command configuration
2026-09-04T07:38:36.2206513Z [command]/usr/bin/git config --local --name-only --get-regexp core\.sshCommand
2026-09-04T07:38:36.2251677Z [command]/usr/bin/git submodule foreach --recursive sh -c "git config --local --name-only --get-regexp 'core\.sshCommand' && git config --local --unset-all 'core.sshCommand' || :"
2026-09-04T07:38:36.2518143Z Removing HTTP extra header
2026-09-04T07:38:36.2521985Z [command]/usr/bin/git config --local --name-only --get-regexp http\.https\:\/\/github\.com\/\.extraheader
2026-09-04T07:38:36.2563052Z [command]/usr/bin/git submodule foreach --recursive sh -c "git config --local --name-only --get-regexp 'http\.https\:\/\/github\.com\/\.extraheader' && git config --local --unset-all 'http.https://github.com/.extraheader' || :"
2026-09-04T07:38:36.2805429Z Removing includeIf entries pointing to credentials config files
2026-09-04T07:38:36.2824452Z [command]/usr/bin/git config --local --name-only --get-regexp ^includeIf\.gitdir:
2026-09-04T07:38:36.2853594Z includeif.gitdir:/home/runner/work/gson/gson/.git.path
2026-09-04T07:38:36.2854711Z includeif.gitdir:/home/runner/work/gson/gson/.git/worktrees/*.path
2026-09-04T07:38:36.2855900Z includeif.gitdir:/github/workspace/.git.path
2026-09-04T07:38:36.2856844Z includeif.gitdir:/github/workspace/.git/worktrees/*.path
2026-09-04T07:38:36.2864763Z [command]/usr/bin/git config --local --get-all includeif.gitdir:/home/runner/work/gson/gson/.git.path
2026-09-04T07:38:36.2896044Z /home/runner/work/_temp/git-credentials-dc30f67b-ee6b-468f-b40a-c1c96bbdb50b.config
2026-09-04T07:38:36.2906975Z [command]/usr/bin/git config --local --unset includeif.gitdir:/home/runner/work/gson/gson/.git.path \/home\/runner\/work\/_temp\/git\-credentials\-dc30f67b\-ee6b\-468f\-b40a\-c1c96bbdb50b\.config
2026-09-04T07:38:36.2950929Z [command]/usr/bin/git config --local --get-all includeif.gitdir:/home/runner/work/gson/gson/.git/worktrees/*.path
2026-09-04T07:38:36.2982984Z /home/runner/work/_temp/git-credentials-dc30f67b-ee6b-468f-b40a-c1c96bbdb50b.config
2026-09-04T07:38:36.2992642Z [command]/usr/bin/git config --local --unset includeif.gitdir:/home/runner/work/gson/gson/.git/worktrees/*.path \/home\/runner\/work\/_temp\/git\-credentials\-dc30f67b\-ee6b\-468f\-b40a\-c1c96bbdb50b\.config
2026-09-04T07:38:36.3029754Z [command]/usr/bin/git config --local --get-all includeif.gitdir:/github/workspace/.git.path
2026-09-04T07:38:36.3076741Z /github/runner_temp/git-credentials-dc30f67b-ee6b-468f-b40a-c1c96bbdb50b.config
2026-09-04T07:38:36.3078580Z [command]/usr/bin/git config --local --unset includeif.gitdir:/github/workspace/.git.path \/github\/runner_temp\/git\-credentials\-dc30f67b\-ee6b\-468f\-b40a\-c1c96bbdb50b\.config
2026-09-04T07:38:36.3136948Z [command]/usr/bin/git config --local --get-all includeif.gitdir:/github/workspace/.git/worktrees/*.path
2026-09-04T07:38:36.3182435Z /github/runner_temp/git-credentials-dc30f67b-ee6b-468f-b40a-c1c96bbdb50b.config
2026-09-04T07:38:36.3191684Z [command]/usr/bin/git config --local --unset includeif.gitdir:/github/workspace/.git/worktrees/*.path \/github\/runner_temp\/git\-credentials\-dc30f67b\-ee6b\-468f\-b40a\-c1c96bbdb50b\.config
2026-09-04T07:38:36.3238796Z [command]/usr/bin/git submodule foreach --recursive git config --local --show-origin --name-only --get-regexp remote.origin.url
2026-09-04T07:38:36.3480442Z Removing credentials config '/home/runner/work/_temp/git-credentials-dc30f67b-ee6b-468f-b40a-c1c96bbdb50b.config'
2026-09-04T07:38:36.3490887Z ##[endgroup]
2026-09-04T07:38:36.3603169Z ##[group]Run touch optcd-3.txt
2026-09-04T07:38:36.3603790Z [36;1mtouch optcd-3.txt[0m
2026-09-04T07:38:36.3640447Z shell: /usr/bin/bash -e {0}
2026-09-04T07:38:36.3640700Z env:
2026-09-04T07:38:36.3640989Z   MAVEN_ARGS: --show-version --batch-mode --no-transfer-progress
2026-09-04T07:38:36.3641425Z   pythonLocation: /opt/hostedtoolcache/Python/3.10.21/x64
2026-09-04T07:38:36.3641868Z   PKG_CONFIG_PATH: /opt/hostedtoolcache/Python/3.10.21/x64/lib/pkgconfig
2026-09-04T07:38:36.3642297Z   Python_ROOT_DIR: /opt/hostedtoolcache/Python/3.10.21/x64
2026-09-04T07:38:36.3642847Z   Python2_ROOT_DIR: /opt/hostedtoolcache/Python/3.10.21/x64
2026-09-04T07:38:36.3643221Z   Python3_ROOT_DIR: /opt/hostedtoolcache/Python/3.10.21/x64
2026-09-04T07:38:36.3643889Z   LD_LIBRARY_PATH: /opt/hostedtoolcache/Python/3.10.21/x64/lib
2026-09-04T07:38:36.3644225Z ##[endgroup]
2026-09-04T07:38:36.3826893Z ##[group]Run actions/setup-java@03ad4de0992f5dab5e18fcb136590ce7c4a0ac95
2026-09-04T07:38:36.3827308Z with:
2026-09-04T07:38:36.3827503Z   distribution: temurin
2026-09-04T07:38:36.3827723Z   java-version: 11
2026-09-04T07:38:36.3827919Z   cache: maven
2026-09-04T07:38:36.3828114Z   java-package: jdk
2026-09-04T07:38:36.3828323Z   check-latest: false
2026-09-04T07:38:36.3828531Z   set-default: true
2026-09-04T07:38:36.3828733Z   verify-signature: false
2026-09-04T07:38:36.3828956Z   server-id: github
2026-09-04T07:38:36.3829157Z   server-username: GITHUB_ACTOR
2026-09-04T07:38:36.3829403Z   server-password: GITHUB_TOKEN
2026-09-04T07:38:36.3829646Z   overwrite-settings: true
2026-09-04T07:38:36.3829881Z   job-status: success
2026-09-04T07:38:36.3832240Z   token: ***
2026-09-04T07:38:36.3832460Z   show-download-progress: false
2026-09-04T07:38:36.3832703Z env:
2026-09-04T07:38:36.3832970Z   MAVEN_ARGS: --show-version --batch-mode --no-transfer-progress
2026-09-04T07:38:36.3833614Z   pythonLocation: /opt/hostedtoolcache/Python/3.10.21/x64
2026-09-04T07:38:36.3834033Z   PKG_CONFIG_PATH: /opt/hostedtoolcache/Python/3.10.21/x64/lib/pkgconfig
2026-09-04T07:38:36.3834446Z   Python_ROOT_DIR: /opt/hostedtoolcache/Python/3.10.21/x64
2026-09-04T07:38:36.3834818Z   Python2_ROOT_DIR: /opt/hostedtoolcache/Python/3.10.21/x64
2026-09-04T07:38:36.3835186Z   Python3_ROOT_DIR: /opt/hostedtoolcache/Python/3.10.21/x64
2026-09-04T07:38:36.3835563Z   LD_LIBRARY_PATH: /opt/hostedtoolcache/Python/3.10.21/x64/lib
2026-09-04T07:38:36.3835876Z ##[endgroup]
2026-09-04T07:38:36.5399998Z ##[group]Installed distributions
2026-09-04T07:38:36.5653754Z Resolved Java 11.0.32+9 from tool-cache
2026-09-04T07:38:36.5654577Z Setting Java 11.0.32+9 as the default
2026-09-04T07:38:36.5666325Z Creating toolchains.xml for JDK version 11 from temurin
2026-09-04T07:38:36.5750363Z Writing to /home/runner/.m2/toolchains.xml
2026-09-04T07:38:36.5750799Z 
2026-09-04T07:38:36.5774800Z Java configuration:
2026-09-04T07:38:36.5778698Z   Distribution: temurin
2026-09-04T07:38:36.5804165Z   Version: 11.0.32+9
2026-09-04T07:38:36.5814000Z   Path: /opt/hostedtoolcache/Java_Temurin-Hotspot_jdk/11.0.32-9/x64
2026-09-04T07:38:36.5814314Z 
2026-09-04T07:38:36.5814659Z ##[endgroup]
2026-09-04T07:38:36.5834610Z Creating settings.xml with server-id: github
2026-09-04T07:38:36.5835203Z Writing to /home/runner/.m2/settings.xml
2026-09-04T07:38:36.9027236Z Cache hit for: setup-java-Linux-x64-maven-54d6cf3fdc484699667bbaed4dbae25f9a0a3aa7871d212484a098a067310682
2026-09-04T07:38:38.0741982Z Received 21123357 of 21123357 (100.0%), 21.2 MBs/sec
2026-09-04T07:38:38.0742503Z Cache Size: ~20 MB (21123357 B)
2026-09-04T07:38:38.0774573Z [command]/usr/bin/tar -xf /home/runner/work/_temp/1d96951d-7c4e-4447-b69b-6265a1e95b3c/cache.tzst -P -C /home/runner/work/gson/gson --use-compress-program unzstd
2026-09-04T07:38:38.1517835Z Cache restored successfully
2026-09-04T07:38:38.1533074Z Cache restored from key: setup-java-Linux-x64-maven-54d6cf3fdc484699667bbaed4dbae25f9a0a3aa7871d212484a098a067310682
2026-09-04T07:38:38.2386889Z ##[group]Run touch optcd-4.txt
2026-09-04T07:38:38.2387236Z [36;1mtouch optcd-4.txt[0m
2026-09-04T07:38:38.2429722Z shell: /usr/bin/bash -e {0}
2026-09-04T07:38:38.2429984Z env:
2026-09-04T07:38:38.2430344Z   MAVEN_ARGS: --show-version --batch-mode --no-transfer-progress
2026-09-04T07:38:38.2430830Z   pythonLocation: /opt/hostedtoolcache/Python/3.10.21/x64
2026-09-04T07:38:38.2431293Z   PKG_CONFIG_PATH: /opt/hostedtoolcache/Python/3.10.21/x64/lib/pkgconfig
2026-09-04T07:38:38.2431831Z   Python_ROOT_DIR: /opt/hostedtoolcache/Python/3.10.21/x64
2026-09-04T07:38:38.2432393Z   Python2_ROOT_DIR: /opt/hostedtoolcache/Python/3.10.21/x64
2026-09-04T07:38:38.2432988Z   Python3_ROOT_DIR: /opt/hostedtoolcache/Python/3.10.21/x64
2026-09-04T07:38:38.2433753Z   LD_LIBRARY_PATH: /opt/hostedtoolcache/Python/3.10.21/x64/lib
2026-09-04T07:38:38.2434202Z   JAVA_HOME: /opt/hostedtoolcache/Java_Temurin-Hotspot_jdk/11.0.32-9/x64
2026-09-04T07:38:38.2434862Z   JAVA_HOME_11_X64: /opt/hostedtoolcache/Java_Temurin-Hotspot_jdk/11.0.32-9/x64
2026-09-04T07:38:38.2435380Z ##[endgroup]
2026-09-04T07:38:38.2563078Z ##[group]Run mvn verify javadoc:jar -Denforcer.fail=false --projects '!test-graal-native-image,!proto'
2026-09-04T07:38:38.2564734Z [36;1mmvn verify javadoc:jar -Denforcer.fail=false --projects '!test-graal-native-image,!proto'[0m
2026-09-04T07:38:38.2616694Z shell: /usr/bin/bash -e {0}
2026-09-04T07:38:38.2617165Z env:
2026-09-04T07:38:38.2617677Z   MAVEN_ARGS: --show-version --batch-mode --no-transfer-progress
2026-09-04T07:38:38.2618490Z   pythonLocation: /opt/hostedtoolcache/Python/3.10.21/x64
2026-09-04T07:38:38.2618962Z   PKG_CONFIG_PATH: /opt/hostedtoolcache/Python/3.10.21/x64/lib/pkgconfig
2026-09-04T07:38:38.2619534Z   Python_ROOT_DIR: /opt/hostedtoolcache/Python/3.10.21/x64
2026-09-04T07:38:38.2620187Z   Python2_ROOT_DIR: /opt/hostedtoolcache/Python/3.10.21/x64
2026-09-04T07:38:38.2620910Z   Python3_ROOT_DIR: /opt/hostedtoolcache/Python/3.10.21/x64
2026-09-04T07:38:38.2621622Z   LD_LIBRARY_PATH: /opt/hostedtoolcache/Python/3.10.21/x64/lib
2026-09-04T07:38:38.2622202Z   JAVA_HOME: /opt/hostedtoolcache/Java_Temurin-Hotspot_jdk/11.0.32-9/x64
2026-09-04T07:38:38.2622777Z   JAVA_HOME_11_X64: /opt/hostedtoolcache/Java_Temurin-Hotspot_jdk/11.0.32-9/x64
2026-09-04T07:38:38.2623742Z ##[endgroup]
2026-09-04T07:38:42.8821625Z Apache Maven 3.9.16 (2bdd9fddda4b155ebf8000e807eb73fd829a51d5)
2026-09-04T07:38:42.8822645Z Maven home: /usr/share/apache-maven-3.9.16
2026-09-04T07:38:42.8823852Z Java version: 11.0.32, vendor: Eclipse Adoptium, runtime: /usr/lib/jvm/temurin-11-jdk-amd64
2026-09-04T07:38:42.8824979Z Default locale: en, platform encoding: UTF-8
2026-09-04T07:38:42.8825934Z OS name: "linux", version: "6.17.0-1022-azure", arch: "amd64", family: "unix"
2026-09-04T07:38:45.3705884Z [INFO] Scanning for projects...
2026-09-04T07:38:45.8065779Z [INFO] Inspecting build with total of 6 modules
2026-09-04T07:38:45.8130728Z [INFO] Installing Central Publishing features
2026-09-04T07:38:45.8173160Z [INFO] ------------------------------------------------------------------------
2026-09-04T07:38:45.8204129Z [INFO] Reactor Build Order:
2026-09-04T07:38:45.8204958Z [INFO] 
2026-09-04T07:38:45.8223784Z [INFO] Gson Parent                                                        [pom]
2026-09-04T07:38:45.8224792Z [INFO] Gson                                                               [jar]
2026-09-04T07:38:45.8225809Z [INFO] Test: Java Platform Module System (JPMS)                           [jar]
2026-09-04T07:38:45.8227872Z [INFO] Test: Code shrinking (ProGuard / R8)                               [jar]
2026-09-04T07:38:45.8228918Z [INFO] Gson Extras                                                        [jar]
2026-09-04T07:38:45.8229901Z [INFO] Gson Metrics                                                       [jar]
2026-09-04T07:38:47.8800344Z [INFO] 
2026-09-04T07:38:47.8834531Z [INFO] ------------------< com.google.code.gson:gson-parent >------------------
2026-09-04T07:38:47.8854452Z [INFO] Building Gson Parent 2.14.1-SNAPSHOT                               [1/6]
2026-09-04T07:38:47.8884379Z [INFO]   from pom.xml
2026-09-04T07:38:47.8934321Z [INFO] --------------------------------[ pom ]---------------------------------
2026-09-04T07:38:47.9289095Z [INFO] 
2026-09-04T07:38:47.9314621Z [INFO] --- enforcer:3.6.3:enforce (enforce-versions) @ gson-parent ---
2026-09-04T07:38:48.1497386Z [INFO] Rule 0: org.apache.maven.enforcer.rules.version.RequireMavenVersion passed
2026-09-04T07:38:48.1720338Z [WARNING] Rule 1: org.apache.maven.enforcer.rules.version.RequireJavaVersion failed with message:
2026-09-04T07:38:48.1739391Z Detected JDK /usr/lib/jvm/temurin-11-jdk-amd64 is version 11.0.32 which is not in the allowed range [17,22).
2026-09-04T07:38:48.1741273Z [INFO] 
2026-09-04T07:38:48.1742071Z [INFO] --- artifact:3.6.1:buildinfo (default) @ gson-parent ---
2026-09-04T07:38:55.0404870Z [INFO] Auto-skipping goal because module skips install and/or deploy
2026-09-04T07:38:55.0405569Z [INFO] 
2026-09-04T07:38:55.0406042Z [INFO] --- javadoc:3.12.0:jar (default-cli) @ gson-parent ---
2026-09-04T07:38:59.5446848Z [INFO] Not executing Javadoc as the project is not a Java classpath-capable package
2026-09-04T07:38:59.5448254Z [INFO] 
2026-09-04T07:38:59.5450680Z [INFO] ---------------------< com.google.code.gson:gson >----------------------
2026-09-04T07:38:59.5451590Z [INFO] Building Gson 2.14.1-SNAPSHOT                                      [2/6]
2026-09-04T07:38:59.5452289Z [INFO]   from gson/pom.xml
2026-09-04T07:38:59.5452867Z [INFO] --------------------------------[ jar ]---------------------------------
2026-09-04T07:39:00.0485528Z [INFO] 
2026-09-04T07:39:00.0486650Z [INFO] --- enforcer:3.6.3:enforce (enforce-versions) @ gson ---
2026-09-04T07:39:00.0527389Z [INFO] 
2026-09-04T07:39:00.0528580Z [INFO] --- templating:3.1.0:filter-sources (filtering-java-templates) @ gson ---
2026-09-04T07:39:00.0971613Z [INFO] Copying files with filtering to temporary directory.
2026-09-04T07:39:00.1016636Z [INFO] Copying 1 resource from src/main/java-templates to target/templates-tmp4151517166
2026-09-04T07:39:00.1306248Z [INFO] Copied 1 files to output directory: /home/runner/work/gson/gson/gson/target/generated-sources/java-templates
2026-09-04T07:39:00.1308875Z [INFO] Source directory: /home/runner/work/gson/gson/gson/target/generated-sources/java-templates added.
2026-09-04T07:39:00.1311817Z [INFO] 
2026-09-04T07:39:00.1313662Z [INFO] --- resources:3.5.0:resources (default-resources) @ gson ---
2026-09-04T07:39:00.1796734Z [INFO] Copying 1 resource from src/main/resources to target/classes
2026-09-04T07:39:00.1797512Z [INFO] 
2026-09-04T07:39:00.1817116Z [INFO] --- compiler:3.15.0:compile (default-compile) @ gson ---
2026-09-04T07:39:00.4340110Z [INFO] Recompiling the module because of changed source code.
2026-09-04T07:39:00.4377462Z [INFO] Compiling 86 source files with javac [debug deprecation release 8] to target/classes
2026-09-04T07:39:03.0269404Z [INFO] 
2026-09-04T07:39:03.0294735Z [INFO] --- bnd:6.4.0:bnd-process (default) @ gson ---
2026-09-04T07:39:06.3155362Z [WARNING] /home/runner/work/gson/gson/gson/pom.xml [0:0]: Export com.google.gson,  has 1,  private references [com.google.gson.internal]
2026-09-04T07:39:06.3184124Z [INFO] 
2026-09-04T07:39:06.3214241Z [INFO] --- resources:3.5.0:testResources (default-testResources) @ gson ---
2026-09-04T07:39:06.3215365Z [INFO] Copying 1 resource from src/test/resources to target/test-classes
2026-09-04T07:39:06.3244120Z [INFO] 
2026-09-04T07:39:06.3274169Z [INFO] --- compiler:3.15.0:testCompile (default-testCompile) @ gson ---
2026-09-04T07:39:06.3494002Z [INFO] Recompiling the module because of changed dependency.
2026-09-04T07:39:06.3537126Z [INFO] Compiling 120 source files with javac [debug deprecation release 11] to target/test-classes
2026-09-04T07:39:10.4854053Z [INFO] 
2026-09-04T07:39:10.4882273Z [INFO] --- resources:3.5.0:copy-resources (pre-obfuscate-class) @ gson ---
2026-09-04T07:39:10.4996518Z [INFO] Copying 2 resources from target/test-classes/com/google/gson/functional to target/test-classes-obfuscated-injar/com/google/gson/functional
2026-09-04T07:39:10.5025165Z [INFO] 
2026-09-04T07:39:10.5042383Z [INFO] --- proguard:2.7.0:proguard (obfuscate-test-class) @ gson ---
2026-09-04T07:39:13.9089261Z [INFO] execute ProGuard [-injars, '/home/runner/work/gson/gson/gson/target/test-classes-obfuscated-injar'(!META-INF/maven/**,**/*.class), -libraryjars, '/home/runner/.m2/repository/com/google/errorprone/error_prone_annotations/2.50.0/error_prone_annotations-2.50.0.jar', -outjars, '/home/runner/work/gson/gson/gson/target/test-classes-obfuscated-outjar', -include, '/home/runner/work/gson/gson/gson/src/test/resources/testcases-proguard.conf', -libraryjars, '/home/runner/work/gson/gson/gson/target/classes', -libraryjars, '/usr/lib/jvm/temurin-11-jdk-amd64/jmods/java.base.jmod', -printmapping, '/home/runner/work/gson/gson/gson/target/proguard_map.txt', -printseeds, '/home/runner/work/gson/gson/gson/target/proguard_seed.txt']
2026-09-04T07:39:13.9508726Z [INFO] proguard jar: [/home/runner/.m2/repository/com/guardsquare/proguard-base/7.9.1/proguard-base-7.9.1.jar, /home/runner/.m2/repository/com/guardsquare/proguard-core/9.3.2/proguard-core-9.3.2.jar]
2026-09-04T07:39:15.0214530Z  [proguard] ProGuard, version 7.9.1
2026-09-04T07:39:16.5310576Z [INFO] 
2026-09-04T07:39:16.5311221Z [INFO] --- resources:3.5.0:copy-resources (post-obfuscate-class) @ gson ---
2026-09-04T07:39:16.5330643Z [INFO] Copying 2 resources from target/test-classes-obfuscated-outjar/com/google/gson/functional to target/test-classes/com/google/gson/functional
2026-09-04T07:39:16.5340880Z [INFO] 
2026-09-04T07:39:16.5341361Z [INFO] --- surefire:3.5.6:test (default-test) @ gson ---
2026-09-04T07:39:16.9955524Z [INFO] Using auto detected provider org.apache.maven.surefire.junit4.JUnit4Provider
2026-09-04T07:39:17.3205022Z [INFO] 
2026-09-04T07:39:17.3205987Z [INFO] -------------------------------------------------------
2026-09-04T07:39:17.3207021Z [INFO]  T E S T S
2026-09-04T07:39:17.3207816Z [INFO] -------------------------------------------------------
2026-09-04T07:39:17.7338563Z [INFO] Running com.google.gson.JsonPrimitiveTest
2026-09-04T07:39:17.8685314Z [INFO] Tests run: 31, Failures: 0, Errors: 0, Skipped: 0, Time elapsed: 0.115 s -- in com.google.gson.JsonPrimitiveTest
2026-09-04T07:39:17.8714140Z [INFO] Running com.google.gson.JsonArrayAsListTest
2026-09-04T07:39:17.8755479Z [INFO] Tests run: 16, Failures: 0, Errors: 0, Skipped: 0, Time elapsed: 0.008 s -- in com.google.gson.JsonArrayAsListTest
2026-09-04T07:39:17.8756751Z [INFO] Running com.google.gson.functional.JsonAdapterAnnotationOnFieldsTest
2026-09-04T07:39:17.9624277Z [INFO] Tests run: 19, Failures: 0, Errors: 0, Skipped: 0, Time elapsed: 0.083 s -- in com.google.gson.functional.JsonAdapterAnnotationOnFieldsTest
2026-09-04T07:39:17.9627290Z [INFO] Running com.google.gson.functional.TypeVariableTest
2026-09-04T07:39:17.9737450Z [INFO] Tests run: 3, Failures: 0, Errors: 0, Skipped: 0, Time elapsed: 0.006 s -- in com.google.gson.functional.TypeVariableTest
2026-09-04T07:39:17.9739102Z [INFO] Running com.google.gson.functional.MapTest
2026-09-04T07:39:18.1042904Z [INFO] Tests run: 54, Failures: 0, Errors: 0, Skipped: 0, Time elapsed: 0.117 s -- in com.google.gson.functional.MapTest
2026-09-04T07:39:18.1045049Z [INFO] Running com.google.gson.functional.ExposeFieldsTest
2026-09-04T07:39:18.1315783Z [INFO] Tests run: 8, Failures: 0, Errors: 0, Skipped: 0, Time elapsed: 0.019 s -- in com.google.gson.functional.ExposeFieldsTest
2026-09-04T07:39:18.1319175Z [INFO] Running com.google.gson.functional.JsonTreeTest
2026-09-04T07:39:18.1320227Z [INFO] Tests run: 4, Failures: 0, Errors: 0, Skipped: 0, Time elapsed: 0.001 s -- in com.google.gson.functional.JsonTreeTest
2026-09-04T07:39:18.1321310Z [INFO] Running com.google.gson.functional.SecurityTest
2026-09-04T07:39:18.1322330Z [INFO] Tests run: 5, Failures: 0, Errors: 0, Skipped: 0, Time elapsed: 0.003 s -- in com.google.gson.functional.SecurityTest
2026-09-04T07:39:18.1323571Z [INFO] Running com.google.gson.functional.EscapingTest
2026-09-04T07:39:18.1469715Z [INFO] Tests run: 5, Failures: 0, Errors: 0, Skipped: 0, Time elapsed: 0.005 s -- in com.google.gson.functional.EscapingTest
2026-09-04T07:39:18.1471731Z [INFO] Running com.google.gson.functional.CustomSerializerTest
2026-09-04T07:39:18.1486899Z [INFO] Tests run: 5, Failures: 0, Errors: 0, Skipped: 0, Time elapsed: 0.002 s -- in com.google.gson.functional.CustomSerializerTest
2026-09-04T07:39:18.1488415Z [INFO] Running com.google.gson.functional.TreeTypeAdaptersTest
2026-09-04T07:39:18.1535664Z [INFO] Tests run: 2, Failures: 0, Errors: 0, Skipped: 0, Time elapsed: 0.001 s -- in com.google.gson.functional.TreeTypeAdaptersTest
2026-09-04T07:39:18.1537256Z [INFO] Running com.google.gson.functional.InternationalizationTest
2026-09-04T07:39:18.1927276Z [INFO] Tests run: 6, Failures: 0, Errors: 0, Skipped: 0, Time elapsed: 0.002 s -- in com.google.gson.functional.InternationalizationTest
2026-09-04T07:39:18.1954045Z [INFO] Running com.google.gson.functional.CustomDeserializerTest
2026-09-04T07:39:18.2070749Z [INFO] Tests run: 7, Failures: 0, Errors: 0, Skipped: 0, Time elapsed: 0.010 s -- in com.google.gson.functional.CustomDeserializerTest
2026-09-04T07:39:18.2072312Z [INFO] Running com.google.gson.functional.ObjectTest
2026-09-04T07:39:18.2678784Z [INFO] Tests run: 50, Failures: 0, Errors: 0, Skipped: 0, Time elapsed: 0.085 s -- in com.google.gson.functional.ObjectTest
2026-09-04T07:39:18.2680463Z [INFO] Running com.google.gson.functional.EnumWithObfuscatedTest
2026-09-04T07:39:18.2682496Z [INFO] Tests run: 1, Failures: 0, Errors: 0, Skipped: 0, Time elapsed: 0.002 s -- in com.google.gson.functional.EnumWithObfuscatedTest
2026-09-04T07:39:18.2684501Z [INFO] Running com.google.gson.functional.DefaultTypeAdaptersTest
2026-09-04T07:39:18.4784445Z [INFO] Tests run: 80, Failures: 0, Errors: 0, Skipped: 0, Time elapsed: 0.186 s -- in com.google.gson.functional.DefaultTypeAdaptersTest
2026-09-04T07:39:18.4786587Z [INFO] Running com.google.gson.functional.FieldNamingTest
2026-09-04T07:39:18.4873602Z [INFO] Tests run: 6, Failures: 0, Errors: 0, Skipped: 0, Time elapsed: 0 s -- in com.google.gson.functional.FieldNamingTest
2026-09-04T07:39:18.4874865Z [INFO] Running com.google.gson.functional.JavaUtilTest
2026-09-04T07:39:18.4875895Z [INFO] Tests run: 2, Failures: 0, Errors: 0, Skipped: 0, Time elapsed: 0 s -- in com.google.gson.functional.JavaUtilTest
2026-09-04T07:39:18.4876985Z [INFO] Running com.google.gson.functional.PrettyPrintingTest
2026-09-04T07:39:18.4938575Z [INFO] Tests run: 8, Failures: 0, Errors: 0, Skipped: 0, Time elapsed: 0.001 s -- in com.google.gson.functional.PrettyPrintingTest
2026-09-04T07:39:18.4940468Z [INFO] Running com.google.gson.functional.JsonAdapterSerializerDeserializerTest
2026-09-04T07:39:18.4942638Z [INFO] Tests run: 4, Failures: 0, Errors: 0, Skipped: 0, Time elapsed: 0.002 s -- in com.google.gson.functional.JsonAdapterSerializerDeserializerTest
2026-09-04T07:39:18.4944783Z [INFO] Running com.google.gson.functional.ReflectionAccessTest
2026-09-04T07:39:18.5499581Z [INFO] Tests run: 3, Failures: 0, Errors: 0, Skipped: 0, Time elapsed: 0.043 s -- in com.google.gson.functional.ReflectionAccessTest
2026-09-04T07:39:18.5554273Z [INFO] Running com.google.gson.functional.ArrayTest
2026-09-04T07:39:18.5567735Z [INFO] Tests run: 28, Failures: 0, Errors: 0, Skipped: 0, Time elapsed: 0.017 s -- in com.google.gson.functional.ArrayTest
2026-09-04T07:39:18.5626170Z [INFO] Running com.google.gson.functional.StreamingTypeAdaptersTest
2026-09-04T07:39:18.6381729Z [INFO] Tests run: 17, Failures: 0, Errors: 0, Skipped: 0, Time elapsed: 0.025 s -- in com.google.gson.functional.StreamingTypeAdaptersTest
2026-09-04T07:39:18.6404860Z [INFO] Running com.google.gson.functional.LeniencyTest
2026-09-04T07:39:18.6428156Z [INFO] Tests run: 1, Failures: 0, Errors: 0, Skipped: 0, Time elapsed: 0 s -- in com.google.gson.functional.LeniencyTest
2026-09-04T07:39:18.6445096Z [INFO] Running com.google.gson.functional.RuntimeTypeAdapterFactoryFunctionalTest
2026-09-04T07:39:18.6478765Z [INFO] Tests run: 1, Failures: 0, Errors: 0, Skipped: 0, Time elapsed: 0 s -- in com.google.gson.functional.RuntimeTypeAdapterFactoryFunctionalTest
2026-09-04T07:39:18.6514330Z [INFO] Running com.google.gson.functional.TypeAdapterRuntimeTypeWrapperTest
2026-09-04T07:39:18.6566851Z [INFO] Tests run: 7, Failures: 0, Errors: 0, Skipped: 0, Time elapsed: 0 s -- in com.google.gson.functional.TypeAdapterRuntimeTypeWrapperTest
2026-09-04T07:39:18.6575723Z [INFO] Running com.google.gson.functional.FieldExclusionTest
2026-09-04T07:39:18.6614439Z [INFO] Tests run: 3, Failures: 0, Errors: 0, Skipped: 0, Time elapsed: 0 s -- in com.google.gson.functional.FieldExclusionTest
2026-09-04T07:39:18.6654124Z [INFO] Running com.google.gson.functional.ReadersWritersTest
2026-09-04T07:39:18.6674540Z [INFO] Tests run: 11, Failures: 0, Errors: 0, Skipped: 0, Time elapsed: 0.003 s -- in com.google.gson.functional.ReadersWritersTest
2026-09-04T07:39:18.6704376Z [INFO] Running com.google.gson.functional.SerializedNameTest
2026-09-04T07:39:18.6745330Z [INFO] Tests run: 3, Failures: 0, Errors: 0, Skipped: 0, Time elapsed: 0.003 s -- in com.google.gson.functional.SerializedNameTest
2026-09-04T07:39:18.6764911Z [INFO] Running com.google.gson.functional.NullObjectAndFieldTest
2026-09-04T07:39:18.6804652Z [INFO] Tests run: 16, Failures: 0, Errors: 0, Skipped: 0, Time elapsed: 0.009 s -- in com.google.gson.functional.NullObjectAndFieldTest
2026-09-04T07:39:18.6834168Z [INFO] Running com.google.gson.functional.CollectionTest
2026-09-04T07:39:18.6864530Z [INFO] Tests run: 30, Failures: 0, Errors: 0, Skipped: 0, Time elapsed: 0.053 s -- in com.google.gson.functional.CollectionTest
2026-09-04T07:39:18.6894128Z [INFO] Running com.google.gson.functional.VersioningTest
2026-09-04T07:39:18.6964797Z [INFO] Tests run: 10, Failures: 0, Errors: 0, Skipped: 0, Time elapsed: 0.012 s -- in com.google.gson.functional.VersioningTest
2026-09-04T07:39:18.6984079Z [INFO] Running com.google.gson.functional.ParameterizedTypesTest
2026-09-04T07:39:18.7314506Z [INFO] Tests run: 18, Failures: 0, Errors: 0, Skipped: 0, Time elapsed: 0.033 s -- in com.google.gson.functional.ParameterizedTypesTest
2026-09-04T07:39:18.7334305Z [INFO] Running com.google.gson.functional.RawSerializationTest
2026-09-04T07:39:18.7374505Z [INFO] Tests run: 5, Failures: 0, Errors: 0, Skipped: 0, Time elapsed: 0.004 s -- in com.google.gson.functional.RawSerializationTest
2026-09-04T07:39:18.7394214Z [INFO] Running com.google.gson.functional.ExclusionStrategyFunctionalTest
2026-09-04T07:39:18.7544892Z [INFO] Tests run: 9, Failures: 0, Errors: 0, Skipped: 0, Time elapsed: 0.012 s -- in com.google.gson.functional.ExclusionStrategyFunctionalTest
2026-09-04T07:39:18.7574153Z [INFO] Running com.google.gson.functional.TypeHierarchyAdapterTest
2026-09-04T07:39:18.7664733Z [INFO] Tests run: 3, Failures: 0, Errors: 0, Skipped: 0, Time elapsed: 0.010 s -- in com.google.gson.functional.TypeHierarchyAdapterTest
2026-09-04T07:39:18.7694237Z [INFO] Running com.google.gson.functional.UncategorizedTest
2026-09-04T07:39:18.7734692Z [INFO] Tests run: 6, Failures: 0, Errors: 0, Skipped: 0, Time elapsed: 0.005 s -- in com.google.gson.functional.UncategorizedTest
2026-09-04T07:39:18.7753954Z [INFO] Running com.google.gson.functional.FormattingStyleTest
2026-09-04T07:39:18.8104973Z [INFO] Tests run: 9, Failures: 0, Errors: 0, Skipped: 0, Time elapsed: 0.035 s -- in com.google.gson.functional.FormattingStyleTest
2026-09-04T07:39:18.8132095Z [INFO] Running com.google.gson.functional.PrimitiveCharacterTest
2026-09-04T07:39:18.8155475Z [INFO] Tests run: 3, Failures: 0, Errors: 0, Skipped: 0, Time elapsed: 0.004 s -- in com.google.gson.functional.PrimitiveCharacterTest
2026-09-04T07:39:18.8185887Z [INFO] Running com.google.gson.functional.EnumTest
2026-09-04T07:39:18.8448590Z [INFO] Tests run: 16, Failures: 0, Errors: 0, Skipped: 0, Time elapsed: 0.025 s -- in com.google.gson.functional.EnumTest
2026-09-04T07:39:18.8466791Z [INFO] Running com.google.gson.functional.ReflectionAccessFilterTest
2026-09-04T07:39:18.8862044Z [INFO] Tests run: 15, Failures: 0, Errors: 0, Skipped: 0, Time elapsed: 0.036 s -- in com.google.gson.functional.ReflectionAccessFilterTest
2026-09-04T07:39:18.8890319Z [INFO] Running com.google.gson.functional.InheritanceTest
2026-09-04T07:39:18.8925424Z [INFO] Tests run: 13, Failures: 0, Errors: 0, Skipped: 0, Time elapsed: 0.003 s -- in com.google.gson.functional.InheritanceTest
2026-09-04T07:39:18.8954991Z [INFO] Running com.google.gson.functional.PrintFormattingTest
2026-09-04T07:39:18.9380342Z [INFO] Tests run: 3, Failures: 0, Errors: 0, Skipped: 0, Time elapsed: 0 s -- in com.google.gson.functional.PrintFormattingTest
2026-09-04T07:39:18.9382051Z [INFO] Running com.google.gson.functional.PrimitiveTest
2026-09-04T07:39:18.9493241Z [INFO] Tests run: 106, Failures: 0, Errors: 0, Skipped: 0, Time elapsed: 0.005 s -- in com.google.gson.functional.PrimitiveTest
2026-09-04T07:39:18.9535836Z [INFO] Running com.google.gson.functional.ConcurrencyTest
2026-09-04T07:39:18.9564850Z [INFO] Tests run: 4, Failures: 0, Errors: 0, Skipped: 0, Time elapsed: 0 s -- in com.google.gson.functional.ConcurrencyTest
2026-09-04T07:39:18.9566532Z [INFO] Running com.google.gson.functional.JsonParserTest
2026-09-04T07:39:18.9567958Z [INFO] Tests run: 8, Failures: 0, Errors: 0, Skipped: 0, Time elapsed: 0 s -- in com.google.gson.functional.JsonParserTest
2026-09-04T07:39:18.9569785Z [INFO] Running com.google.gson.functional.JsonAdapterAnnotationOnClassesTest
2026-09-04T07:39:18.9828259Z [INFO] Tests run: 20, Failures: 0, Errors: 0, Skipped: 0, Time elapsed: 0.023 s -- in com.google.gson.functional.JsonAdapterAnnotationOnClassesTest
2026-09-04T07:39:18.9830633Z [INFO] Running com.google.gson.functional.InstanceCreatorTest
2026-09-04T07:39:18.9924847Z [INFO] Tests run: 5, Failures: 0, Errors: 0, Skipped: 0, Time elapsed: 0.008 s -- in com.google.gson.functional.InstanceCreatorTest
2026-09-04T07:39:18.9984539Z [INFO] Running com.google.gson.functional.CircularReferenceTest
2026-09-04T07:39:19.0104799Z [INFO] Tests run: 6, Failures: 0, Errors: 0, Skipped: 0, Time elapsed: 0.016 s -- in com.google.gson.functional.CircularReferenceTest
2026-09-04T07:39:19.0145139Z [INFO] Running com.google.gson.functional.MoreSpecificTypeSerializationTest
2026-09-04T07:39:19.0165095Z [INFO] Tests run: 6, Failures: 0, Errors: 0, Skipped: 0, Time elapsed: 0.004 s -- in com.google.gson.functional.MoreSpecificTypeSerializationTest
2026-09-04T07:39:19.0166716Z [INFO] Running com.google.gson.functional.JavaUtilConcurrentAtomicTest
2026-09-04T07:39:19.2514001Z [INFO] Tests run: 8, Failures: 0, Errors: 0, Skipped: 0, Time elapsed: 0.234 s -- in com.google.gson.functional.JavaUtilConcurrentAtomicTest
2026-09-04T07:39:19.2515928Z [INFO] Running com.google.gson.functional.GsonVersionDiagnosticsTest
2026-09-04T07:39:19.2531123Z [INFO] Tests run: 3, Failures: 0, Errors: 0, Skipped: 0, Time elapsed: 0 s -- in com.google.gson.functional.GsonVersionDiagnosticsTest
2026-09-04T07:39:19.2551682Z [INFO] Running com.google.gson.functional.CustomTypeAdaptersTest
2026-09-04T07:39:19.2715204Z [WARNING] Tests run: 21, Failures: 0, Errors: 0, Skipped: 2, Time elapsed: 0.016 s -- in com.google.gson.functional.CustomTypeAdaptersTest
2026-09-04T07:39:19.2744563Z [INFO] Running com.google.gson.functional.ReusedTypeVariablesFullyResolveTest
2026-09-04T07:39:19.2775066Z [INFO] Tests run: 1, Failures: 0, Errors: 0, Skipped: 0, Time elapsed: 0.003 s -- in com.google.gson.functional.ReusedTypeVariablesFullyResolveTest
2026-09-04T07:39:19.2804078Z [INFO] Running com.google.gson.functional.InterfaceTest
2026-09-04T07:39:19.2814568Z [INFO] Tests run: 2, Failures: 0, Errors: 0, Skipped: 0, Time elapsed: 0.001 s -- in com.google.gson.functional.InterfaceTest
2026-09-04T07:39:19.2837003Z [INFO] Running com.google.gson.functional.DelegateTypeAdapterTest
2026-09-04T07:39:19.2848097Z [INFO] Tests run: 2, Failures: 0, Errors: 0, Skipped: 0, Time elapsed: 0 s -- in com.google.gson.functional.DelegateTypeAdapterTest
2026-09-04T07:39:19.2849459Z [INFO] Running com.google.gson.functional.StringTest
2026-09-04T07:39:19.2886680Z [INFO] Tests run: 18, Failures: 0, Errors: 0, Skipped: 0, Time elapsed: 0.001 s -- in com.google.gson.functional.StringTest
2026-09-04T07:39:19.2914271Z [INFO] Running com.google.gson.functional.MapAsArrayTypeAdapterTest
2026-09-04T07:39:19.2954598Z [WARNING] Tests run: 11, Failures: 0, Errors: 0, Skipped: 1, Time elapsed: 0.004 s -- in com.google.gson.functional.MapAsArrayTypeAdapterTest
2026-09-04T07:39:19.3004270Z [INFO] Running com.google.gson.functional.ToNumberPolicyFunctionalTest
2026-09-04T07:39:19.3074596Z [INFO] Tests run: 7, Failures: 0, Errors: 0, Skipped: 0, Time elapsed: 0.005 s -- in com.google.gson.functional.ToNumberPolicyFunctionalTest
2026-09-04T07:39:19.3076309Z [INFO] Running com.google.gson.functional.NamingPolicyTest
2026-09-04T07:39:19.3184865Z [INFO] Tests run: 22, Failures: 0, Errors: 0, Skipped: 0, Time elapsed: 0.014 s -- in com.google.gson.functional.NamingPolicyTest
2026-09-04T07:39:19.3214258Z [INFO] Running com.google.gson.functional.NumberLimitsTest
2026-09-04T07:39:19.4142684Z [INFO] Tests run: 6, Failures: 0, Errors: 0, Skipped: 0, Time elapsed: 0.093 s -- in com.google.gson.functional.NumberLimitsTest
2026-09-04T07:39:19.4167270Z [INFO] Running com.google.gson.functional.TypeAdapterPrecedenceTest
2026-09-04T07:39:19.4187581Z [INFO] Tests run: 8, Failures: 0, Errors: 0, Skipped: 0, Time elapsed: 0 s -- in com.google.gson.functional.TypeAdapterPrecedenceTest
2026-09-04T07:39:19.4214253Z [INFO] Running com.google.gson.JsonArrayTest
2026-09-04T07:39:19.4274698Z [INFO] Tests run: 18, Failures: 0, Errors: 0, Skipped: 0, Time elapsed: 0.006 s -- in com.google.gson.JsonArrayTest
2026-09-04T07:39:19.4277385Z [INFO] Running com.google.gson.DefaultMapJsonSerializerTest
2026-09-04T07:39:19.4334504Z [INFO] Tests run: 3, Failures: 0, Errors: 0, Skipped: 0, Time elapsed: 0.006 s -- in com.google.gson.DefaultMapJsonSerializerTest
2026-09-04T07:39:19.4366612Z [INFO] Running com.google.gson.GenericArrayTypeTest
2026-09-04T07:39:19.4382431Z [INFO] Tests run: 2, Failures: 0, Errors: 0, Skipped: 0, Time elapsed: 0 s -- in com.google.gson.GenericArrayTypeTest
2026-09-04T07:39:19.4383885Z [INFO] Running com.google.gson.JsonObjectTest
2026-09-04T07:39:19.4547076Z [INFO] Tests run: 18, Failures: 0, Errors: 0, Skipped: 0, Time elapsed: 0.014 s -- in com.google.gson.JsonObjectTest
2026-09-04T07:39:19.4574364Z [INFO] Running com.google.gson.JsonObjectAsMapSuiteTest
2026-09-04T07:39:19.8735145Z [INFO] Tests run: 906, Failures: 0, Errors: 0, Skipped: 0, Time elapsed: 0.369 s -- in com.google.gson.JsonObjectAsMapSuiteTest
2026-09-04T07:39:19.8794260Z [INFO] Running com.google.gson.ParameterizedTypeTest
2026-09-04T07:39:19.8854623Z [INFO] Tests run: 2, Failures: 0, Errors: 0, Skipped: 0, Time elapsed: 0 s -- in com.google.gson.ParameterizedTypeTest
2026-09-04T07:39:19.8904474Z [INFO] Running com.google.gson.internal.UnsafeAllocatorInstantiationTest
2026-09-04T07:39:19.8934630Z [INFO] Tests run: 3, Failures: 0, Errors: 0, Skipped: 0, Time elapsed: 0 s -- in com.google.gson.internal.UnsafeAllocatorInstantiationTest
2026-09-04T07:39:19.8954051Z [INFO] Running com.google.gson.internal.ConstructorConstructorTest
2026-09-04T07:39:19.8984561Z [INFO] Tests run: 7, Failures: 0, Errors: 0, Skipped: 0, Time elapsed: 0 s -- in com.google.gson.internal.ConstructorConstructorTest
2026-09-04T07:39:19.9014138Z [INFO] Running com.google.gson.internal.bind.JsonTreeReaderTest
2026-09-04T07:39:19.9044457Z [INFO] Tests run: 17, Failures: 0, Errors: 0, Skipped: 0, Time elapsed: 0 s -- in com.google.gson.internal.bind.JsonTreeReaderTest
2026-09-04T07:39:19.9060972Z [INFO] Running com.google.gson.internal.bind.RecursiveTypesResolveTest
2026-09-04T07:39:19.9062578Z [INFO] Tests run: 7, Failures: 0, Errors: 0, Skipped: 0, Time elapsed: 0 s -- in com.google.gson.internal.bind.RecursiveTypesResolveTest
2026-09-04T07:39:19.9064461Z [INFO] Running com.google.gson.internal.bind.DefaultDateTypeAdapterTest
2026-09-04T07:39:20.0245177Z [INFO] Tests run: 11, Failures: 0, Errors: 0, Skipped: 0, Time elapsed: 0.128 s -- in com.google.gson.internal.bind.DefaultDateTypeAdapterTest
2026-09-04T07:39:20.0274379Z [INFO] Running com.google.gson.internal.bind.util.ISO8601UtilsTest
2026-09-04T07:39:20.0297678Z [INFO] Tests run: 9, Failures: 0, Errors: 0, Skipped: 0, Time elapsed: 0 s -- in com.google.gson.internal.bind.util.ISO8601UtilsTest
2026-09-04T07:39:20.0299136Z [INFO] Running com.google.gson.internal.bind.JsonElementReaderTest
2026-09-04T07:39:20.0357234Z [INFO] Tests run: 18, Failures: 0, Errors: 0, Skipped: 0, Time elapsed: 0.006 s -- in com.google.gson.internal.bind.JsonElementReaderTest
2026-09-04T07:39:20.0358068Z [INFO] Running com.google.gson.internal.bind.JsonTreeWriterTest
2026-09-04T07:39:20.0404767Z [INFO] Tests run: 26, Failures: 0, Errors: 0, Skipped: 0, Time elapsed: 0.003 s -- in com.google.gson.internal.bind.JsonTreeWriterTest
2026-09-04T07:39:20.0406589Z [INFO] Running com.google.gson.internal.JavaVersionTest
2026-09-04T07:39:20.0443233Z [INFO] Tests run: 7, Failures: 0, Errors: 0, Skipped: 0, Time elapsed: 0 s -- in com.google.gson.internal.JavaVersionTest
2026-09-04T07:39:20.0449139Z [INFO] Running com.google.gson.internal.LinkedTreeMapTest
2026-09-04T07:39:20.0715428Z [INFO] Tests run: 18, Failures: 0, Errors: 0, Skipped: 0, Time elapsed: 0.022 s -- in com.google.gson.internal.LinkedTreeMapTest
2026-09-04T07:39:20.0722110Z [INFO] Running com.google.gson.internal.LinkedTreeMapSuiteTest
2026-09-04T07:39:20.4366509Z [INFO] Tests run: 1860, Failures: 0, Errors: 0, Skipped: 0, Time elapsed: 0.315 s -- in com.google.gson.internal.LinkedTreeMapSuiteTest
2026-09-04T07:39:20.4418082Z [INFO] Running com.google.gson.internal.GsonTypesTest
2026-09-04T07:39:20.4442820Z [INFO] Tests run: 6, Failures: 0, Errors: 0, Skipped: 0, Time elapsed: 0 s -- in com.google.gson.internal.GsonTypesTest
2026-09-04T07:39:20.4504322Z [INFO] Running com.google.gson.internal.StreamsTest
2026-09-04T07:39:20.4584667Z [INFO] Tests run: 1, Failures: 0, Errors: 0, Skipped: 0, Time elapsed: 0 s -- in com.google.gson.internal.StreamsTest
2026-09-04T07:39:20.4614454Z [INFO] Running com.google.gson.internal.GsonBuildConfigTest
2026-09-04T07:39:20.4664953Z [INFO] Tests run: 1, Failures: 0, Errors: 0, Skipped: 0, Time elapsed: 0 s -- in com.google.gson.internal.GsonBuildConfigTest
2026-09-04T07:39:20.4692453Z [INFO] Running com.google.gson.internal.LazilyParsedNumberTest
2026-09-04T07:39:20.4719614Z [INFO] Tests run: 4, Failures: 0, Errors: 0, Skipped: 0, Time elapsed: 0.002 s -- in com.google.gson.internal.LazilyParsedNumberTest
2026-09-04T07:39:20.4721288Z [INFO] Running com.google.gson.internal.sql.SqlTypesGsonTest
2026-09-04T07:39:20.4722780Z [INFO] Tests run: 9, Failures: 0, Errors: 0, Skipped: 0, Time elapsed: 0 s -- in com.google.gson.internal.sql.SqlTypesGsonTest
2026-09-04T07:39:20.4724551Z [INFO] Running com.google.gson.internal.sql.SqlTypesSupportTest
2026-09-04T07:39:20.4725973Z [INFO] Tests run: 1, Failures: 0, Errors: 0, Skipped: 0, Time elapsed: 0 s -- in com.google.gson.internal.sql.SqlTypesSupportTest
2026-09-04T07:39:20.4727768Z [INFO] Running com.google.gson.JsonNullTest
2026-09-04T07:39:20.4729025Z [INFO] Tests run: 3, Failures: 0, Errors: 0, Skipped: 0, Time elapsed: 0.002 s -- in com.google.gson.JsonNullTest
2026-09-04T07:39:20.4730405Z [INFO] Running com.google.gson.ExposeAnnotationExclusionStrategyTest
2026-09-04T07:39:20.4731951Z [INFO] Tests run: 6, Failures: 0, Errors: 0, Skipped: 0, Time elapsed: 0 s -- in com.google.gson.ExposeAnnotationExclusionStrategyTest
2026-09-04T07:39:20.4733621Z [INFO] Running com.google.gson.MixedStreamTest
2026-09-04T07:39:20.4734896Z [INFO] Tests run: 13, Failures: 0, Errors: 0, Skipped: 0, Time elapsed: 0 s -- in com.google.gson.MixedStreamTest
2026-09-04T07:39:20.4736583Z [INFO] Running com.google.gson.DefaultInetAddressTypeAdapterTest
2026-09-04T07:39:20.4738063Z [INFO] Tests run: 4, Failures: 0, Errors: 0, Skipped: 0, Time elapsed: 0 s -- in com.google.gson.DefaultInetAddressTypeAdapterTest
2026-09-04T07:39:20.4739439Z [INFO] Running com.google.gson.SubsetTest
2026-09-04T07:39:20.4740569Z [INFO] Tests run: 2, Failures: 0, Errors: 0, Skipped: 0, Time elapsed: 0 s -- in com.google.gson.SubsetTest
2026-09-04T07:39:20.4741751Z [INFO] Running com.google.gson.ToNumberPolicyTest
2026-09-04T07:39:20.4742902Z [INFO] Tests run: 5, Failures: 0, Errors: 0, Skipped: 0, Time elapsed: 0 s -- in com.google.gson.ToNumberPolicyTest
2026-09-04T07:39:20.4744333Z [INFO] Running com.google.gson.FieldNamingPolicyTest
2026-09-04T07:39:20.4745529Z [INFO] Tests run: 4, Failures: 0, Errors: 0, Skipped: 0, Time elapsed: 0 s -- in com.google.gson.FieldNamingPolicyTest
2026-09-04T07:39:20.4746721Z [INFO] Running com.google.gson.JavaSerializationTest
2026-09-04T07:39:20.4787806Z [INFO] Tests run: 3, Failures: 0, Errors: 0, Skipped: 0, Time elapsed: 0.005 s -- in com.google.gson.JavaSerializationTest
2026-09-04T07:39:20.4834115Z [INFO] Running com.google.gson.JsonArrayAsListSuiteTest
2026-09-04T07:39:20.8344477Z [INFO] Tests run: 404, Failures: 0, Errors: 0, Skipped: 0, Time elapsed: 0.323 s -- in com.google.gson.JsonArrayAsListSuiteTest
2026-09-04T07:39:20.8395077Z [INFO] Running com.google.gson.ObjectTypeAdapterTest
2026-09-04T07:39:20.8686513Z [INFO] Tests run: 7, Failures: 0, Errors: 0, Skipped: 0, Time elapsed: 0.024 s -- in com.google.gson.ObjectTypeAdapterTest
2026-09-04T07:39:20.8704826Z [INFO] Running com.google.gson.metrics.PerformanceTest
2026-09-04T07:39:20.8741378Z [WARNING] Tests run: 12, Failures: 0, Errors: 0, Skipped: 11, Time elapsed: 0 s -- in com.google.gson.metrics.PerformanceTest
2026-09-04T07:39:20.8755749Z [INFO] Running com.google.gson.reflect.TypeTokenTest
2026-09-04T07:39:20.8784523Z [INFO] Tests run: 11, Failures: 0, Errors: 0, Skipped: 0, Time elapsed: 0.006 s -- in com.google.gson.reflect.TypeTokenTest
2026-09-04T07:39:20.8823997Z [INFO] Running com.google.gson.InnerClassExclusionStrategyTest
2026-09-04T07:39:20.8825253Z [INFO] Tests run: 4, Failures: 0, Errors: 0, Skipped: 0, Time elapsed: 0 s -- in com.google.gson.InnerClassExclusionStrategyTest
2026-09-04T07:39:20.8826544Z [INFO] Running com.google.gson.LongSerializationPolicyTest
2026-09-04T07:39:20.8945034Z [INFO] Tests run: 6, Failures: 0, Errors: 0, Skipped: 0, Time elapsed: 0 s -- in com.google.gson.LongSerializationPolicyTest
2026-09-04T07:39:20.9024313Z [INFO] Running com.google.gson.TypeAdapterTest
2026-09-04T07:39:20.9084583Z [INFO] Tests run: 6, Failures: 0, Errors: 0, Skipped: 0, Time elapsed: 0 s -- in com.google.gson.TypeAdapterTest
2026-09-04T07:39:20.9094468Z [INFO] Running com.google.gson.JsonParserParameterizedTest
2026-09-04T07:39:20.9098324Z [INFO] Tests run: 8, Failures: 0, Errors: 0, Skipped: 0, Time elapsed: 0 s -- in com.google.gson.JsonParserParameterizedTest
2026-09-04T07:39:20.9100821Z [INFO] Running com.google.gson.ObjectTypeAdapterParameterizedTest
2026-09-04T07:39:20.9101982Z [INFO] Tests run: 8, Failures: 0, Errors: 0, Skipped: 0, Time elapsed: 0.002 s -- in com.google.gson.ObjectTypeAdapterParameterizedTest
2026-09-04T07:39:20.9103144Z [INFO] Running com.google.gson.JsonParserTest
2026-09-04T07:39:20.9219268Z [INFO] Tests run: 14, Failures: 0, Errors: 0, Skipped: 0, Time elapsed: 0.017 s -- in com.google.gson.JsonParserTest
2026-09-04T07:39:20.9266894Z [INFO] Running com.google.gson.JsonStreamParserTest
2026-09-04T07:39:20.9268588Z [INFO] Tests run: 7, Failures: 0, Errors: 0, Skipped: 0, Time elapsed: 0 s -- in com.google.gson.JsonStreamParserTest
2026-09-04T07:39:20.9324254Z [INFO] Running com.google.gson.GsonTest
2026-09-04T07:39:20.9415536Z [INFO] Tests run: 14, Failures: 0, Errors: 0, Skipped: 0, Time elapsed: 0.013 s -- in com.google.gson.GsonTest
2026-09-04T07:39:20.9418648Z [INFO] Running com.google.gson.OverrideCoreTypeAdaptersTest
2026-09-04T07:39:20.9437957Z [INFO] Tests run: 3, Failures: 0, Errors: 0, Skipped: 0, Time elapsed: 0 s -- in com.google.gson.OverrideCoreTypeAdaptersTest
2026-09-04T07:39:20.9439414Z [INFO] Running com.google.gson.stream.JsonReaderPathTest
2026-09-04T07:39:20.9542088Z [WARNING] Tests run: 30, Failures: 0, Errors: 0, Skipped: 1, Time elapsed: 0.008 s -- in com.google.gson.stream.JsonReaderPathTest
2026-09-04T07:39:20.9588376Z [INFO] Running com.google.gson.stream.JsonWriterTest
2026-09-04T07:39:20.9726634Z [INFO] Tests run: 55, Failures: 0, Errors: 0, Skipped: 0, Time elapsed: 0.011 s -- in com.google.gson.stream.JsonWriterTest
2026-09-04T07:39:20.9747860Z [INFO] Running com.google.gson.stream.JsonReaderTest
2026-09-04T07:39:21.0529943Z [WARNING] Tests run: 162, Failures: 0, Errors: 0, Skipped: 3, Time elapsed: 0.075 s -- in com.google.gson.stream.JsonReaderTest
2026-09-04T07:39:21.0535210Z [INFO] Running com.google.gson.CommentsTest
2026-09-04T07:39:21.0610487Z [INFO] Tests run: 1, Failures: 0, Errors: 0, Skipped: 0, Time elapsed: 0 s -- in com.google.gson.CommentsTest
2026-09-04T07:39:21.0625182Z [INFO] Running com.google.gson.VersionExclusionStrategyTest
2026-09-04T07:39:21.0628703Z [INFO] Tests run: 3, Failures: 0, Errors: 0, Skipped: 0, Time elapsed: 0 s -- in com.google.gson.VersionExclusionStrategyTest
2026-09-04T07:39:21.0629996Z [INFO] Running com.google.gson.FieldAttributesTest
2026-09-04T07:39:21.0631303Z [INFO] Tests run: 5, Failures: 0, Errors: 0, Skipped: 0, Time elapsed: 0 s -- in com.google.gson.FieldAttributesTest
2026-09-04T07:39:21.0632712Z [INFO] Running com.google.gson.GsonTypeAdapterTest
2026-09-04T07:39:21.0674341Z [INFO] Tests run: 5, Failures: 0, Errors: 0, Skipped: 0, Time elapsed: 0 s -- in com.google.gson.GsonTypeAdapterTest
2026-09-04T07:39:21.0686155Z [INFO] Running com.google.gson.GsonBuilderTest
2026-09-04T07:39:21.0687555Z [WARNING] Tests run: 22, Failures: 0, Errors: 0, Skipped: 1, Time elapsed: 0.003 s -- in com.google.gson.GsonBuilderTest
2026-09-04T07:39:21.0688844Z [INFO] Running com.google.gson.JsonObjectAsMapTest
2026-09-04T07:39:21.0691357Z [INFO] Tests run: 13, Failures: 0, Errors: 0, Skipped: 0, Time elapsed: 0.001 s -- in com.google.gson.JsonObjectAsMapTest
2026-09-04T07:39:21.1150026Z [INFO] 
2026-09-04T07:39:21.1150452Z [INFO] Results:
2026-09-04T07:39:21.1150786Z [INFO] 
2026-09-04T07:39:21.1155353Z [INFO] Tests run: 4604, Failures: 0, Errors: 0, Skipped: 19
2026-09-04T07:39:21.1156132Z [INFO] 
2026-09-04T07:39:21.1187768Z [INFO] 
2026-09-04T07:39:21.1189885Z [INFO] --- jar:3.5.1:jar (default-jar) @ gson ---
2026-09-04T07:39:22.1969719Z [INFO] Building jar: /home/runner/work/gson/gson/gson/target/gson-2.14.1-SNAPSHOT.jar
2026-09-04T07:39:22.2875834Z [INFO] 
2026-09-04T07:39:22.2876603Z [INFO] --- moditect:1.3.0.Final:add-module-info (add-module-info) @ gson ---
2026-09-04T07:39:23.0476568Z [INFO] 
2026-09-04T07:39:23.0477200Z [INFO] --- failsafe:3.5.6:integration-test (default) @ gson ---
2026-09-04T07:39:23.1429189Z [INFO] Using auto detected provider org.apache.maven.surefire.junit4.JUnit4Provider
2026-09-04T07:39:23.1714939Z [INFO] 
2026-09-04T07:39:23.1744723Z [INFO] -------------------------------------------------------
2026-09-04T07:39:23.1772046Z [INFO]  T E S T S
2026-09-04T07:39:23.1777875Z [INFO] -------------------------------------------------------
2026-09-04T07:39:23.4602593Z [INFO] Running com.google.gson.integration.OSGiManifestIT
2026-09-04T07:39:23.5935307Z [INFO] Tests run: 4, Failures: 0, Errors: 0, Skipped: 0, Time elapsed: 0.127 s -- in com.google.gson.integration.OSGiManifestIT
2026-09-04T07:39:23.6121580Z [INFO] 
2026-09-04T07:39:23.6121967Z [INFO] Results:
2026-09-04T07:39:23.6122676Z [INFO] 
2026-09-04T07:39:23.6126161Z [INFO] Tests run: 4, Failures: 0, Errors: 0, Skipped: 0
2026-09-04T07:39:23.6126933Z [INFO] 
2026-09-04T07:39:23.6162514Z [INFO] 
2026-09-04T07:39:23.6163988Z [INFO] --- artifact:3.6.1:buildinfo (default) @ gson ---
2026-09-04T07:39:23.6180575Z [INFO] Auto-skipping goal because module skips install and/or deploy
2026-09-04T07:39:23.6181339Z [INFO] 
2026-09-04T07:39:23.6182331Z [INFO] --- failsafe:3.5.6:verify (default) @ gson ---
2026-09-04T07:39:23.8754628Z [INFO] 
2026-09-04T07:39:23.8755453Z [INFO] --- javadoc:3.12.0:jar (default-cli) @ gson ---
2026-09-04T07:39:28.1341636Z [INFO] Building jar: /home/runner/work/gson/gson/gson/target/gson-2.14.1-SNAPSHOT-javadoc.jar
2026-09-04T07:39:28.2353555Z [INFO] 
2026-09-04T07:39:28.2354942Z [INFO] -------------------< com.google.code.gson:test-jpms >-------------------
2026-09-04T07:39:28.2357441Z [INFO] Building Test: Java Platform Module System (JPMS) 2.14.1-SNAPSHOT  [3/6]
2026-09-04T07:39:28.2358762Z [INFO]   from test-jpms/pom.xml
2026-09-04T07:39:28.2360009Z [INFO] --------------------------------[ jar ]---------------------------------
2026-09-04T07:39:28.2448002Z [INFO] 
2026-09-04T07:39:28.2461503Z [INFO] --- enforcer:3.6.3:enforce (enforce-versions) @ test-jpms ---
2026-09-04T07:39:28.3292169Z [INFO] Rule 0: org.apache.maven.enforcer.rules.version.RequireMavenVersion passed
2026-09-04T07:39:28.3391972Z [WARNING] Rule 1: org.apache.maven.enforcer.rules.version.RequireJavaVersion failed with message:
2026-09-04T07:39:28.3392951Z Detected JDK /usr/lib/jvm/temurin-11-jdk-amd64 is version 11.0.32 which is not in the allowed range [17,22).
2026-09-04T07:39:28.3394696Z [INFO] 
2026-09-04T07:39:28.3395393Z [INFO] --- resources:3.4.0:resources (default-resources) @ test-jpms ---
2026-09-04T07:39:28.3705296Z [INFO] skip non existing resourceDirectory /home/runner/work/gson/gson/test-jpms/src/main/resources
2026-09-04T07:39:28.3708127Z [INFO] 
2026-09-04T07:39:28.3709527Z [INFO] --- compiler:3.15.0:compile (default-compile) @ test-jpms ---
2026-09-04T07:39:28.4608378Z [INFO] Recompiling the module because of changed dependency.
2026-09-04T07:39:28.4691802Z [INFO] Compiling 1 source file with javac [debug deprecation release 11] to target/classes
2026-09-04T07:39:28.5108582Z [INFO] JDK-8318913 workaround: patched module-info.class requires version from [11.0.32] to [11] on 1 JDK modules [java.base]
2026-09-04T07:39:28.5138398Z [INFO] 
2026-09-04T07:39:28.5142168Z [INFO] --- resources:3.4.0:testResources (default-testResources) @ test-jpms ---
2026-09-04T07:39:28.5167526Z [INFO] skip non existing resourceDirectory /home/runner/work/gson/gson/test-jpms/src/test/resources
2026-09-04T07:39:28.5168633Z [INFO] 
2026-09-04T07:39:28.5169399Z [INFO] --- compiler:3.15.0:testCompile (default-testCompile) @ test-jpms ---
2026-09-04T07:39:28.5474959Z [INFO] Recompiling the module because of changed dependency.
2026-09-04T07:39:28.5477971Z [INFO] Compiling 5 source files with javac [debug deprecation release 11 module-path] to target/test-classes
2026-09-04T07:39:28.7248004Z [INFO] JDK-8318913 workaround: patched module-info.class requires version from [11.0.32] to [11] on 1 JDK modules [java.base]
2026-09-04T07:39:28.7259037Z [INFO] 
2026-09-04T07:39:28.7260260Z [INFO] --- surefire:3.5.6:test (default-test) @ test-jpms ---
2026-09-04T07:39:28.7983991Z [INFO] Using auto detected provider org.apache.maven.surefire.junit4.JUnit4Provider
2026-09-04T07:39:28.8285094Z [INFO] 
2026-09-04T07:39:28.8285909Z [INFO] -------------------------------------------------------
2026-09-04T07:39:28.8286801Z [INFO]  T E S T S
2026-09-04T07:39:28.8287519Z [INFO] -------------------------------------------------------
2026-09-04T07:39:29.2270073Z [INFO] Running com.google.gson.jpms_test.ReflectionInaccessibleTest
2026-09-04T07:39:29.3529321Z [INFO] Tests run: 2, Failures: 0, Errors: 0, Skipped: 0, Time elapsed: 0.123 s -- in com.google.gson.jpms_test.ReflectionInaccessibleTest
2026-09-04T07:39:29.3554348Z [INFO] Running com.google.gson.jpms_test.opened.ReflectionTest
2026-09-04T07:39:29.3558414Z [INFO] Tests run: 2, Failures: 0, Errors: 0, Skipped: 0, Time elapsed: 0 s -- in com.google.gson.jpms_test.opened.ReflectionTest
2026-09-04T07:39:29.3559723Z [INFO] Running com.google.gson.jpms_test.ModuleTest
2026-09-04T07:39:29.3714515Z [INFO] Tests run: 2, Failures: 0, Errors: 0, Skipped: 0, Time elapsed: 0.014 s -- in com.google.gson.jpms_test.ModuleTest
2026-09-04T07:39:29.3734301Z [INFO] Running com.google.gson.jpms_test.ExportedPackagesTest
2026-09-04T07:39:29.3849621Z [INFO] Tests run: 6, Failures: 0, Errors: 0, Skipped: 0, Time elapsed: 0.011 s -- in com.google.gson.jpms_test.ExportedPackagesTest
2026-09-04T07:39:29.3954108Z [INFO] 
2026-09-04T07:39:29.3954672Z [INFO] Results:
2026-09-04T07:39:29.3955128Z [INFO] 
2026-09-04T07:39:29.3957938Z [INFO] Tests run: 12, Failures: 0, Errors: 0, Skipped: 0
2026-09-04T07:39:29.3958488Z [INFO] 
2026-09-04T07:39:29.3984299Z [INFO] 
2026-09-04T07:39:29.3986184Z [INFO] --- jar:3.5.1:jar (default-jar) @ test-jpms ---
2026-09-04T07:39:29.5688741Z [INFO] Building jar: /home/runner/work/gson/gson/test-jpms/target/test-jpms-2.14.1-SNAPSHOT.jar
2026-09-04T07:39:29.6669952Z [INFO] 
2026-09-04T07:39:29.6670860Z [INFO] --- artifact:3.6.1:buildinfo (default) @ test-jpms ---
2026-09-04T07:39:29.8074225Z [INFO] Auto-skipping goal because module skips install and/or deploy
2026-09-04T07:39:29.8075216Z [INFO] 
2026-09-04T07:39:29.8076162Z [INFO] --- javadoc:3.12.0:jar (default-cli) @ test-jpms ---
2026-09-04T07:39:29.9608257Z [INFO] Skipping javadoc generation
2026-09-04T07:39:29.9613990Z [INFO] 
2026-09-04T07:39:29.9614899Z [INFO] -----------------< com.google.code.gson:test-shrinker >-----------------
2026-09-04T07:39:29.9619750Z [INFO] Building Test: Code shrinking (ProGuard / R8) 2.14.1-SNAPSHOT      [4/6]
2026-09-04T07:39:29.9620776Z [INFO]   from test-shrinker/pom.xml
2026-09-04T07:39:29.9621994Z [INFO] --------------------------------[ jar ]---------------------------------
2026-09-04T07:39:31.3422677Z [INFO] 
2026-09-04T07:39:31.3424148Z [INFO] --- enforcer:3.6.3:enforce (enforce-versions) @ test-shrinker ---
2026-09-04T07:39:31.3926205Z [INFO] Rule 0: org.apache.maven.enforcer.rules.version.RequireMavenVersion passed
2026-09-04T07:39:31.3998565Z [WARNING] Rule 1: org.apache.maven.enforcer.rules.version.RequireJavaVersion failed with message:
2026-09-04T07:39:31.3999561Z Detected JDK /usr/lib/jvm/temurin-11-jdk-amd64 is version 11.0.32 which is not in the allowed range [17,22).
2026-09-04T07:39:31.4000320Z [INFO] 
2026-09-04T07:39:31.4000989Z [INFO] --- resources:3.4.0:resources (default-resources) @ test-shrinker ---
2026-09-04T07:39:31.4218761Z [INFO] skip non existing resourceDirectory /home/runner/work/gson/gson/test-shrinker/src/main/resources
2026-09-04T07:39:31.4219864Z [INFO] 
2026-09-04T07:39:31.4220509Z [INFO] --- compiler:3.15.0:compile (default-compile) @ test-shrinker ---
2026-09-04T07:39:31.4632988Z [INFO] Recompiling the module because of changed dependency.
2026-09-04T07:39:31.4696955Z [INFO] Compiling 18 source files with javac [debug deprecation release 8] to target/classes
2026-09-04T07:39:31.5626022Z [INFO] 
2026-09-04T07:39:31.5628076Z [INFO] --- resources:3.4.0:testResources (default-testResources) @ test-shrinker ---
2026-09-04T07:39:31.5647689Z [INFO] skip non existing resourceDirectory /home/runner/work/gson/gson/test-shrinker/src/test/resources
2026-09-04T07:39:31.5649506Z [INFO] 
2026-09-04T07:39:31.5651973Z [INFO] --- compiler:3.15.0:testCompile (default-testCompile) @ test-shrinker ---
2026-09-04T07:39:31.5709492Z [INFO] Recompiling the module because of changed dependency.
2026-09-04T07:39:31.5724964Z [INFO] Compiling 1 source file with javac [debug deprecation release 11] to target/test-classes
2026-09-04T07:39:31.6609998Z [INFO] 
2026-09-04T07:39:31.6626302Z [INFO] --- surefire:3.5.6:test (default-test) @ test-shrinker ---
2026-09-04T07:39:31.7184801Z [INFO] 
2026-09-04T07:39:31.7186852Z [INFO] --- jar:3.5.1:jar (default-jar) @ test-shrinker ---
2026-09-04T07:39:31.8400561Z [INFO] Building jar: /home/runner/work/gson/gson/test-shrinker/target/test-shrinker-2.14.1-SNAPSHOT.jar
2026-09-04T07:39:31.8898582Z [INFO] 
2026-09-04T07:39:31.8944861Z [INFO] --- proguard:2.7.0:proguard (default) @ test-shrinker ---
2026-09-04T07:39:31.9401923Z [INFO] execute ProGuard [-injars, '/home/runner/work/gson/gson/test-shrinker/target/test-shrinker-2.14.1-SNAPSHOT.jar'(!META-INF/maven/**), -injars, '/home/runner/work/gson/gson/gson/target/classes'(!META-INF/MANIFEST.MF,!META-INF/maven/**), -injars, '/home/runner/.m2/repository/com/google/errorprone/error_prone_annotations/2.50.0/error_prone_annotations-2.50.0.jar'(!META-INF/MANIFEST.MF,!META-INF/maven/**), -outjars, '/home/runner/work/gson/gson/test-shrinker/target/proguard-output.jar', -include, '/home/runner/work/gson/gson/test-shrinker/proguard.pro', -libraryjars, '/usr/lib/jvm/temurin-11-jdk-amd64/jmods/java.base.jmod', -libraryjars, '/usr/lib/jvm/temurin-11-jdk-amd64/jmods/java.sql.jmod', -libraryjars, '/usr/lib/jvm/temurin-11-jdk-amd64/jmods/java.compiler.jmod', -printmapping, '/home/runner/work/gson/gson/test-shrinker/target/proguard_map.txt', -printseeds, '/home/runner/work/gson/gson/test-shrinker/target/proguard_seed.txt', -include, /home/runner/work/gson/gson/test-shrinker/../gson/src/main/resources/META-INF/proguard/gson.pro]
2026-09-04T07:39:31.9632377Z [INFO] proguard jar: [/home/runner/.m2/repository/com/guardsquare/proguard-base/7.9.1/proguard-base-7.9.1.jar, /home/runner/.m2/repository/com/guardsquare/proguard-core/9.3.2/proguard-core-9.3.2.jar]
2026-09-04T07:39:32.6059534Z  [proguard] ProGuard, version 7.9.1
2026-09-04T07:39:33.3105197Z  [proguard] Note: com.google.gson.internal.GsonTypes calls 'Class.getDeclaringClass'
2026-09-04T07:39:33.4087836Z  [proguard] Note: com.google.gson.internal.UnsafeAllocator: can't find dynamically referenced class sun.misc.Unsafe
2026-09-04T07:39:33.4094656Z  [proguard] Note: com.google.gson.internal.reflect.ReflectionHelper$RecordSupportedHelper: can't find dynamically referenced class java.lang.reflect.RecordComponent
2026-09-04T07:39:33.5101395Z  [proguard] Note: com.google.gson.internal.UnsafeAllocator accesses a declared field 'theUnsafe' dynamically
2026-09-04T07:39:33.5103779Z  [proguard] Note: com.google.gson.internal.UnsafeAllocator accesses a method 'allocateInstance(java.lang.Class)' dynamically
2026-09-04T07:39:33.5109971Z  [proguard] Note: com.google.gson.internal.reflect.ReflectionHelper$RecordSupportedHelper accesses a method 'getName()' dynamically
2026-09-04T07:39:33.5111973Z  [proguard] Note: com.google.gson.internal.reflect.ReflectionHelper$RecordSupportedHelper accesses a method 'getType()' dynamically
2026-09-04T07:39:33.8098679Z  [proguard] Warning: can't derive deserialized type from fromJson() invocation in com/example/Main.fromJson(Lcom/google/gson/Gson;Ljava/lang/String;Ljava/lang/Class;)Ljava/lang/Object;
2026-09-04T07:39:33.8103721Z  [proguard] Warning: can't derive serialized type from toJson() invocation in com/example/Main.lambda$testTypeTokenWriteRead$2(Lcom/google/gson/Gson;Ljava/util/function/Supplier;)Ljava/lang/String;
2026-09-04T07:39:33.8106196Z  [proguard] Warning: can't derive deserialized type from fromJson() invocation in com/example/NoSerializedNameMain.runTestNoArgsConstructor()Ljava/lang/String;
2026-09-04T07:39:33.8108170Z  [proguard] Warning: can't derive deserialized type from fromJson() invocation in com/example/NoSerializedNameMain.runTestNoJdkUnsafe()Ljava/lang/String;
2026-09-04T07:39:33.8110147Z  [proguard] Warning: can't derive deserialized type from fromJson() invocation in com/example/NoSerializedNameMain.runTestHasArgsConstructor()Ljava/lang/String;
2026-09-04T07:39:36.4024081Z [INFO] 
2026-09-04T07:39:36.4024659Z [INFO] --- shade:3.6.2:shade (default) @ test-shrinker ---
2026-09-04T07:39:37.3677089Z [INFO] Replacing original artifact with shaded artifact.
2026-09-04T07:39:37.3678990Z [INFO] 
2026-09-04T07:39:37.3679457Z [INFO] --- exec:3.6.3:java (r8) @ test-shrinker ---
2026-09-04T07:39:54.1894709Z [INFO] 
2026-09-04T07:39:54.1895375Z [INFO] --- failsafe:3.5.6:integration-test (default) @ test-shrinker ---
2026-09-04T07:39:54.2672574Z [INFO] Using auto detected provider org.apache.maven.surefire.junit4.JUnit4Provider
2026-09-04T07:39:54.2894468Z [INFO] 
2026-09-04T07:39:54.2895075Z [INFO] -------------------------------------------------------
2026-09-04T07:39:54.2895952Z [INFO]  T E S T S
2026-09-04T07:39:54.2896831Z [INFO] -------------------------------------------------------
2026-09-04T07:39:54.6189659Z [INFO] Running com.google.gson.it.ShrinkingIT
2026-09-04T07:39:55.0128208Z [WARNING] Tests run: 10, Failures: 0, Errors: 0, Skipped: 1, Time elapsed: 0.389 s -- in com.google.gson.it.ShrinkingIT
2026-09-04T07:39:55.0223746Z [INFO] 
2026-09-04T07:39:55.0224424Z [INFO] Results:
2026-09-04T07:39:55.0224810Z [INFO] 
2026-09-04T07:39:55.0230103Z [INFO] Tests run: 10, Failures: 0, Errors: 0, Skipped: 1
2026-09-04T07:39:55.0230943Z [INFO] 
2026-09-04T07:39:55.0268626Z [INFO] 
2026-09-04T07:39:55.0269303Z [INFO] --- artifact:3.6.1:buildinfo (default) @ test-shrinker ---
2026-09-04T07:39:55.1469807Z [INFO] Auto-skipping goal because module skips install and/or deploy
2026-09-04T07:39:55.1470908Z [INFO] 
2026-09-04T07:39:55.1471883Z [INFO] --- failsafe:3.5.6:verify (default) @ test-shrinker ---
2026-09-04T07:39:55.1525307Z [INFO] 
2026-09-04T07:39:55.1526704Z [INFO] --- javadoc:3.12.0:jar (default-cli) @ test-shrinker ---
2026-09-04T07:39:55.3022816Z [INFO] Skipping javadoc generation
2026-09-04T07:39:55.3023853Z [INFO] 
2026-09-04T07:39:55.3024686Z [INFO] ------------------< com.google.code.gson:gson-extras >------------------
2026-09-04T07:39:55.3026440Z [INFO] Building Gson Extras 2.14.1-SNAPSHOT                               [5/6]
2026-09-04T07:39:55.3027399Z [INFO]   from extras/pom.xml
2026-09-04T07:39:55.3028198Z [INFO] --------------------------------[ jar ]---------------------------------
2026-09-04T07:39:55.3088024Z [INFO] 
2026-09-04T07:39:55.3089201Z [INFO] --- enforcer:3.6.3:enforce (enforce-versions) @ gson-extras ---
2026-09-04T07:39:55.3107077Z [INFO] 
2026-09-04T07:39:55.3135142Z [INFO] --- resources:3.4.0:resources (default-resources) @ gson-extras ---
2026-09-04T07:39:55.3164073Z [INFO] skip non existing resourceDirectory /home/runner/work/gson/gson/extras/src/main/resources
2026-09-04T07:39:55.3168104Z [INFO] 
2026-09-04T07:39:55.3168644Z [INFO] --- compiler:3.15.0:compile (default-compile) @ gson-extras ---
2026-09-04T07:39:55.3171106Z [INFO] Recompiling the module because of changed dependency.
2026-09-04T07:39:55.3175652Z [INFO] Compiling 7 source files with javac [debug deprecation release 8] to target/classes
2026-09-04T07:39:55.4100527Z [INFO] 
2026-09-04T07:39:55.4113722Z [INFO] --- resources:3.4.0:testResources (default-testResources) @ gson-extras ---
2026-09-04T07:39:55.4114748Z [INFO] skip non existing resourceDirectory /home/runner/work/gson/gson/extras/src/test/resources
2026-09-04T07:39:55.4115491Z [INFO] 
2026-09-04T07:39:55.4116066Z [INFO] --- compiler:3.15.0:testCompile (default-testCompile) @ gson-extras ---
2026-09-04T07:39:55.4154082Z [INFO] Recompiling the module because of changed dependency.
2026-09-04T07:39:55.4184779Z [INFO] Compiling 4 source files with javac [debug deprecation release 11] to target/test-classes
2026-09-04T07:39:55.5491486Z [INFO] 
2026-09-04T07:39:55.5492090Z [INFO] --- surefire:3.5.6:test (default-test) @ gson-extras ---
2026-09-04T07:39:55.5536610Z [INFO] Using auto detected provider org.apache.maven.surefire.junit4.JUnit4Provider
2026-09-04T07:39:55.5588835Z [INFO] 
2026-09-04T07:39:55.5592569Z [INFO] -------------------------------------------------------
2026-09-04T07:39:55.5596047Z [INFO]  T E S T S
2026-09-04T07:39:55.5600756Z [INFO] -------------------------------------------------------
2026-09-04T07:39:55.8153062Z [INFO] Running com.google.gson.typeadapters.RuntimeTypeAdapterFactoryTest
2026-09-04T07:39:55.9828090Z [INFO] Tests run: 14, Failures: 0, Errors: 0, Skipped: 0, Time elapsed: 0.165 s -- in com.google.gson.typeadapters.RuntimeTypeAdapterFactoryTest
2026-09-04T07:39:55.9845720Z [INFO] Running com.google.gson.typeadapters.PostConstructAdapterFactoryTest
2026-09-04T07:39:55.9920658Z [INFO] Tests run: 2, Failures: 0, Errors: 0, Skipped: 0, Time elapsed: 0.006 s -- in com.google.gson.typeadapters.PostConstructAdapterFactoryTest
2026-09-04T07:39:55.9924814Z [INFO] Running com.google.gson.typeadapters.UtcDateTypeAdapterTest
2026-09-04T07:39:56.1107517Z [INFO] Tests run: 6, Failures: 0, Errors: 0, Skipped: 0, Time elapsed: 0.115 s -- in com.google.gson.typeadapters.UtcDateTypeAdapterTest
2026-09-04T07:39:56.1124521Z [INFO] Running com.google.gson.interceptors.InterceptorTest
2026-09-04T07:39:56.1292578Z [INFO] Tests run: 8, Failures: 0, Errors: 0, Skipped: 0, Time elapsed: 0.020 s -- in com.google.gson.interceptors.InterceptorTest
2026-09-04T07:39:56.1498662Z [INFO] 
2026-09-04T07:39:56.1499466Z [INFO] Results:
2026-09-04T07:39:56.1499876Z [INFO] 
2026-09-04T07:39:56.1500341Z [INFO] Tests run: 30, Failures: 0, Errors: 0, Skipped: 0
2026-09-04T07:39:56.1500859Z [INFO] 
2026-09-04T07:39:56.1505038Z [INFO] 
2026-09-04T07:39:56.1505673Z [INFO] --- jar:3.5.1:jar (default-jar) @ gson-extras ---
2026-09-04T07:39:56.1574176Z [INFO] Building jar: /home/runner/work/gson/gson/extras/target/gson-extras-2.14.1-SNAPSHOT.jar
2026-09-04T07:39:56.1644233Z [INFO] 
2026-09-04T07:39:56.1645067Z [INFO] --- artifact:3.6.1:buildinfo (default) @ gson-extras ---
2026-09-04T07:39:56.1649127Z [INFO] Auto-skipping goal because module skips install and/or deploy
2026-09-04T07:39:56.1649813Z [INFO] 
2026-09-04T07:39:56.1650284Z [INFO] --- javadoc:3.12.0:jar (default-cli) @ gson-extras ---
2026-09-04T07:39:58.5564091Z [INFO] Building jar: /home/runner/work/gson/gson/extras/target/gson-extras-2.14.1-SNAPSHOT-javadoc.jar
2026-09-04T07:39:58.6223887Z [INFO] 
2026-09-04T07:39:58.6224554Z [INFO] -----------------< com.google.code.gson:gson-metrics >------------------
2026-09-04T07:39:58.6225459Z [INFO] Building Gson Metrics 2.14.1-SNAPSHOT                              [6/6]
2026-09-04T07:39:58.6226705Z [INFO]   from metrics/pom.xml
2026-09-04T07:39:58.6227474Z [INFO] --------------------------------[ jar ]---------------------------------
2026-09-04T07:40:01.3862739Z [INFO] 
2026-09-04T07:40:01.3863831Z [INFO] --- enforcer:3.6.3:enforce (enforce-versions) @ gson-metrics ---
2026-09-04T07:40:01.3872399Z [INFO] 
2026-09-04T07:40:01.3872997Z [INFO] --- resources:3.4.0:resources (default-resources) @ gson-metrics ---
2026-09-04T07:40:01.3899593Z [INFO] Copying 1 resource from src/main/resources to target/classes
2026-09-04T07:40:01.3929617Z [INFO] 
2026-09-04T07:40:01.3930370Z [INFO] --- compiler:3.15.0:compile (default-compile) @ gson-metrics ---
2026-09-04T07:40:01.3974633Z [INFO] Recompiling the module because of changed dependency.
2026-09-04T07:40:01.4000521Z [INFO] Compiling 6 source files with javac [debug deprecation release 8] to target/classes
2026-09-04T07:40:01.5100025Z [INFO] 
2026-09-04T07:40:01.5103051Z [INFO] --- resources:3.4.0:testResources (default-testResources) @ gson-metrics ---
2026-09-04T07:40:01.5105484Z [INFO] skip non existing resourceDirectory /home/runner/work/gson/gson/metrics/src/test/resources
2026-09-04T07:40:01.5119665Z [INFO] 
2026-09-04T07:40:01.5120668Z [INFO] --- compiler:3.15.0:testCompile (default-testCompile) @ gson-metrics ---
2026-09-04T07:40:01.5127365Z [INFO] No sources to compile
2026-09-04T07:40:01.5131310Z [INFO] 
2026-09-04T07:40:01.5139080Z [INFO] --- surefire:3.5.6:test (default-test) @ gson-metrics ---
2026-09-04T07:40:01.5163920Z [INFO] No tests to run.
2026-09-04T07:40:01.5165177Z [INFO] 
2026-09-04T07:40:01.5167538Z [INFO] --- jar:3.5.1:jar (default-jar) @ gson-metrics ---
2026-09-04T07:40:01.5224511Z [INFO] Building jar: /home/runner/work/gson/gson/metrics/target/gson-metrics-2.14.1-SNAPSHOT.jar
2026-09-04T07:40:01.5342905Z [INFO] 
2026-09-04T07:40:01.5345740Z [INFO] --- artifact:3.6.1:buildinfo (default) @ gson-metrics ---
2026-09-04T07:40:01.5351631Z [INFO] Auto-skipping goal because module skips install and/or deploy
2026-09-04T07:40:01.5363977Z [INFO] 
2026-09-04T07:40:01.5365133Z [INFO] --- javadoc:3.12.0:jar (default-cli) @ gson-metrics ---
2026-09-04T07:40:01.5377658Z [INFO] Skipping javadoc generation
2026-09-04T07:40:01.5378988Z [INFO] ------------------------------------------------------------------------
2026-09-04T07:40:01.5380402Z [INFO] Reactor Summary for Gson Parent 2.14.1-SNAPSHOT:
2026-09-04T07:40:01.5381331Z [INFO] 
2026-09-04T07:40:01.5382803Z [INFO] Gson Parent ........................................ SUCCESS [ 11.662 s]
2026-09-04T07:40:01.5387081Z [INFO] Gson ............................................... SUCCESS [ 28.692 s]
2026-09-04T07:40:01.5388639Z [INFO] Test: Java Platform Module System (JPMS) ........... SUCCESS [  1.726 s]
2026-09-04T07:40:01.5390677Z [INFO] Test: Code shrinking (ProGuard / R8) ............... SUCCESS [ 25.342 s]
2026-09-04T07:40:01.5392139Z [INFO] Gson Extras ........................................ SUCCESS [  3.319 s]
2026-09-04T07:40:01.5394518Z [INFO] Gson Metrics ....................................... SUCCESS [  2.916 s]
2026-09-04T07:40:01.5396174Z [INFO] ------------------------------------------------------------------------
2026-09-04T07:40:01.5397274Z [INFO] BUILD SUCCESS
2026-09-04T07:40:01.5398279Z [INFO] ------------------------------------------------------------------------
2026-09-04T07:40:01.5399775Z [INFO] Total time:  01:16 min
2026-09-04T07:40:01.5401163Z [INFO] Finished at: 2026-09-04T07:40:01Z
2026-09-04T07:40:01.5402140Z [INFO] ------------------------------------------------------------------------
2026-09-04T07:40:01.6168357Z ##[group]Run touch optcd-5.txt
2026-09-04T07:40:01.6168716Z [36;1mtouch optcd-5.txt[0m
2026-09-04T07:40:01.6206285Z shell: /usr/bin/bash -e {0}
2026-09-04T07:40:01.6206541Z env:
2026-09-04T07:40:01.6206837Z   MAVEN_ARGS: --show-version --batch-mode --no-transfer-progress
2026-09-04T07:40:01.6207273Z   pythonLocation: /opt/hostedtoolcache/Python/3.10.21/x64
2026-09-04T07:40:01.6207707Z   PKG_CONFIG_PATH: /opt/hostedtoolcache/Python/3.10.21/x64/lib/pkgconfig
2026-09-04T07:40:01.6208141Z   Python_ROOT_DIR: /opt/hostedtoolcache/Python/3.10.21/x64
2026-09-04T07:40:01.6208520Z   Python2_ROOT_DIR: /opt/hostedtoolcache/Python/3.10.21/x64
2026-09-04T07:40:01.6209134Z   Python3_ROOT_DIR: /opt/hostedtoolcache/Python/3.10.21/x64
2026-09-04T07:40:01.6209526Z   LD_LIBRARY_PATH: /opt/hostedtoolcache/Python/3.10.21/x64/lib
2026-09-04T07:40:01.6209950Z   JAVA_HOME: /opt/hostedtoolcache/Java_Temurin-Hotspot_jdk/11.0.32-9/x64
2026-09-04T07:40:01.6210731Z   JAVA_HOME_11_X64: /opt/hostedtoolcache/Java_Temurin-Hotspot_jdk/11.0.32-9/x64
2026-09-04T07:40:01.6211118Z ##[endgroup]
2026-09-04T07:40:01.6333970Z Node 20 is being deprecated. This workflow is running with Node 24 by default. If you need to temporarily use Node 20, you can set the ACTIONS_ALLOW_USE_UNSECURE_NODE_VERSION=true environment variable. For more information see: https://github.blog/changelog/2025-09-19-deprecation-of-node-20-on-github-actions-runners/
2026-09-04T07:40:01.6335317Z ##[group]Run actions/upload-artifact@v4
2026-09-04T07:40:01.6335614Z with:
2026-09-04T07:40:01.6335849Z   name: inotifywait-build (11)
2026-09-04T07:40:01.6336165Z   path: /home/runner/inotifywait-log-build (11).csv
2026-09-04T07:40:01.6336512Z   if-no-files-found: warn
2026-09-04T07:40:01.6336774Z   compression-level: 6
2026-09-04T07:40:01.6337015Z   overwrite: false
2026-09-04T07:40:01.6337251Z   include-hidden-files: false
2026-09-04T07:40:01.6337515Z env:
2026-09-04T07:40:01.6337808Z   MAVEN_ARGS: --show-version --batch-mode --no-transfer-progress
2026-09-04T07:40:01.6338237Z   pythonLocation: /opt/hostedtoolcache/Python/3.10.21/x64
2026-09-04T07:40:01.6338717Z   PKG_CONFIG_PATH: /opt/hostedtoolcache/Python/3.10.21/x64/lib/pkgconfig
2026-09-04T07:40:01.6339152Z   Python_ROOT_DIR: /opt/hostedtoolcache/Python/3.10.21/x64
2026-09-04T07:40:01.6339543Z   Python2_ROOT_DIR: /opt/hostedtoolcache/Python/3.10.21/x64
2026-09-04T07:40:01.6339950Z   Python3_ROOT_DIR: /opt/hostedtoolcache/Python/3.10.21/x64
2026-09-04T07:40:01.6340350Z   LD_LIBRARY_PATH: /opt/hostedtoolcache/Python/3.10.21/x64/lib
2026-09-04T07:40:01.6340786Z   JAVA_HOME: /opt/hostedtoolcache/Java_Temurin-Hotspot_jdk/11.0.32-9/x64
2026-09-04T07:40:01.6341281Z   JAVA_HOME_11_X64: /opt/hostedtoolcache/Java_Temurin-Hotspot_jdk/11.0.32-9/x64
2026-09-04T07:40:01.6341675Z ##[endgroup]
2026-09-04T07:40:01.8017221Z (node:3073) [DEP0040] DeprecationWarning: The `punycode` module is deprecated. Please use a userland alternative instead.
2026-09-04T07:40:01.8018430Z (Use `node --trace-deprecation ...` to show where the warning was created)
2026-09-04T07:40:01.8065263Z With the provided path, there will be 1 file uploaded
2026-09-04T07:40:01.8086289Z Artifact name is valid!
2026-09-04T07:40:01.8101564Z Root directory input is valid!
2026-09-04T07:40:02.1656791Z Beginning upload of artifact content to blob storage
2026-09-04T07:40:02.2014365Z (node:3073) [DEP0169] DeprecationWarning: `url.parse()` behavior is not standardized and prone to errors that have security implications. Use the WHATWG URL API instead. CVEs are not issued for `url.parse()` vulnerabilities.
2026-09-04T07:40:02.5721834Z Uploaded bytes 99994
2026-09-04T07:40:02.6360087Z Finished uploading artifact content to blob storage!
2026-09-04T07:40:02.6361628Z SHA256 digest of uploaded artifact zip is c0d0c030e2c48fbf3377b4f1eecd6863018030e52bff084fa6598fe1404cee19
2026-09-04T07:40:02.6363115Z Finalizing artifact upload
2026-09-04T07:40:02.8903287Z Artifact inotifywait-build (11).zip successfully finalized. Artifact ID 9927872955
2026-09-04T07:40:02.8904926Z Artifact inotifywait-build (11) has been successfully uploaded! Final size is 99994 bytes. Artifact ID is 9927872955
2026-09-04T07:40:02.8910330Z Artifact download URL: https://github.com/atanuroy911/gson/actions/runs/33849635845/artifacts/9927872955
2026-09-04T07:40:02.9100288Z Post job cleanup.
2026-09-04T07:40:03.0376822Z Cache hit occurred on the primary key setup-java-Linux-x64-maven-54d6cf3fdc484699667bbaed4dbae25f9a0a3aa7871d212484a098a067310682, not saving cache.
2026-09-04T07:40:03.0660991Z Post job cleanup.
2026-09-04T07:40:03.1596494Z [command]/usr/bin/git version
2026-09-04T07:40:03.1650530Z git version 2.55.0
2026-09-04T07:40:03.1693129Z Temporarily overriding HOME='/home/runner/work/_temp/73bb2194-62dd-4f31-bdb4-62f291992505' before making global git config changes
2026-09-04T07:40:03.1694665Z Adding repository directory to the temporary git global config as a safe directory
2026-09-04T07:40:03.1699786Z [command]/usr/bin/git config --global --add safe.directory /home/runner/work/gson/gson
2026-09-04T07:40:03.1751108Z Removing SSH command configuration
2026-09-04T07:40:03.1752082Z [command]/usr/bin/git config --local --name-only --get-regexp core\.sshCommand
2026-09-04T07:40:03.1789732Z [command]/usr/bin/git submodule foreach --recursive sh -c "git config --local --name-only --get-regexp 'core\.sshCommand' && git config --local --unset-all 'core.sshCommand' || :"
2026-09-04T07:40:03.2054710Z Removing HTTP extra header
2026-09-04T07:40:03.2059614Z [command]/usr/bin/git config --local --name-only --get-regexp http\.https\:\/\/github\.com\/\.extraheader
2026-09-04T07:40:03.2107665Z [command]/usr/bin/git submodule foreach --recursive sh -c "git config --local --name-only --get-regexp 'http\.https\:\/\/github\.com\/\.extraheader' && git config --local --unset-all 'http.https://github.com/.extraheader' || :"
2026-09-04T07:40:03.2389141Z Removing includeIf entries pointing to credentials config files
2026-09-04T07:40:03.2397823Z [command]/usr/bin/git config --local --name-only --get-regexp ^includeIf\.gitdir:
2026-09-04T07:40:03.2438387Z [command]/usr/bin/git submodule foreach --recursive git config --local --show-origin --name-only --get-regexp remote.origin.url
2026-09-04T07:40:03.2865567Z Node 20 is being deprecated. This workflow is running with Node 24 by default. If you need to temporarily use Node 20, you can set the ACTIONS_ALLOW_USE_UNSECURE_NODE_VERSION=true environment variable. For more information see: https://github.blog/changelog/2025-09-19-deprecation-of-node-20-on-github-actions-runners/
2026-09-04T07:40:03.2867822Z Post job cleanup.
2026-09-04T07:40:03.4079003Z (node:3190) [DEP0040] DeprecationWarning: The `punycode` module is deprecated. Please use a userland alternative instead.
2026-09-04T07:40:03.4079834Z (Use `node --trace-deprecation ...` to show where the warning was created)
2026-09-04T07:40:03.4250459Z Cleaning up orphan processes
2026-09-04T07:40:03.4601941Z Terminate orphan process: pid (2206) (python3)
2026-09-04T07:40:03.4618019Z ##[warning]Node.js 20 is deprecated. The following actions target Node.js 20 but are being forced to run on Node.js 24: actions/setup-python@v5, actions/upload-artifact@v4. For more information see: https://github.blog/changelog/2025-09-19-deprecation-of-node-20-on-github-actions-runners/
